06-27 18:39:30.932  1878  1937 V ShellRecents: RecentsTransitionHandler.startAnimation: no controller found
06-27 18:39:30.932  1878  1937 V WindowManagerShell: Transition doesn't have explicit remote, search filters for match for {id=839 t=OPEN f=0x0 trk=0 r=[0@Point(0, 0)] c=[{m=OPEN f=TRANSLUCENT leash=Surface(name=Task=19320)/@0x4314893 sb=Rect(0, 0 - 1600, 2560) eb=Rect(0, 0 - 1600, 2560) epz=Point(1600, 2560) d=0 taskParent=-1}]}
06-27 18:39:30.932  1878  1937 V WindowManagerShell:  Checking filter Pair{{types=[] flags=0x0] notFlags=0x100 checks=[{atype=home independent=true modes=[OPEN,TO_FRONT] flags=NONE mustBeTask=false order=TOP topActivity=ComponentInfo{com.android.launcher3/com.android.searchlauncher.SearchLauncher} launchCookie=null windowingMode=undefined},{atype=standard independent=true modes=[CLOSE,TO_BACK] flags=NONE mustBeTask=false order=ANY topActivity=null launchCookie=null windowingMode=undefined},{NOT atype=undefined independent=true modes=[] flags=NONE mustBeTask=true order=ANY topActivity=null launchCookie=null customAnim=true windowingMode=undefined}]} RemoteTransition { remoteTransition = android.window.IRemoteTransition$Stub$Proxy@3ba14b3, appThread = android.app.IApplicationThread$Stub$Proxy@dfb8a70, debugName = QuickstepLaunchHome }}
06-27 18:39:30.932  1878  1937 V WindowManagerShell:  Delegate animation for (#839) to null
06-27 18:39:30.932  1878  1937 V WindowManagerShell: start default transition animation, info = {id=839 t=OPEN f=0x0 trk=0 r=[0@Point(0, 0)] c=[{m=OPEN f=TRANSLUCENT leash=Surface(name=Task=19320)/@0x4314893 sb=Rect(0, 0 - 1600, 2560) eb=Rect(0, 0 - 1600, 2560) epz=Point(1600, 2560) d=0 taskParent=-1}]}
06-27 18:39:30.933  1878  1937 V WindowManagerShell: loadAnimation: anim=android.view.animation.AnimationSet@f4539fc animAttr=0x4 type=OPEN isEntrance=true
06-27 18:39:30.933  1878  1937 V WindowManagerShell:  animated by com.android.wm.shell.transition.DefaultTransitionHandler@e8948e9
06-27 18:39:30.935  1501  1586 V WindowManager: Sent Transition (#839) createdAt=06-27 18:39:30.877 via request=TransitionRequestInfo { type = OPEN, triggerTask = TaskInfo{userId=0 taskId=19320 effectiveUid=10142 displayId=0 isRunning=true baseIntent=Intent { flg=0x10800000 cmp=com.android.systemui/.usb.UsbPermissionActivity } baseActivity=ComponentInfo{com.android.systemui/com.android.systemui.usb.UsbPermissionActivity} topActivity=ComponentInfo{com.android.systemui/com.android.systemui.usb.UsbPermissionActivity} origActivity=null realActivity=ComponentInfo{com.android.systemui/com.android.systemui.usb.UsbPermissionActivity} numActivities=1 lastActiveTime=68987535 supportsMultiWindow=true resizeMode=1 isResizeable=true minWidth=-1 minHeight=-1 defaultMinSize=220 token=WCT{RemoteToken{105b5b Task{a7cdc57 #19320 type=standard A=10142:com.android.systemui}}} topActivityType=1 pictureInPictureParams=null shouldDockBigOverlays=false launchIntoPipHostTaskId=-1 lastParentTaskIdBeforePip=-1 displayCutoutSafeInsets=Rect(0, 0 - 0, 0) topActivityInfo=ActivityInfo{62ecff8 com.android.systemui.usb.UsbPermissionActivity} launchCookies=[] positionInParent=Point(0, 0) parentTaskId=-1 isFocused=false isVisible=false isVisibleRequested=false isTopActivityNoDisplay=false isSleeping=false locusId=null displayAreaFeatureId=1 isTopActivityTransparent=true isActivityStackTransparent=true lastNonFullscreenBounds=Rect(271, 480 - 1330, 2080) capturedLink=null capturedLinkTimestamp=0 requestedVisibleTypes=-9 topActivityRequestOpenInBrowserEducationTimestamp=0 appCompatTaskInfo=AppCompatTaskInfo { topActivityInSizeCompat=false eligibleForLetterboxEducation= false isLetterboxEducationEnabled= false isLetterboxDoubleTapEnabled= false eligibleForUserAspectRatioButton= false topActivityBoundsLetterboxed= false isFromLetterboxDoubleTap= false topActivityLetterboxVerticalPosition= -1 topActivityLetterboxHorizontalPosition= -1 topActivityLetterboxWidth=-1 topActivityLetterboxHeight=-1 topActivityAppBounds=Rect(0, 0 - 1600, 2560) isUserFullscreenOverrideEnabled=false isSystemFullscreenOverrideEnabled=false hasMinAspectRatioOverride=false topActivityLetterboxBounds=null cameraCompatTaskInfo=CameraCompatTaskInfo { freeformCameraCompatMode=inactive}} topActivityMainWindowFrame=null}, pipChange = null, remoteTransition = null, displayChange = null, flags = 0, debugId = 839 }
06-27 18:39:30.935  1501  1586 V WindowManager:     startWCT=WindowContainerTransaction { changes= {} hops= [] errorCallbackToken=null taskFragmentOrganizer=null }
06-27 18:39:30.935  1501  1586 V WindowManager:     info={id=839 t=OPEN f=0x0 trk=0 r=[0@Point(0, 0)] c=[
06-27 18:39:30.935  1501  1586 V WindowManager:         {WCT{RemoteToken{105b5b Task{a7cdc57 #19320 type=standard A=10142:com.android.systemui}}} m=OPEN f=TRANSLUCENT leash=Surface(name=Task=19320)/@0xc58165e sb=Rect(0, 0 - 1600, 2560) eb=Rect(0, 0 - 1600, 2560) epz=Point(1600, 2560) d=0 taskParent=-1}
06-27 18:39:30.935  1501  1586 V WindowManager:     ]}
06-27 18:39:30.935  1501  1501 D MBrainLocalService: notifyAppLifeCycle failed
06-27 18:39:30.951  1501  1501 I Telecom-WiredHeadsetManager: ACTION_HEADSET_PLUG event, plugged in: true, : WHC.oADA@DDM
06-27 18:39:30.951  1501  2126 I Telecom : CallAudioRouteController: Message received: CONNECT_WIRED_HEADSET=1, arg1=0: WHC.oADA->CARC.pM_CONNECT_WIRED_HEADSET@DDM
06-27 18:39:30.951  1501  2126 I Telecom : AudioRoute$Factory: createRetry; type=TYPE_WIRED_HEADSET, address=null, retryCount=2: WHC.oADA->CARC.pM_CONNECT_WIRED_HEADSET@DDM
06-27 18:39:30.951  1501  2126 I Telecom : AudioRoute$Factory: type: 2: WHC.oADA->CARC.pM_CONNECT_WIRED_HEADSET@DDM
06-27 18:39:31.087  1878  1937 V WindowManagerShell: Transition animation finished (aborted=false), notifying core (#839) android.os.BinderProxy@e93d4c3@0
06-27 18:39:31.087  1501  1586 V WindowManager: Finish Transition (#839): created at 06-27 18:39:30.877 collect-started=0.047ms request-sent=12.764ms started=14.501ms ready=23.289ms sent=53.283ms commit=8.32ms finished=210.111ms
06-27 18:39:31.088  1878  1937 V WindowManagerShell: Track 0 became idle
06-27 18:39:31.088  1878  1937 V WindowManagerShell: All active transition animations finished
06-27 18:39:31.097  1501  4480 D ActivityManager: getProcessesInErrorState callingUid=10387, CallingPid=5076
06-27 18:39:31.142  1501  4480 W ActivityManager: Foreground service started from background can not have location/camera/microphone access: service com.ludashi.benchmark/com.xj.landscape.launcher.devicemanagement.DeviceManagementService
06-27 18:39:31.355  1501  1569 D ActivityManager: getProcessesInErrorState callingUid=10387, CallingPid=5076
06-27 18:39:31.452  1501 20937 I Telecom : AudioRoute$Factory: createRetry; type=TYPE_WIRED_HEADSET, address=null, retryCount=1
06-27 18:39:31.452  1501 20937 I Telecom : AudioRoute$Factory: type: 2
06-27 18:39:31.598  1501  3023 D ActivityManager: getProcessesInErrorState callingUid=10387, CallingPid=5076
06-27 18:39:31.856  1501  1569 D ActivityManager: getProcessesInErrorState callingUid=10387, CallingPid=5076
06-27 18:39:32.100  1501  4594 D ActivityManager: getProcessesInErrorState callingUid=10387, CallingPid=5076
06-27 18:39:32.353  1501  4480 D BLASTSyncEngine: [DH_DEBUG]scheduleTimeout #840 success=true timeoutMs=5000 callback=com.android.server.wm.BLASTSyncEngine$SyncGroup$$ExternalSyntheticLambda2@44dbf21
06-27 18:39:32.354  1501  4480 D WindowManager: [SG_DEBUG]Set SyncGroup{id=840 name=Transition-CLOSE} on Task{a7cdc57 #19320 type=standard A=10142:com.android.systemui}
06-27 18:39:32.354  1501  4480 D WindowManager: [SG_DEBUG]Set SyncGroup{id=840 name=Transition-CLOSE} on ActivityRecord{182284758 u0 com.android.systemui/.usb.UsbPermissionActivity t19320 f}}
06-27 18:39:32.354  1878  1937 V WindowManagerShell: Transition requested (#840): android.os.BinderProxy@6088c48 TransitionRequestInfo { type = CLOSE, triggerTask = TaskInfo{userId=0 taskId=19320 effectiveUid=10142 displayId=0 isRunning=false baseIntent=Intent { flg=0x10800000 cmp=com.android.systemui/.usb.UsbPermissionActivity } baseActivity=null topActivity=null origActivity=null realActivity=ComponentInfo{com.android.systemui/com.android.systemui.usb.UsbPermissionActivity} numActivities=0 lastActiveTime=68987544 supportsMultiWindow=true resizeMode=1 isResizeable=true minWidth=-1 minHeight=-1 defaultMinSize=220 token=WCT{android.window.IWindowContainerToken$Stub$Proxy@411dae1} topActivityType=1 pictureInPictureParams=null shouldDockBigOverlays=false launchIntoPipHostTaskId=-1 lastParentTaskIdBeforePip=-1 displayCutoutSafeInsets=Rect(0, 0 - 0, 0) topActivityInfo=null launchCookies=[] positionInParent=Point(0, 0) parentTaskId=-1 isFocused=true isVisible=true isVisibleRequested=true isTopActivityNoDisplay=false isSleeping=false locusId=null displayAreaFeatureId=1 isTopActivityTransparent=false isActivityStackTransparent=true lastNonFullscreenBounds=Rect(271, 480 - 1330, 2080) capturedLink=null capturedLinkTimestamp=0 requestedVisibleTypes=-9 topActivityRequestOpenInBrowserEducationTimestamp=0 appCompatTaskInfo=AppCompatTaskInfo { topActivityInSizeCompat=false eligibleForLetterboxEducation= false isLetterboxEducationEnabled= false isLetterboxDoubleTapEnabled= false eligibleForUserAspectRatioButton= false topActivityBoundsLetterboxed= false isFromLetterboxDoubleTap= false topActivityLetterboxVerticalPosition= -1 topActivityLetterboxHorizontalPosition= -1 topActivityLetterboxWidth=-1 topActivityLetterboxHeight=-1 topActivityAppBounds=Rect(0, 0 - 0, 0) isUserFullscreenOverrideEnabled=false isSystemFullscreenOverrideEnabled=false hasMinAspectRatioOverride=false topActivityLetterboxBounds=null cameraCompatTaskInfo=CameraCompatTaskInfo { freeformCameraCompatMode=undefined}} topActivityMainWindowFrame=null}, pipChange = null, remoteTransition = null, displayChange = null, flags = 0, debugId = 840 }
06-27 18:39:32.356  1501  1501 E MBrainLocalService: notifyAppSwitch failed
06-27 18:39:32.359  1501  4480 D ActivityManager: getProcessesInErrorState callingUid=10387, CallingPid=5076
06-27 18:39:32.364  1501  1833 D BackgroundInstallControlService: Package event received: 0
06-27 18:39:32.364  1501  4480 W WindowManager: Changing focus from Window{238416b u0 com.android.systemui/com.android.systemui.usb.UsbPermissionActivity} to Window{32ede82 u0 com.kriniks.kcam.debug/com.kriniks.kcam.MainActivity} displayId=0 Callers=com.android.server.wm.RootWindowContainer.updateFocusedWindowLocked:466 com.android.server.wm.WindowManagerService.updateFocusedWindowLocked:6674 com.android.server.wm.ActivityTaskManagerService.setLastResumedActivityUncheckLocked:5192 com.android.server.wm.ActivityTaskSupervisor.updateTopResumedActivityIfNeeded:2375 
06-27 18:39:32.369  1501  1501 E MBrainLocalService: notifyAppSwitch failed
06-27 18:39:32.369  1501  4480 D WindowManager: [SG_DEBUG]Clear [finished]SyncGroup{id=840 name=Transition-CLOSE} on ActivityRecord{182284758 u0 com.android.systemui/.usb.UsbPermissionActivity t19320 f}}
06-27 18:39:32.369  1501  4480 D WindowManager: [SG_DEBUG]Clear [finished]SyncGroup{id=840 name=Transition-CLOSE} on Task{a7cdc57 #19320 type=standard A=10142:com.android.systemui}
06-27 18:39:32.371  1878  2169 V WindowManagerShell: onTransitionReady(transaction=6446745969256)
06-27 18:39:32.371  1878  1937 V WindowManagerShell: onTransitionReady (#840) android.os.BinderProxy@6088c48: {id=840 t=CLOSE f=0x0 trk=0 r=[0@Point(0, 0)] c=[
06-27 18:39:32.371  1878  1937 V WindowManagerShell:         {m=CHANGE f=MOVE_TO_TOP leash=Surface(name=Task=19314)/@0x750f006 sb=Rect(0, 0 - 1600, 2560) eb=Rect(0, 0 - 1600, 2560) epz=Point(1600, 2560) d=0 taskParent=-1},
06-27 18:39:32.371  1878  1937 V WindowManagerShell:         {m=CLOSE f=TRANSLUCENT leash=Surface(name=Task=19320)/@0x13c36c7 sb=Rect(0, 0 - 1600, 2560) eb=Rect(0, 0 - 1600, 2560) epz=Point(1600, 2560) d=0 taskParent=-1}
06-27 18:39:32.371  1878  1937 V WindowManagerShell:     ]}
06-27 18:39:32.371  1878  1937 V WindowManagerShell: Playing animation for (#840) android.os.BinderProxy@6088c48@0
06-27 18:39:32.371  1878  1937 V ShellRecents: RecentsTransitionHandler.startAnimation: no controller found
06-27 18:39:32.371  1878  1937 V WindowManagerShell: Transition doesn't have explicit remote, search filters for match for {id=840 t=CLOSE f=0x0 trk=0 r=[0@Point(0, 0)] c=[{m=CHANGE f=MOVE_TO_TOP leash=Surface(name=Task=19314)/@0x750f006 sb=Rect(0, 0 - 1600, 2560) eb=Rect(0, 0 - 1600, 2560) epz=Point(1600, 2560) d=0 taskParent=-1},{m=CLOSE f=TRANSLUCENT leash=Surface(name=Task=19320)/@0x13c36c7 sb=Rect(0, 0 - 1600, 2560) eb=Rect(0, 0 - 1600, 2560) epz=Point(1600, 2560) d=0 taskParent=-1}]}
06-27 18:39:32.371  1878  1937 V WindowManagerShell:  Checking filter Pair{{types=[] flags=0x0] notFlags=0x100 checks=[{atype=home independent=true modes=[OPEN,TO_FRONT] flags=NONE mustBeTask=false order=TOP topActivity=ComponentInfo{com.android.launcher3/com.android.searchlauncher.SearchLauncher} launchCookie=null windowingMode=undefined},{atype=standard independent=true modes=[CLOSE,TO_BACK] flags=NONE mustBeTask=false order=ANY topActivity=null launchCookie=null windowingMode=undefined},{NOT atype=undefined independent=true modes=[] flags=NONE mustBeTask=true order=ANY topActivity=null launchCookie=null customAnim=true windowingMode=undefined}]} RemoteTransition { remoteTransition = android.window.IRemoteTransition$Stub$Proxy@3ba14b3, appThread = android.app.IApplicationThread$Stub$Proxy@dfb8a70, debugName = QuickstepLaunchHome }}
06-27 18:39:32.371  1878  1937 V WindowManagerShell:  Delegate animation for (#840) to null
06-27 18:39:32.371  1878  1937 V WindowManagerShell: start default transition animation, info = {id=840 t=CLOSE f=0x0 trk=0 r=[0@Point(0, 0)] c=[{m=CHANGE f=MOVE_TO_TOP leash=Surface(name=Task=19314)/@0x750f006 sb=Rect(0, 0 - 1600, 2560) eb=Rect(0, 0 - 1600, 2560) epz=Point(1600, 2560) d=0 taskParent=-1},{m=CLOSE f=TRANSLUCENT leash=Surface(name=Task=19320)/@0x13c36c7 sb=Rect(0, 0 - 1600, 2560) eb=Rect(0, 0 - 1600, 2560) epz=Point(1600, 2560) d=0 taskParent=-1}]}
06-27 18:39:32.371  1878  1937 V WindowManagerShell: loadAnimation: anim=android.view.animation.AnimationSet@53b7863 animAttr=0x7 type=CLOSE isEntrance=false
06-27 18:39:32.372  1878  1937 V WindowManagerShell:  animated by com.android.wm.shell.transition.DefaultTransitionHandler@e8948e9
06-27 18:39:32.376  1501  4480 D BLASTSyncEngine: [DH_DEBUG]remove timeout #840 callback=com.android.server.wm.BLASTSyncEngine$SyncGroup$$ExternalSyntheticLambda2@44dbf21
06-27 18:39:32.376  1501  1586 V WindowManager: Sent Transition (#840) createdAt=06-27 18:39:32.353 via request=TransitionRequestInfo { type = CLOSE, triggerTask = TaskInfo{userId=0 taskId=19320 effectiveUid=10142 displayId=0 isRunning=false baseIntent=Intent { flg=0x10800000 cmp=com.android.systemui/.usb.UsbPermissionActivity } baseActivity=null topActivity=null origActivity=null realActivity=ComponentInfo{com.android.systemui/com.android.systemui.usb.UsbPermissionActivity} numActivities=0 lastActiveTime=68987544 supportsMultiWindow=true resizeMode=1 isResizeable=true minWidth=-1 minHeight=-1 defaultMinSize=220 token=WCT{RemoteToken{105b5b Task{a7cdc57 #19320 type=standard A=10142:com.android.systemui}}} topActivityType=1 pictureInPictureParams=null shouldDockBigOverlays=false launchIntoPipHostTaskId=-1 lastParentTaskIdBeforePip=-1 displayCutoutSafeInsets=Rect(0, 0 - 0, 0) topActivityInfo=null launchCookies=[] positionInParent=Point(0, 0) parentTaskId=-1 isFocused=true isVisible=true isVisibleRequested=true isTopActivityNoDisplay=false isSleeping=false locusId=null displayAreaFeatureId=1 isTopActivityTransparent=false isActivityStackTransparent=true lastNonFullscreenBounds=Rect(271, 480 - 1330, 2080) capturedLink=null capturedLinkTimestamp=0 requestedVisibleTypes=-9 topActivityRequestOpenInBrowserEducationTimestamp=0 appCompatTaskInfo=AppCompatTaskInfo { topActivityInSizeCompat=false eligibleForLetterboxEducation= false isLetterboxEducationEnabled= false isLetterboxDoubleTapEnabled= false eligibleForUserAspectRatioButton= false topActivityBoundsLetterboxed= false isFromLetterboxDoubleTap= false topActivityLetterboxVerticalPosition= -1 topActivityLetterboxHorizontalPosition= -1 topActivityLetterboxWidth=-1 topActivityLetterboxHeight=-1 topActivityAppBounds=Rect(0, 0 - 0, 0) isUserFullscreenOverrideEnabled=false isSystemFullscreenOverrideEnabled=false hasMinAspectRatioOverride=false topActivityLetterboxBounds=null cameraCompatTaskInfo=CameraCompatTaskInfo { freeformCameraCompatMode=undefined}} topActivityMainWindowFrame=null}, pipChange = null, remoteTransition = null, displayChange = null, flags = 0, debugId = 840 }
06-27 18:39:32.376  1501  1586 V WindowManager:     startWCT=WindowContainerTransaction { changes= {} hops= [] errorCallbackToken=null taskFragmentOrganizer=null }
06-27 18:39:32.376  1501  1586 V WindowManager:     info={id=840 t=CLOSE f=0x0 trk=0 r=[0@Point(0, 0)] c=[
06-27 18:39:32.376  1501  1586 V WindowManager:         {WCT{RemoteToken{f3fcae9 Task{1eafebe #19314 type=standard A=10500:com.kriniks.kcam.debug}}} m=CHANGE f=MOVE_TO_TOP leash=Surface(name=Task=19314)/@0x93e4ced sb=Rect(0, 0 - 1600, 2560) eb=Rect(0, 0 - 1600, 2560) epz=Point(1600, 2560) d=0 taskParent=-1},
06-27 18:39:32.376  1501  1586 V WindowManager:         {WCT{RemoteToken{105b5b Task{a7cdc57 #19320 type=standard A=10142:com.android.systemui}}} m=CLOSE f=TRANSLUCENT leash=Surface(name=Task=19320)/@0xc58165e sb=Rect(0, 0 - 1600, 2560) eb=Rect(0, 0 - 1600, 2560) epz=Point(1600, 2560) d=0 taskParent=-1}
06-27 18:39:32.376  1501  1586 V WindowManager:     ]}
06-27 18:39:32.381  1501  1833 D BackgroundInstallControlService: Package event received: 0
06-27 18:39:32.381  1501  1833 D BackgroundInstallControlService: Package event received: 0
06-27 18:39:32.392  1501  3023 W PackageConfigPersister: App-specific configuration not found for packageName: com.kriniks.kcam.debug and userId: 0
06-27 18:39:32.459  1501  1744 E WindowManager: Display reconfigured outside of a transition: Display{#0 state=ON size=1600x2560 ROTATION_0}
06-27 18:39:32.498  1878  1937 V WindowManagerShell: Transition animation finished (aborted=false), notifying core (#840) android.os.BinderProxy@6088c48@0
06-27 18:39:32.498  1501  1586 V WindowManager: Finish Transition (#840): created at 06-27 18:39:32.353 collect-started=0.092ms request-sent=0.14ms started=5.213ms ready=15.546ms sent=16.835ms commit=7.454ms finished=144.831ms
06-27 18:39:32.500  1878  1937 V WindowManagerShell: Track 0 became idle
06-27 18:39:32.500  1878  1937 V WindowManagerShell: All active transition animations finished
06-27 18:39:32.513  1501  3023 D CoreBackPreview: Window{238416b u0 com.android.systemui/com.android.systemui.usb.UsbPermissionActivity}: Setting back callback null
06-27 18:39:32.516  1501  3023 D WindowManager: setParent old=ActivityRecord{182284758 u0 com.android.systemui/.usb.UsbPermissionActivity t19320 f}},new=null,this window=Window{238416b u0 com.android.systemui/com.android.systemui.usb.UsbPermissionActivity},callers=com.android.server.wm.WindowContainer.removeChild:878 com.android.server.wm.ActivityRecord.removeChild:4483 com.android.server.wm.ActivityRecord.removeChild:386 com.android.server.wm.WindowContainer.removeImmediately:931 com.android.server.wm.WindowState.removeImmediately:2232 com.android.server.wm.WindowState.removeIfPossible:2421 
06-27 18:39:32.520  1501  3023 D WindowManager: setParent old=Task{a7cdc57 #19320 type=standard A=10142:com.android.systemui},new=null,this window=ActivityRecord{182284758 u0 com.android.systemui/.usb.UsbPermissionActivity t19320 f}},callers=com.android.server.wm.WindowContainer.removeChild:878 com.android.server.wm.TaskFragment.removeChild:3126 com.android.server.wm.Task.removeChild:1554 com.android.server.wm.Task.removeChild:1537 com.android.server.wm.WindowContainer.removeImmediately:931 com.android.server.wm.WindowToken.removeImmediately:337 
06-27 18:39:32.520  1501  1833 D BackgroundInstallControlService: Package event received: 0
06-27 18:39:32.521  1501  3023 D WindowManager: setParent old=DefaultTaskDisplayArea@19970422,new=null,this window=Task{a7cdc57 #19320 type=standard A=10142:com.android.systemui},callers=com.android.server.wm.WindowContainer.removeChild:878 com.android.server.wm.TaskDisplayArea.removeChildTask:350 com.android.server.wm.TaskDisplayArea.removeChild:341 com.android.server.wm.WindowContainer.removeImmediately:931 com.android.server.wm.TaskFragment.removeImmediately:3210 com.android.server.wm.Task.removeImmediately:2770 
06-27 18:39:32.601  1501  4594 D ActivityManager: getProcessesInErrorState callingUid=10387, CallingPid=5076
06-27 18:39:32.792  1501  1744 E WindowManager: Display reconfigured outside of a transition: Display{#0 state=ON size=1600x2560 ROTATION_0}
06-27 18:39:32.859  1501  1913 D ActivityManager: getProcessesInErrorState callingUid=10387, CallingPid=5076
06-27 18:39:33.102  1501  3023 D ActivityManager: getProcessesInErrorState callingUid=10387, CallingPid=5076
06-27 18:39:33.360  1501  3023 D ActivityManager: getProcessesInErrorState callingUid=10387, CallingPid=5076
06-27 18:39:33.603  1501  3023 D ActivityManager: getProcessesInErrorState callingUid=10387, CallingPid=5076
06-27 18:39:33.861  1501  1913 D ActivityManager: getProcessesInErrorState callingUid=10387, CallingPid=5076
06-27 18:39:34.105  1501  1913 D ActivityManager: getProcessesInErrorState callingUid=10387, CallingPid=5076
06-27 18:39:34.229  1501  1913 D CoreBackPreview: startBackNavigation currentTask=Task{1eafebe #19314 type=standard A=10500:com.kriniks.kcam.debug}, topRunningActivity=ActivityRecord{22319481 u0 com.kriniks.kcam.debug/com.kriniks.kcam.MainActivity t19314}, callbackInfo=OnBackInvokedCallbackInfo{mCallback=android.window.IOnBackInvokedCallback$Stub$Proxy@42c2bef, mPriority=0, mIsAnimationCallback=false, mOverrideBehavior=0}, currentFocus=Window{32ede82 u0 com.kriniks.kcam.debug/com.kriniks.kcam.MainActivity}
06-27 18:39:34.230  1878  1937 D ShellBackPreview: Received backNavigationInfo:BackNavigationInfo{mType=TYPE_CALLBACK (4), mOnBackNavigationDone=android.os.RemoteCallback@73b66b6, mOnBackInvokedCallback=android.window.IOnBackInvokedCallback$Stub$Proxy@45a5fb7, mPrepareRemoteAnimation=false, mAnimationCallback=false, mCustomizeAnimationInfo=null}
06-27 18:39:34.362  1501  1913 D ActivityManager: getProcessesInErrorState callingUid=10387, CallingPid=5076
06-27 18:39:34.452  1878  1937 D ShellBackPreview: Finishing gesture with event action: 3
06-27 18:39:34.453  1878  1937 D ShellBackPreview: onGestureFinished() mTriggerBack == false
06-27 18:39:34.453  1878  1937 D ShellBackPreview: Trigger back without dispatching to animator.
06-27 18:39:34.453  1878  1937 D ShellBackPreview: BackAnimationController: finishBackNavigation()
06-27 18:39:34.453  1501  1913 D CoreBackPreview: onBackNavigationDone backType=4, triggerBack=false
06-27 18:39:34.606  1501  1913 D ActivityManager: getProcessesInErrorState callingUid=10387, CallingPid=5076
06-27 18:39:34.863  1501  3023 D ActivityManager: getProcessesInErrorState callingUid=10387, CallingPid=5076
06-27 18:39:35.107  1501  2139 D ActivityManager: getProcessesInErrorState callingUid=10387, CallingPid=5076
06-27 18:39:35.364  1501  2139 D ActivityManager: getProcessesInErrorState callingUid=10387, CallingPid=5076
06-27 18:39:35.609  1501  2139 D ActivityManager: getProcessesInErrorState callingUid=10387, CallingPid=5076
06-27 18:39:35.865  1501  3023 D ActivityManager: getProcessesInErrorState callingUid=10387, CallingPid=5076
06-27 18:39:36.110  1501  2139 D ActivityManager: getProcessesInErrorState callingUid=10387, CallingPid=5076
06-27 18:39:36.366  1501  2139 D ActivityManager: getProcessesInErrorState callingUid=10387, CallingPid=5076
06-27 18:39:36.611  1501  4594 D ActivityManager: getProcessesInErrorState callingUid=10387, CallingPid=5076
06-27 18:39:36.868  1501  2139 D ActivityManager: getProcessesInErrorState callingUid=10387, CallingPid=5076
06-27 18:39:37.113  1501  4594 D ActivityManager: getProcessesInErrorState callingUid=10387, CallingPid=5076
06-27 18:39:37.369  1501  4594 D ActivityManager: getProcessesInErrorState callingUid=10387, CallingPid=5076
06-27 18:39:37.614  1501  4594 D ActivityManager: getProcessesInErrorState callingUid=10387, CallingPid=5076
06-27 18:39:37.869  1501  2139 D ActivityManager: getProcessesInErrorState callingUid=10387, CallingPid=5076
06-27 18:39:37.910  1501  1501 D MBrainLocalService: notifyNetworkChange failed
06-27 18:39:38.116  1501  3023 D ActivityManager: getProcessesInErrorState callingUid=10387, CallingPid=5076
06-27 18:39:38.371  1501  3023 D ActivityManager: getProcessesInErrorState callingUid=10387, CallingPid=5076
06-27 18:39:38.618  1501  3023 D ActivityManager: getProcessesInErrorState callingUid=10387, CallingPid=5076
06-27 18:39:38.873  1501  1913 D ActivityManager: getProcessesInErrorState callingUid=10387, CallingPid=5076
06-27 18:39:39.120  1501  1913 D ActivityManager: getProcessesInErrorState callingUid=10387, CallingPid=5076
06-27 18:39:39.375  1501  4594 D ActivityManager: getProcessesInErrorState callingUid=10387, CallingPid=5076
06-27 18:39:39.623  1501  1913 D ActivityManager: getProcessesInErrorState callingUid=10387, CallingPid=5076
06-27 18:39:39.876  1501  4594 D ActivityManager: getProcessesInErrorState callingUid=10387, CallingPid=5076
06-27 18:39:40.125  1501  4594 D ActivityManager: getProcessesInErrorState callingUid=10387, CallingPid=5076
06-27 18:39:40.378  1501  4594 D ActivityManager: getProcessesInErrorState callingUid=10387, CallingPid=5076
06-27 18:39:40.626  1501  4594 D ActivityManager: getProcessesInErrorState callingUid=10387, CallingPid=5076
06-27 18:39:40.877  1501  1731 D ActivityManager: freezing 29143 com.viber.voip
06-27 18:39:40.880  1501  1913 D ActivityManager: getProcessesInErrorState callingUid=10387, CallingPid=5076
06-27 18:39:40.882  1501  1731 D ActivityManager: freezing 11875 com.android.chrome:privileged_process0
06-27 18:39:40.883  1501  1731 D ActivityManager: freezing 11932 com.android.chrome:sandboxed_process0:org.chromium.content.app.SandboxedProcessService0:0
06-27 18:39:40.885  1501  1731 D ActivityManager: freezing 11828 com.android.chrome
06-27 18:39:41.071  1501  1731 D ActivityManager: freezing 13073 org.fdroid.fdroid
06-27 18:39:41.072  1501  1731 D ActivityManager: freezing 5117 com.tailscale.ipn
06-27 18:39:41.074  1501  1731 D ActivityManager: freezing 25191 com.google.android.projection.gearhead:car
06-27 18:39:41.075  1501  1731 D ActivityManager: freezing 22269 com.alibaba.intl.android.apps.poseidon:channel
06-27 18:39:41.077  1501  1731 D ActivityManager: freezing 12660 com.alibaba.intl.android.apps.poseidon
06-27 18:39:41.081  1501  1731 D ActivityManager: freezing 19592 com.android.DeviceAsWebcam
06-27 18:39:41.083  1501  1731 D ActivityManager: freezing 3189 android.process.media
06-27 18:39:41.089  1501  1731 D ActivityManager: freezing 29212 com.google.android.webview:sandboxed_process0:org.chromium.content.app.SandboxedProcessService0:0
06-27 18:39:41.127  1501  1913 D ActivityManager: getProcessesInErrorState callingUid=10387, CallingPid=5076
06-27 18:39:41.383  1501  1913 D ActivityManager: getProcessesInErrorState callingUid=10387, CallingPid=5076
06-27 18:39:41.630  1501  1913 D ActivityManager: getProcessesInErrorState callingUid=10387, CallingPid=5076
06-27 18:39:41.885  1501  1913 D ActivityManager: getProcessesInErrorState callingUid=10387, CallingPid=5076
06-27 18:39:42.025  1501  1913 W ProcessStats: Tracking association SourceState{d7cc9c7 com.maxmpz.audioplayer/10211 Service #108546} whose proc state 8 is better than process ProcessState{45ca661 com.android.externalstorage/10046 pkg=com.android.externalstorage} proc state 10 (7 skipped)
06-27 18:39:42.132  1501  4594 D ActivityManager: getProcessesInErrorState callingUid=10387, CallingPid=5076
06-27 18:39:42.387  1501  4594 D ActivityManager: getProcessesInErrorState callingUid=10387, CallingPid=5076
06-27 18:39:42.634  1501  4594 D ActivityManager: getProcessesInErrorState callingUid=10387, CallingPid=5076
06-27 18:39:42.890  1501  1913 D ActivityManager: getProcessesInErrorState callingUid=10387, CallingPid=5076
06-27 18:39:43.136  1501  1913 D ActivityManager: getProcessesInErrorState callingUid=10387, CallingPid=5076
06-27 18:39:43.392  1501  1913 D ActivityManager: getProcessesInErrorState callingUid=10387, CallingPid=5076
06-27 18:39:43.639  1501  1913 D ActivityManager: getProcessesInErrorState callingUid=10387, CallingPid=5076
06-27 18:39:43.894  1501  4594 D ActivityManager: getProcessesInErrorState callingUid=10387, CallingPid=5076
06-27 18:39:44.141  1501  1913 D ActivityManager: getProcessesInErrorState callingUid=10387, CallingPid=5076
06-27 18:39:44.396  1501  1913 D ActivityManager: getProcessesInErrorState callingUid=10387, CallingPid=5076
06-27 18:39:44.567  1501  1721 W AppOps  : Noting op not finished: uid 10106 pkg com.google.android.gms code 79 startTime of in progress event=1782567293037
06-27 18:39:44.570  1501  1913 W AppOps  : Noting op not finished: uid 10360 pkg com.google.android.apps.fitness code 79 startTime of in progress event=1782574660101
06-27 18:39:44.644  1501  1913 D ActivityManager: getProcessesInErrorState callingUid=10387, CallingPid=5076
06-27 18:39:44.899  1501  4594 D ActivityManager: getProcessesInErrorState callingUid=10387, CallingPid=5076
06-27 18:39:45.146  1501  4594 D ActivityManager: getProcessesInErrorState callingUid=10387, CallingPid=5076
06-27 18:39:45.401  1501  4594 D ActivityManager: getProcessesInErrorState callingUid=10387, CallingPid=5076
06-27 18:39:45.572  1501  4594 W AppOps  : Noting op not finished: uid 10360 pkg com.google.android.apps.fitness code 79 startTime of in progress event=1782574660101
06-27 18:39:45.648  1501  4594 D ActivityManager: getProcessesInErrorState callingUid=10387, CallingPid=5076
06-27 18:39:45.903  1501  1913 D ActivityManager: getProcessesInErrorState callingUid=10387, CallingPid=5076
06-27 18:39:46.032  1501  1913 W ActivityManager: Unbind failed: could not find connection for android.os.BinderProxy@4660206
06-27 18:39:46.034  1501  1913 W ActivityManager: Unable to start service Intent { act=android.telephony.satellite.SatelliteService xflg=0x4 pkg=com.mediatek.satellite.service } U=0: not found
06-27 18:39:46.151  1501  1913 D ActivityManager: getProcessesInErrorState callingUid=10387, CallingPid=5076
06-27 18:39:46.406  1501  1913 D ActivityManager: getProcessesInErrorState callingUid=10387, CallingPid=5076
06-27 18:39:46.653  1501  4594 D ActivityManager: getProcessesInErrorState callingUid=10387, CallingPid=5076
06-27 18:39:46.908  1501  1913 D ActivityManager: getProcessesInErrorState callingUid=10387, CallingPid=5076
06-27 18:39:46.967  1501  1501 D MBrainLocalService: notifyNetworkChange failed
06-27 18:39:47.156  1501  1569 D ActivityManager: getProcessesInErrorState callingUid=10387, CallingPid=5076
06-27 18:39:47.411  1501  1569 D ActivityManager: getProcessesInErrorState callingUid=10387, CallingPid=5076
06-27 18:39:47.658  1501  1569 D ActivityManager: getProcessesInErrorState callingUid=10387, CallingPid=5076
06-27 18:39:47.913  1501  4594 D ActivityManager: getProcessesInErrorState callingUid=10387, CallingPid=5076
06-27 18:39:48.160  1501  4594 D ActivityManager: getProcessesInErrorState callingUid=10387, CallingPid=5076
06-27 18:39:48.416  1501  4594 D ActivityManager: getProcessesInErrorState callingUid=10387, CallingPid=5076
06-27 18:39:48.662  1501  1569 D ActivityManager: getProcessesInErrorState callingUid=10387, CallingPid=5076
06-27 18:39:48.918  1501  4594 D ActivityManager: getProcessesInErrorState callingUid=10387, CallingPid=5076
06-27 18:39:49.165  1501  4594 D ActivityManager: getProcessesInErrorState callingUid=10387, CallingPid=5076
06-27 18:39:49.421  1501  4594 D ActivityManager: getProcessesInErrorState callingUid=10387, CallingPid=5076
06-27 18:39:49.667  1501  1569 D ActivityManager: getProcessesInErrorState callingUid=10387, CallingPid=5076
06-27 18:39:49.923  1501  4594 D ActivityManager: getProcessesInErrorState callingUid=10387, CallingPid=5076
06-27 18:39:49.986  1501  1501 D MBrainLocalService: notifyNetworkChange failed
06-27 18:39:50.169  1501  1569 D ActivityManager: getProcessesInErrorState callingUid=10387, CallingPid=5076
06-27 18:39:50.426  1501  1569 D ActivityManager: getProcessesInErrorState callingUid=10387, CallingPid=5076
06-27 18:39:50.672  1501  1913 D ActivityManager: getProcessesInErrorState callingUid=10387, CallingPid=5076
06-27 18:39:50.928  1501  1569 D ActivityManager: getProcessesInErrorState callingUid=10387, CallingPid=5076
06-27 18:39:51.174  1501  1569 D ActivityManager: getProcessesInErrorState callingUid=10387, CallingPid=5076
06-27 18:39:51.431  1501  1569 D ActivityManager: getProcessesInErrorState callingUid=10387, CallingPid=5076
06-27 18:39:51.676  1501  1569 D ActivityManager: getProcessesInErrorState callingUid=10387, CallingPid=5076
06-27 18:39:51.933  1501  1913 D ActivityManager: getProcessesInErrorState callingUid=10387, CallingPid=5076
06-27 18:39:52.006  1501  1913 I UsbPortManager: AIDL UsbDataStatus:1
06-27 18:39:52.007  1501  1913 I UsbPortManager: ClientCallback AIDL V1: port0
06-27 18:39:52.007  1501  1586 I UsbPortManager: USB port changed: port=UsbPort{id=port0, supportedModes=dual, supportedContaminantProtectionModes=0, supportsEnableContaminantPresenceProtection=false, supportsEnableContaminantPresenceDetection=false, supportsComplianceWarnings=false, status=UsbPortStatus{connected=false, currentMode=none, currentPowerRole=no-power, currentDataRole=no-data, supportedRoleCombinations=[no-power:no-data], contaminantDetectionStatus=0, contaminantProtectionStatus=0, usbDataStatus=enabled, isPowerTransferLimited=false, powerBrickConnectionStatus=unknown, complianceWarnings=[], plugState=0, displayPortAltModeInfo=null}, canChangeMode=true, canChangePowerRole=false, canChangeDataRole=false, connectedAtMillis=0, lastConnectDurationMillis=22103
06-27 18:39:52.018  1501  1913 I UsbPortManager: AIDL UsbDataStatus:1
06-27 18:39:52.018  1501  1913 I UsbPortManager: ClientCallback AIDL V1: port0
06-27 18:39:52.018  1501  1614 I UsbAlsaManager: Unknown type file(controlC1) added.
06-27 18:39:52.019  1501  1913 I UsbPortManager: AIDL UsbDataStatus:1
06-27 18:39:52.019  1501  1913 I UsbPortManager: ClientCallback AIDL V1: port0
06-27 18:39:52.019  1501  1744 E WindowManager: Display reconfigured outside of a transition: Display{#0 state=ON size=1600x2560 ROTATION_0}
06-27 18:39:52.019  1501  1569 I UsbPortManager: AIDL UsbDataStatus:1
06-27 18:39:52.019  1501  1569 I UsbPortManager: ClientCallback AIDL V1: port0
06-27 18:39:52.020  1501  1569 I UsbPortManager: AIDL UsbDataStatus:1
06-27 18:39:52.020  1501  1569 I UsbPortManager: ClientCallback AIDL V1: port0
06-27 18:39:52.026  1501  3023 I UsbPortManager: AIDL UsbDataStatus:1
06-27 18:39:52.026  1501  3023 I UsbPortManager: ClientCallback AIDL V1: port0
06-27 18:39:52.036  1501  1877 D UsbHostManager: Removed device at /dev/bus/usb/001/002: EMEET Piko+
06-27 18:39:52.037  1501  1877 I UsbAlsaManager: USB Audio Device Removed: UsbAlsaDevice: [card: 1, device: 0, name: EMEET Piko+, hasOutput: false, hasInput: true]
06-27 18:39:52.037  1501  1877 I UsbAlsaManager: waitForAlsaDevice for device card=1, isAdded=false, found=false
06-27 18:39:52.037  1501  1877 D UsbAlsaDevice: Unable to set device connection state as OUTPUT device type is none
06-27 18:39:52.037  1501  1877 I UsbAlsaDevice: INPUT JACK connected: true
06-27 18:39:52.053  1501  1598 D ActivityManager: sync unfroze 3189 android.process.media for 3
06-27 18:39:52.061  1501  1598 D ActivityManager: sync unfroze 13073 org.fdroid.fdroid for 3
06-27 18:39:52.075  1501  1731 D ActivityManager: freezing 20789 com.maxmpz.audioplayer
06-27 18:39:52.079  1501  1731 D ActivityManager: freezing 14827 com.android.externalstorage
06-27 18:39:52.103  1501  1501 I Telecom-WiredHeadsetManager: ACTION_HEADSET_PLUG event, plugged in: false, : WHC.oADR@DDY
06-27 18:39:52.104  1501  2126 I Telecom : CallAudioRouteController: Message received: DISCONNECT_WIRED_HEADSET=2, arg1=0: WHC.oADR->CARC.pM_DISCONNECT_WIRED_HEADSET@DDY
06-27 18:39:52.104  1501  2126 I Telecom : AudioRoute$Factory: createRetry; type=TYPE_EARPIECE, address=null, retryCount=2: WHC.oADR->CARC.pM_DISCONNECT_WIRED_HEADSET@DDY
06-27 18:39:52.104  1501  2126 I Telecom : AudioRoute$Factory: type: 2: WHC.oADR->CARC.pM_DISCONNECT_WIRED_HEADSET@DDY
06-27 18:39:52.129  1501  1877 D UsbHostManager: Removed device at /dev/bus/usb/002/001 was already gone
06-27 18:39:52.138  1501  1877 D UsbHostManager: Removed device at /dev/bus/usb/001/001 was already gone
06-27 18:39:52.178  1501  1569 D ActivityManager: getProcessesInErrorState callingUid=10387, CallingPid=5076
06-27 18:39:52.435  1501  3023 D ActivityManager: getProcessesInErrorState callingUid=10387, CallingPid=5076
06-27 18:39:52.605  1501 20937 I Telecom : AudioRoute$Factory: createRetry; type=TYPE_EARPIECE, address=null, retryCount=1
06-27 18:39:52.605  1501 20937 I Telecom : AudioRoute$Factory: type: 2
06-27 18:39:52.680  1501  3023 D ActivityManager: getProcessesInErrorState callingUid=10387, CallingPid=5076
06-27 18:39:52.938  1501  1569 D ActivityManager: getProcessesInErrorState callingUid=10387, CallingPid=5076
06-27 18:39:53.018  1501  1598 D ActivityManager: sync unfroze 22269 com.alibaba.intl.android.apps.poseidon:channel for 3
06-27 18:39:53.021  1501  1598 D ActivityManager: sync unfroze 12660 com.alibaba.intl.android.apps.poseidon for 3
06-27 18:39:53.023  1501  1501 D UsbIntentReceiver: notifyChange failed
06-27 18:39:53.028  1501  1598 D ActivityManager: sync unfroze 25191 com.google.android.projection.gearhead:car for 3
06-27 18:39:53.029  1501  1598 D ActivityManager: sync unfroze 19592 com.android.DeviceAsWebcam for 3
06-27 18:39:53.043  1501  1598 D ActivityManager: sync unfroze 20789 com.maxmpz.audioplayer for 3
06-27 18:39:53.044  1501  1501 D MBrainLocalService: notifyNetworkChange failed
06-27 18:39:53.106  1501  2126 I Telecom : CallAudioRouteController: updateCallAudioState: updating call audio state to [AudioState isMuted: false, route: SPEAKER, supportedRouteMask: SPEAKER, activeBluetoothDevice: [null], supportedBluetoothDevices: []]: WHC.oADR->CARC.pM_DISCONNECT_WIRED_HEADSET@DDY
06-27 18:39:53.106  1501  2126 I Telecom : CallEndpointController: onCallAudioStateChanged, audioState: [AudioState isMuted: false, route: SPEAKER, supportedRouteMask: SPEAKER, activeBluetoothDevice: [], supportedBluetoothDevices: []] -> [AudioState isMuted: false, route: SPEAKER, supportedRouteMask: SPEAKER, activeBluetoothDevice: [], supportedBluetoothDevices: []]: WHC.oADR->CARC.pM_DISCONNECT_WIRED_HEADSET@DDY
06-27 18:39:53.182  1501  3023 D ActivityManager: getProcessesInErrorState callingUid=10387, CallingPid=5076
06-27 18:39:53.199  1501  3023 D ActivityManager: sync unfroze 14827 com.android.externalstorage for 7
06-27 18:39:53.233  1878  1937 V ShellRecents: RecentsTransitionHandler.startRecentsTransition
06-27 18:39:53.234  1878  1937 V WindowManagerShell: Directly starting a new transition type=TO_FRONT wct=WindowContainerTransaction { changes= {} hops= [{pendingIntent: options=Bundle[{android.activity.splashScreenStyle=-1, android.activity.sourceInfo=Supplier{VAL_PARCELABLE@148+104}, android.pendingIntent.backgroundActivityAllowed=3, android:activity.animAbortListener=null, android.activity.transientLaunch=true}]}] errorCallbackToken=null taskFragmentOrganizer=null } handler=com.android.wm.shell.recents.RecentsTransitionHandler@61a5696
06-27 18:39:53.235  1501  1913 D BLASTSyncEngine: [DH_DEBUG]scheduleTimeout #841 success=true timeoutMs=5000 callback=com.android.server.wm.BLASTSyncEngine$SyncGroup$$ExternalSyntheticLambda2@2cefb66
06-27 18:39:53.237  1501  1913 D WindowManager: [SG_DEBUG]Set SyncGroup{id=841 name=Transition-TO_FRONT} on ActivityRecord{144798387 u0 com.android.launcher3/com.android.searchlauncher.SearchLauncher t19132}
06-27 18:39:53.241  1501  1833 D BackgroundInstallControlService: Package event received: 0
06-27 18:39:53.241  1501  1833 D BackgroundInstallControlService: Package event received: 0
06-27 18:39:53.245  1501  1501 E MBrainLocalService: notifyAppSwitch failed
06-27 18:39:53.246  1878  1937 V ShellRecents: [172977805] RecentsController.setTransition: id=android.os.BinderProxy@22eb324
06-27 18:39:53.249  1501  1569 I WindowManager: Relayout Window{ca09ddb u0 GoogleDiscoverWindow}: oldVis=8 newVis=0 focusMayChange = true requestedWidth = 1600 requestedHeight = 2560 outFrames = ClientWindowFrames{frame=[0,0][1600,2560] display=[0,0][1600,2560] parentFrame=[0,0][0,0]} outSurfaceControl = Surface(name=GoogleDiscoverWindow)/@0x4c8cefd
06-27 18:39:53.249  1501  1833 D BackgroundInstallControlService: Package event received: 0
06-27 18:39:53.251  1501  2139 I WindowManager: Relayout Window{1d067d5 u0 com.android.launcher3/com.android.searchlauncher.SearchLauncher}: oldVis=4 newVis=0 focusMayChange = true requestedWidth = 1600 requestedHeight = 2560 outFrames = ClientWindowFrames{frame=[0,0][1600,2560] display=[0,0][1600,2560] parentFrame=[0,0][0,0]} outSurfaceControl = Surface(name=com.android.launcher3/com.android.searchlauncher.SearchLauncher)/@0xcd72e43
06-27 18:39:53.255  1501  1590 D WindowManager: [SG_DEBUG]Set SyncGroup{id=841 name=Transition-TO_FRONT} on WallpaperWindowToken{355f2c7 showWhenLocked=true}
06-27 18:39:53.262  1501  1590 D WindowManager: [SG_DEBUG]Clear [finished]SyncGroup{id=841 name=Transition-TO_FRONT} on ActivityRecord{144798387 u0 com.android.launcher3/com.android.searchlauncher.SearchLauncher t19132}
06-27 18:39:53.262  1501  1590 D WindowManager: [SG_DEBUG]Clear [finished]SyncGroup{id=841 name=Transition-TO_FRONT} on WallpaperWindowToken{355f2c7 showWhenLocked=true}
06-27 18:39:53.263  1501  1590 D BLASTSyncEngine: [DH_DEBUG]remove timeout #841 callback=com.android.server.wm.BLASTSyncEngine$SyncGroup$$ExternalSyntheticLambda2@2cefb66
06-27 18:39:53.265  1878 17223 V WindowManagerShell: onTransitionReady(transaction=6446745969294)
06-27 18:39:53.265  1878  1937 V WindowManagerShell: onTransitionReady (#841) android.os.BinderProxy@22eb324: {id=841 t=TO_FRONT f=0x80 trk=0 r=[0@Point(0, 0)] c=[
06-27 18:39:53.265  1878  1937 V WindowManagerShell:         {m=TO_FRONT f=SHOW_WALLPAPER|MOVE_TO_TOP leash=Surface(name=Task=19131)/@0x58f3842 sb=Rect(0, 0 - 1600, 2560) eb=Rect(0, 0 - 1600, 2560) epz=Point(1600, 2560) d=0 taskParent=-1},
06-27 18:39:53.265  1878  1937 V WindowManagerShell:         {m=TO_BACK f=NONE leash=Surface(name=Task=19314)/@0x62b4053 sb=Rect(0, 0 - 1600, 2560) eb=Rect(0, 0 - 1600, 2560) epz=Point(1600, 2560) d=0 taskParent=-1},
06-27 18:39:53.265  1878  1937 V WindowManagerShell:         {m=TO_FRONT f=IS_WALLPAPER leash=Surface(name=WallpaperWindowToken{355f2c7 showWhenLocked=false})/@0x135dd90 sb=Rect(0, 0 - 1600, 2560) eb=Rect(0, 0 - 1600, 2560) epz=Point(1600, 2560) d=0}
06-27 18:39:53.265  1878  1937 V WindowManagerShell:     ]}
06-27 18:39:53.265  1878  1937 V WindowManagerShell: Playing animation for (#841) android.os.BinderProxy@22eb324@0
06-27 18:39:53.265  1878  1937 V WindowManagerShell:  try firstHandler com.android.wm.shell.recents.RecentsTransitionHandler@61a5696
06-27 18:39:53.265  1878  1937 V ShellRecents: [172977805] RecentsController.start
06-27 18:39:53.266  1501  1586 V WindowManager: Sent Transition (#841) createdAt=06-27 18:39:53.234
06-27 18:39:53.266  1501  1586 V WindowManager:     startWCT=WindowContainerTransaction { changes= {} hops= [{pendingIntent: options=Bundle[{android.activity.splashScreenStyle=-1, android.activity.sourceInfo=android.app.ActivityOptions$SourceInfo@7d8113e, android.pendingIntent.backgroundActivityAllowed=3, android:activity.animAbortListener=null, android.activity.transientLaunch=true}]}] errorCallbackToken=null taskFragmentOrganizer=null }
06-27 18:39:53.266  1501  1586 V WindowManager:     info={id=841 t=TO_FRONT f=0x80 trk=0 r=[0@Point(0, 0)] c=[
06-27 18:39:53.266  1501  1586 V WindowManager:         {WCT{RemoteToken{f2bb68e Task{631d073 #19131 type=home}}} m=TO_FRONT f=SHOW_WALLPAPER|MOVE_TO_TOP leash=Surface(name=Task=19131)/@0x11f35ad sb=Rect(0, 0 - 1600, 2560) eb=Rect(0, 0 - 1600, 2560) epz=Point(1600, 2560) d=0 taskParent=-1},
06-27 18:39:53.266  1501  1586 V WindowManager:         {WCT{RemoteToken{f3fcae9 Task{1eafebe #19314 type=standard A=10500:com.kriniks.kcam.debug}}} m=TO_BACK f=NONE leash=Surface(name=Task=19314)/@0x93e4ced sb=Rect(0, 0 - 1600, 2560) eb=Rect(0, 0 - 1600, 2560) epz=Point(1600, 2560) d=0 taskParent=-1},
06-27 18:39:53.266  1501  1586 V WindowManager:         {m=TO_FRONT f=IS_WALLPAPER leash=Surface(name=WallpaperWindowToken{355f2c7 showWhenLocked=false})/@0x2f48de1 sb=Rect(0, 0 - 1600, 2560) eb=Rect(0, 0 - 1600, 2560) epz=Point(1600, 2560) d=0}
06-27 18:39:53.266  1501  1586 V WindowManager:     ]}
06-27 18:39:53.266  1878  1937 V ShellRecents:   not handling home taskId=19131
06-27 18:39:53.267  1501  1833 D BackgroundInstallControlService: Package event received: 0
06-27 18:39:53.267  1878  1937 V ShellRecents:   adding pausing leaf taskId=19314 at layer=8
06-27 18:39:53.268  1878  1937 V ShellRecents: Applying transaction=6446745969294
06-27 18:39:53.268  1878  1937 V ShellRecents: No matching remote found to takeover (#841)
06-27 18:39:53.268  1878  1937 V ShellSplitScreen: getSplitBoundsForTaskId: expected split bounds for taskId=19314 but not found
06-27 18:39:53.268  1878  1937 V ShellRecents: [172977805] RecentsController.start: calling onAnimationStart with 2 apps
06-27 18:39:53.269  1878  1937 V WindowManagerShell:  animated by firstHandler
06-27 18:39:53.271  1501  1589 W ProcessStats: Tracking association SourceState{d7cc9c7 com.maxmpz.audioplayer/10211 Service #108568} whose proc state 8 is better than process ProcessState{45ca661 com.android.externalstorage/10046 pkg=com.android.externalstorage} proc state 14 (0 skipped)
06-27 18:39:53.295  1878  1937 V ShellRecents: [172977805] RecentsController.setInputConsumerEnabled: set focus to recents
06-27 18:39:53.300  1501  3023 W WindowManager: Changing focus from Window{32ede82 u0 com.kriniks.kcam.debug/com.kriniks.kcam.MainActivity} to Window{1d067d5 u0 com.android.launcher3/com.android.searchlauncher.SearchLauncher} displayId=0 Callers=com.android.server.wm.RootWindowContainer.updateFocusedWindowLocked:466 com.android.server.wm.WindowManagerService.updateFocusedWindowLocked:6674 com.android.server.wm.ActivityTaskManagerService.setLastResumedActivityUncheckLocked:5192 com.android.server.wm.ActivityTaskManagerService.setFocusedTask:2112 
06-27 18:39:53.305  1501  1753 E HandwritingModeController: Cannot get requestId: Handwriting was not initialized.
06-27 18:39:53.314  1878 17223 V ShellRecents: [172977805] RecentsController.detachNavigationBarFromApp
06-27 18:39:53.316  1878  1937 D WindowManagerShell: setLauncherKeepClearAreaHeight: visible=true, height=342
06-27 18:39:53.317  1501  1833 D BackgroundInstallControlService: Package event received: 0
06-27 18:39:53.322  1501  1833 D BackgroundInstallControlService: Package event received: 0
06-27 18:39:53.329  1501  2139 D ActivityManager: sync unfroze 9764 com.google.android.gms for 4
06-27 18:39:53.334  1501  1833 D BackgroundInstallControlService: Package event received: 0
06-27 18:39:53.338  9764  9806 W Looper  : Slow delivery took 37545ms android.bg app=com.google.android.gms main=false group=FOREGROUND h=android.database.sqlite.SQLiteConnectionPool$IdleConnectionHandler c=null m=0
06-27 18:39:53.440  1501  3023 D ActivityManager: getProcessesInErrorState callingUid=10387, CallingPid=5076
06-27 18:39:53.683  1501  4480 D ActivityManager: getProcessesInErrorState callingUid=10387, CallingPid=5076
06-27 18:39:53.751  1501  1501 W AccessibilityManagerService:  wait for adding window timeout: 1039
06-27 18:39:53.836  1878  1937 V ShellRecents: [172977805] RecentsController.finishInner: toHome=true userLeave=true willFinishToHome=true state=0 hasPausingTasks=true reason=requested
06-27 18:39:53.836  1878  1937 V ShellRecents:   normal finish
06-27 18:39:53.836  1878  1937 V ShellRecents: [172977805] RecentsController.finishInner: Completing finish
06-27 18:39:53.836  1878  1937 V ShellRecents: [172977805] RecentsController.cleanup
06-27 18:39:53.836  1878  1937 V WindowManagerShell: Transition animation finished (aborted=false), notifying core (#841) android.os.BinderProxy@22eb324@0
06-27 18:39:53.836  1501  1586 V WindowManager: Finish Transition (#841): created at 06-27 18:39:53.234 collect-started=0.271ms started=0.297ms ready=10.748ms sent=28.579ms commit=11.847ms finished=601.841ms
06-27 18:39:53.841  1501  1501 E MBrainLocalService: notifyAppSwitch failed
06-27 18:39:53.843  1878  1937 V WindowManagerShell: Track 0 became idle
06-27 18:39:53.843  1878  1937 V WindowManagerShell: All active transition animations finished
06-27 18:39:53.843  1878  1937 V ShellRecents: [172977805] RecentsController.finishInner: calling finish callback
06-27 18:39:53.845  1501  1589 V WindowManager: Unknown focus tokens, dropping reportFocusChanged
06-27 18:39:53.846  1501  1833 D BackgroundInstallControlService: Package event received: 0
06-27 18:39:53.872  1501  4594 W PackageConfigPersister: App-specific configuration not found for packageName: com.android.launcher3 and userId: 0
06-27 18:39:53.880  1501  1833 D BackgroundInstallControlService: Package event received: 0
06-27 18:39:53.941  1501  4594 D ActivityManager: getProcessesInErrorState callingUid=10387, CallingPid=5076
06-27 18:39:54.003  1501  4594 V Configuration: Updating configuration, locales updated from [] to [ru_RU,ru_BY,en_US]
06-27 18:39:54.003  1501  4594 W OptProp : Cannot read opt property android.window.PROPERTY_COMPAT_ALLOW_RESIZEABLE_ACTIVITY_OVERRIDES
