06-27 18:41:34.824  1501  2467 D AdbDebuggingManager: Creating socket
06-27 18:41:34.825  1501  1586 D AdbDebuggingManager: adbd socket connected
06-27 18:41:34.828  1501  2467 D AdbDebuggingManager: Received connected key message: QAAAANVeeXCDFSmZ5gUhrgyJ40hQOZWj/01aWQMOmCe2eGWPGoFOd9vfl6zGgmr56SwdA5SRtJkpv9YWqNdQahgGiWtFOt6/16sw3oZntuefCGUu8mlKcpGf9eFmkTYj4p/lJawscDUZYSxdULe3n9eoT3a/mNBsoigIpEMgyfszNJK3n24CtwhcFSv//gJrw522YeJx7CYCbVmtduTws+FPXq2c0YRES3Z/iz1J10q8lIkkMx+MJCC3uze9UhRc8RLtFMLd3XNwfQk5Ppk34+eSLrYBkA8i+iUXqiDWa0q9TwHemVjo5j4EN+RCGQXOr3+5oNcUk0UoI7q7MX5raABqvnLfvf+/LEZFEkMOHvYhgZRSdWIgBmqcNEWxy7zUB/gzXZq2rhnwJj3II4SCCgTcALThUESL6MLfwkQH24plXqUXesOysGtIjPcuMr8anwGxfAcX1Dft094XEV3Qlvoqp9JuiOM+yzkdiv3ilrJDTXO8sIcY1vxFXpdtYrX81Z4naYSW0uU7ajSae7nW3IdtNqNgS+pOR349yvUuX1pmrtLwLxQaG43p3qkRVTqJz2Tc1yMBuSFJL0Tf3UeVHI0fHyDYFxJdWlF8E1Yz2ogWAy4DSa9yuzTwf56XVC2xeQ+kce/zNxtQtw3Hk+Wva7VzgPl4ipHEZGY0fE1GSpsBZCNRMC5GcwEAAQA= kryvusha@Kryvushas-MacBook-Pro.local
06-27 18:41:34.828  1501  1586 D AdbDebuggingManager: Logging key QAAAANVeeXCDFSmZ5gUhrgyJ40hQOZWj/01aWQMOmCe2eGWPGoFOd9vfl6zGgmr56SwdA5SRtJkpv9YWqNdQahgGiWtFOt6/16sw3oZntuefCGUu8mlKcpGf9eFmkTYj4p/lJawscDUZYSxdULe3n9eoT3a/mNBsoigIpEMgyfszNJK3n24CtwhcFSv//gJrw522YeJx7CYCbVmtduTws+FPXq2c0YRES3Z/iz1J10q8lIkkMx+MJCC3uze9UhRc8RLtFMLd3XNwfQk5Ppk34+eSLrYBkA8i+iUXqiDWa0q9TwHemVjo5j4EN+RCGQXOr3+5oNcUk0UoI7q7MX5raABqvnLfvf+/LEZFEkMOHvYhgZRSdWIgBmqcNEWxy7zUB/gzXZq2rhnwJj3II4SCCgTcALThUESL6MLfwkQH24plXqUXesOysGtIjPcuMr8anwGxfAcX1Dft094XEV3Qlvoqp9JuiOM+yzkdiv3ilrJDTXO8sIcY1vxFXpdtYrX81Z4naYSW0uU7ajSae7nW3IdtNqNgS+pOR349yvUuX1pmrtLwLxQaG43p3qkRVTqJz2Tc1yMBuSFJL0Tf3UeVHI0fHyDYFxJdWlF8E1Yz2ogWAy4DSa9yuzTwf56XVC2xeQ+kce/zNxtQtw3Hk+Wva7VzgPl4ipHEZGY0fE1GSpsBZCNRMC5GcwEAAQA= kryvusha@Kryvushas-MacBook-Pro.local, state = 4, alwaysAllow = true, lastConnectionTime = 1782574894828, authWindow = 0
06-27 18:41:34.837  1501  4478 D ActivityManager: getProcessesInErrorState callingUid=10387, CallingPid=5076
06-27 18:41:34.983  1501  4478 D ActivityManager: getProcessesInErrorState callingUid=10387, CallingPid=5076
06-27 18:41:35.339  1501  4478 D ActivityManager: getProcessesInErrorState callingUid=10387, CallingPid=5076
06-27 18:41:35.437 12023 12023 E AndroidRuntime: FATAL EXCEPTION: main
06-27 18:41:35.437 12023 12023 E AndroidRuntime: Process: com.kriniks.kcam.debug, PID: 12023
06-27 18:41:35.437 12023 12023 E AndroidRuntime: java.lang.IllegalStateException: Stream, record and preview must be stopped before prepareVideo
06-27 18:41:35.437 12023 12023 E AndroidRuntime: 	at com.pedro.library.base.StreamBase.prepareVideo(StreamBase.kt:106)
06-27 18:41:35.437 12023 12023 E AndroidRuntime: 	at com.pedro.library.base.StreamBase.prepareVideo$default(StreamBase.kt:101)
06-27 18:41:35.437 12023 12023 E AndroidRuntime: 	at com.kriniks.kcam.feature.streaming.rtmp.RtmpStreamer.startStream(RtmpStreamer.kt:194)
06-27 18:41:35.437 12023 12023 E AndroidRuntime: 	at com.kriniks.kcam.feature.streaming.domain.StreamingRepository.startStream(StreamingRepository.kt:64)
06-27 18:41:35.437 12023 12023 E AndroidRuntime: 	at com.kriniks.kcam.feature.streaming.ui.StreamViewModel.startStream(StreamViewModel.kt:93)
06-27 18:41:35.437 12023 12023 E AndroidRuntime: 	at com.kriniks.kcam.ui.screens.MainScreenKt.MainScreen$lambda$24$lambda$19$lambda$18(MainScreen.kt:195)
06-27 18:41:35.437 12023 12023 E AndroidRuntime: 	at com.kriniks.kcam.ui.screens.MainScreenKt.$r8$lambda$J0QmKMo01I5pdS62vSCBoBmfotY(MainScreen.kt:0)
06-27 18:41:35.437 12023 12023 E AndroidRuntime: 	at com.kriniks.kcam.ui.screens.MainScreenKt$$ExternalSyntheticLambda2.invoke(D8$$SyntheticClass:0)
06-27 18:41:35.437 12023 12023 E AndroidRuntime: 	at com.kriniks.kcam.ui.overlay.FloatingRadialMenuKt.FloatingRadialMenu$lambda$13$lambda$10$lambda$9$lambda$8$lambda$7$lambda$6(FloatingRadialMenu.kt:121)
06-27 18:41:35.437 12023 12023 E AndroidRuntime: 	at com.kriniks.kcam.ui.overlay.FloatingRadialMenuKt.$r8$lambda$alrTfFwnsuvpI8pPF0AwBVmbe_Y(FloatingRadialMenu.kt:0)
06-27 18:41:35.437 12023 12023 E AndroidRuntime: 	at com.kriniks.kcam.ui.overlay.FloatingRadialMenuKt$$ExternalSyntheticLambda0.invoke(D8$$SyntheticClass:0)
06-27 18:41:35.437 12023 12023 E AndroidRuntime: 	at androidx.compose.foundation.ClickableNode$clickPointerInput$3.invoke-k-4lQ0M(Clickable.kt:639)
06-27 18:41:35.437 12023 12023 E AndroidRuntime: 	at androidx.compose.foundation.ClickableNode$clickPointerInput$3.invoke(Clickable.kt:633)
06-27 18:41:35.437 12023 12023 E AndroidRuntime: 	at androidx.compose.foundation.gestures.TapGestureDetectorKt$detectTapAndPress$2$1.invokeSuspend(TapGestureDetector.kt:255)
06-27 18:41:35.437 12023 12023 E AndroidRuntime: 	at kotlin.coroutines.jvm.internal.BaseContinuationImpl.resumeWith(ContinuationImpl.kt:33)
06-27 18:41:35.437 12023 12023 E AndroidRuntime: 	at kotlinx.coroutines.DispatchedTaskKt.resume(DispatchedTask.kt:165)
06-27 18:41:35.437 12023 12023 E AndroidRuntime: 	at kotlinx.coroutines.DispatchedTaskKt.dispatch(DispatchedTask.kt:154)
06-27 18:41:35.437 12023 12023 E AndroidRuntime: 	at kotlinx.coroutines.CancellableContinuationImpl.dispatchResume(CancellableContinuationImpl.kt:470)
06-27 18:41:35.437 12023 12023 E AndroidRuntime: 	at kotlinx.coroutines.CancellableContinuationImpl.resumeImpl$kotlinx_coroutines_core(CancellableContinuationImpl.kt:504)
06-27 18:41:35.437 12023 12023 E AndroidRuntime: 	at kotlinx.coroutines.CancellableContinuationImpl.resumeImpl$kotlinx_coroutines_core$default(CancellableContinuationImpl.kt:493)
06-27 18:41:35.437 12023 12023 E AndroidRuntime: 	at kotlinx.coroutines.CancellableContinuationImpl.resumeWith(CancellableContinuationImpl.kt:359)
06-27 18:41:35.437 12023 12023 E AndroidRuntime: 	at androidx.compose.ui.input.pointer.SuspendingPointerInputModifierNodeImpl$PointerEventHandlerCoroutine.offerPointerEvent(SuspendingPointerInputFilter.kt:719)
06-27 18:41:35.437 12023 12023 E AndroidRuntime: 	at androidx.compose.ui.input.pointer.SuspendingPointerInputModifierNodeImpl.dispatchPointerEvent(SuspendingPointerInputFilter.kt:598)
06-27 18:41:35.437 12023 12023 E AndroidRuntime: 	at androidx.compose.ui.input.pointer.SuspendingPointerInputModifierNodeImpl.onPointerEvent-H0pRuoY(SuspendingPointerInputFilter.kt:620)
06-27 18:41:35.437 12023 12023 E AndroidRuntime: 	at androidx.compose.foundation.AbstractClickableNode.onPointerEvent-H0pRuoY(Clickable.kt:1044)
06-27 18:41:35.437 12023 12023 E AndroidRuntime: 	at androidx.compose.ui.input.pointer.Node.dispatchMainEventPass(HitPathTracker.kt:387)
06-27 18:41:35.437 12023 12023 E AndroidRuntime: 	at androidx.compose.ui.input.pointer.NodeParent.dispatchMainEventPass(HitPathTracker.kt:229)
06-27 18:41:35.437 12023 12023 E AndroidRuntime: 	at androidx.compose.ui.input.pointer.HitPathTracker.dispatchChanges(HitPathTracker.kt:144)
06-27 18:41:35.437 12023 12023 E AndroidRuntime: 	at androidx.compose.ui.input.pointer.PointerInputEventProcessor.process-BIzXfog(PointerInputEventProcessor.kt:120)
06-27 18:41:35.437 12023 12023 E AndroidRuntime: 	at androidx.compose.ui.platform.AndroidComposeView.sendMotionEvent-8iAsVTc(AndroidComposeView.android.kt:1994)
06-27 18:41:35.437 12023 12023 E AndroidRuntime: 	at androidx.compose.ui.platform.AndroidComposeView.handleMotionEvent-8iAsVTc(AndroidComposeView.android.kt:1945)
06-27 18:41:35.437 12023 12023 E AndroidRuntime: 	at androidx.compose.ui.platform.AndroidComposeView.dispatchTouchEvent(AndroidComposeView.android.kt:1829)
06-27 18:41:35.437 12023 12023 E AndroidRuntime: 	at android.view.ViewGroup.dispatchTransformedTouchEvent(ViewGroup.java:3198)
06-27 18:41:35.437 12023 12023 E AndroidRuntime: 	at android.view.ViewGroup.dispatchTouchEvent(ViewGroup.java:2851)
06-27 18:41:35.437 12023 12023 E AndroidRuntime: 	at android.view.ViewGroup.dispatchTransformedTouchEvent(ViewGroup.java:3198)
06-27 18:41:35.437 12023 12023 E AndroidRuntime: 	at android.view.ViewGroup.dispatchTouchEvent(ViewGroup.java:2851)
06-27 18:41:35.437 12023 12023 E AndroidRuntime: 	at android.view.ViewGroup.dispatchTransformedTouchEvent(ViewGroup.java:3198)
06-27 18:41:35.437 12023 12023 E AndroidRuntime: 	at android.view.ViewGroup.dispatchTouchEvent(ViewGroup.java:2851)
06-27 18:41:35.438 12023 12023 E AndroidRuntime: 	at android.view.ViewGroup.dispatchTransformedTouchEvent(ViewGroup.java:3198)
06-27 18:41:35.438 12023 12023 E AndroidRuntime: 	at android.view.ViewGroup.dispatchTouchEvent(ViewGroup.java:2851)
06-27 18:41:35.438 12023 12023 E AndroidRuntime: 	at com.android.internal.policy.DecorView.superDispatchTouchEvent(DecorView.java:476)
06-27 18:41:35.438 12023 12023 E AndroidRuntime: 	at com.android.internal.policy.PhoneWindow.superDispatchTouchEvent(PhoneWindow.java:2021)
06-27 18:41:35.438 12023 12023 E AndroidRuntime: 	at android.app.Activity.dispatchTouchEvent(Activity.java:4604)
06-27 18:41:35.438 12023 12023 E AndroidRuntime: 	at com.android.internal.policy.DecorView.dispatchTouchEvent(DecorView.java:434)
06-27 18:41:35.438 12023 12023 E AndroidRuntime: 	at android.view.View.dispatchPointerEvent(View.java:16976)
06-27 18:41:35.438 12023 12023 E AndroidRuntime: 	at android.view.ViewRootImpl$ViewPostImeInputStage.processPointerEvent(ViewRootImpl.java:8450)
06-27 18:41:35.438 12023 12023 E AndroidRuntime: 	at android.view.ViewRootImpl$ViewPostImeInputStage.onProcess(ViewRootImpl.java:8190)
06-27 18:41:35.438 12023 12023 E AndroidRuntime: 	at android.view.ViewRootImpl$InputStage.deliver(ViewRootImpl.java:7568)
06-27 18:41:35.438 12023 12023 E AndroidRuntime: 	at android.view.ViewRootImpl$InputStage.onDeliverToNext(ViewRootImpl.java:7625)
06-27 18:41:35.438 12023 12023 E AndroidRuntime: 	at android.view.ViewRootImpl$InputStage.forward(ViewRootImpl.java:7591)
06-27 18:41:35.438 12023 12023 E AndroidRuntime: 	at android.view.ViewRootImpl$AsyncInputStage.forward(ViewRootImpl.java:7757)
06-27 18:41:35.438 12023 12023 E AndroidRuntime: 	at android.view.ViewRootImpl$InputStage.apply(ViewRootImpl.java:7599)
06-27 18:41:35.438 12023 12023 E AndroidRuntime: 	at android.view.ViewRootImpl$AsyncInputStage.apply(ViewRootImpl.java:7814)
06-27 18:41:35.438 12023 12023 E AndroidRuntime: 	at android.view.ViewRootImpl$InputStage.deliver(ViewRootImpl.java:7572)
06-27 18:41:35.438 12023 12023 E AndroidRuntime: 	at android.view.ViewRootImpl$InputStage.onDeliverToNext(ViewRootImpl.java:7625)
06-27 18:41:35.438 12023 12023 E AndroidRuntime: 	at android.view.ViewRootImpl$InputStage.forward(ViewRootImpl.java:7591)
06-27 18:41:35.438 12023 12023 E AndroidRuntime: 	at android.view.ViewRootImpl$InputStage.apply(ViewRootImpl.java:7599)
06-27 18:41:35.438 12023 12023 E AndroidRuntime: 	at android.view.ViewRootImpl$InputStage.deliver(ViewRootImpl.java:7572)
06-27 18:41:35.438 12023 12023 E AndroidRuntime: 	at android.view.ViewRootImpl.deliverInputEvent(ViewRootImpl.java:10841)
06-27 18:41:35.438 12023 12023 E AndroidRuntime: 	at android.view.ViewRootImpl.doProcessInputEvents(ViewRootImpl.java:10788)
06-27 18:41:35.438 12023 12023 E AndroidRuntime: 	at android.view.ViewRootImpl.enqueueInputEvent(ViewRootImpl.java:10742)
06-27 18:41:35.438 12023 12023 E AndroidRuntime: 	at android.view.ViewRootImpl.processRawInputEvent(ViewRootImpl.java:11228)
06-27 18:41:35.438 12023 12023 E AndroidRuntime: 	at android.view.ViewRootImpl$WindowInputEventReceiver.onInputEvent(ViewRootImpl.java:10986)
06-27 18:41:35.438 12023 12023 E AndroidRuntime: 	at android.view.InputEventReceiver.dispatchInputEvent(InputEventReceiver.java:300)
06-27 18:41:35.438 12023 12023 E AndroidRuntime: 	at android.os.MessageQueue.nativePollOnce(Native Method)
06-27 18:41:35.438 12023 12023 E AndroidRuntime: 	at android.os.MessageQueue.nextLegacy(MessageQueue.java:904)
06-27 18:41:35.438 12023 12023 E AndroidRuntime: 	at android.os.MessageQueue.next(MessageQueue.java:1016)
06-27 18:41:35.438 12023 12023 E AndroidRuntime: 	at android.os.Looper.loopOnce(Looper.java:196)
06-27 18:41:35.438 12023 12023 E AndroidRuntime: 	at android.os.Looper.loop(Looper.java:338)
06-27 18:41:35.438 12023 12023 E AndroidRuntime: 	at android.app.ActivityThread.main(ActivityThread.java:9112)
06-27 18:41:35.438 12023 12023 E AndroidRuntime: 	at java.lang.reflect.Method.invoke(Native Method)
06-27 18:41:35.438 12023 12023 E AndroidRuntime: 	at com.android.internal.os.RuntimeInit$MethodAndArgsCaller.run(RuntimeInit.java:614)
06-27 18:41:35.438 12023 12023 E AndroidRuntime: 	at com.android.internal.os.ZygoteInit.main(ZygoteInit.java:1022)
06-27 18:41:35.438 12023 12023 E AndroidRuntime: 	Suppressed: kotlinx.coroutines.internal.DiagnosticCoroutineContextException: [androidx.compose.ui.platform.MotionDurationScaleImpl@c2f54a6, androidx.compose.runtime.BroadcastFrameClock@a55cee7, StandaloneCoroutine{Cancelling}@93daa94, AndroidUiDispatcher@bb2e93d]
06-27 18:41:35.453  1501 15988 I DropBoxManagerService: add tag=data_app_crash isTagEnabled=true flags=0x2
06-27 18:41:35.453  1501  4478 W ActivityTaskManager:   Force finishing activity com.kriniks.kcam.debug/com.kriniks.kcam.MainActivity
06-27 18:41:35.454  1501  4478 D BLASTSyncEngine: [DH_DEBUG]scheduleTimeout #847 success=true timeoutMs=5000 callback=com.android.server.wm.BLASTSyncEngine$SyncGroup$$ExternalSyntheticLambda2@f275deb
06-27 18:41:35.454  1501  4478 D WindowManager: [SG_DEBUG]Set SyncGroup{id=847 name=Transition-CLOSE} on Task{1eafebe #19314 type=standard A=10500:com.kriniks.kcam.debug}
06-27 18:41:35.455  1501  4478 D WindowManager: [SG_DEBUG]Set SyncGroup{id=847 name=Transition-CLOSE} on ActivityRecord{22319481 u0 com.kriniks.kcam.debug/com.kriniks.kcam.MainActivity t19314 f}}
06-27 18:41:35.458  1878  1937 V WindowManagerShell: Transition requested (#847): android.os.BinderProxy@ef01513 TransitionRequestInfo { type = CLOSE, triggerTask = TaskInfo{userId=0 taskId=19314 effectiveUid=10500 displayId=0 isRunning=true baseIntent=Intent { act=android.intent.action.MAIN cat=[android.intent.category.LAUNCHER] flg=0x10200000 cmp=com.kriniks.kcam.debug/com.kriniks.kcam.MainActivity } baseActivity=ComponentInfo{com.kriniks.kcam.debug/com.kriniks.kcam.MainActivity} topActivity=ComponentInfo{com.kriniks.kcam.debug/com.kriniks.kcam.MainActivity} origActivity=null realActivity=ComponentInfo{com.kriniks.kcam.debug/com.kriniks.kcam.MainActivity} numActivities=1 lastActiveTime=69110327 supportsMultiWindow=true resizeMode=1 isResizeable=true minWidth=-1 minHeight=-1 defaultMinSize=220 token=WCT{android.window.IWindowContainerToken$Stub$Proxy@256f350} topActivityType=1 pictureInPictureParams=null shouldDockBigOverlays=false launchIntoPipHostTaskId=-1 lastParentTaskIdBeforePip=-1 displayCutoutSafeInsets=Rect(0, 0 - 0, 0) topActivityInfo=ActivityInfo{d082949 com.kriniks.kcam.MainActivity} launchCookies=[android.os.BinderProxy@ce2cdaa] positionInParent=Point(0, 0) parentTaskId=-1 isFocused=true isVisible=true isVisibleRequested=true isTopActivityNoDisplay=false isSleeping=false locusId=null displayAreaFeatureId=1 isTopActivityTransparent=false isActivityStackTransparent=false lastNonFullscreenBounds=Rect(271, 480 - 1330, 2080) capturedLink=null capturedLinkTimestamp=0 requestedVisibleTypes=-9 topActivityRequestOpenInBrowserEducationTimestamp=0 appCompatTaskInfo=AppCompatTaskInfo { topActivityInSizeCompat=false eligibleForLetterboxEducation= false isLetterboxEducationEnabled= false isLetterboxDoubleTapEnabled= false eligibleForUserAspectRatioButton= false topActivityBoundsLetterboxed= false isFromLetterboxDoubleTap= false topActivityLetterboxVerticalPosition= -1 topActivityLetterboxHorizontalPosition= -1 topActivityLetterboxWidth=-1 topActivityLetterboxHeight=-1 topActivityAppBounds=Rect(0, 0 - 1600, 2560) isUserFullscreenOverrideEnabled=false isSystemFullscreenOverrideEnabled=false hasMinAspectRatioOverride=false topActivityLetterboxBounds=null cameraCompatTaskInfo=CameraCompatTaskInfo { freeformCameraCompatMode=inactive}} topActivityMainWindowFrame=null}, pipChange = null, remoteTransition = null, displayChange = null, flags = 16, debugId = 847 }
06-27 18:41:35.460  1501  1501 E MBrainLocalService: notifyAppSwitch failed
06-27 18:41:35.460  1501  4478 D WindowManager: [SG_DEBUG]Set SyncGroup{id=847 name=Transition-CLOSE} on ActivityRecord{144798387 u0 com.android.launcher3/com.android.searchlauncher.SearchLauncher t19132}
06-27 18:41:35.464  1501  4594 W WindowManager: Changing focus from Window{32ede82 u0 com.kriniks.kcam.debug/com.kriniks.kcam.MainActivity} to null displayId=0 Callers=com.android.server.wm.RootWindowContainer.updateFocusedWindowLocked:466 com.android.server.wm.WindowManagerService.updateFocusedWindowLocked:6674 com.android.server.wm.WindowManagerService.relayoutWindow:2743 com.android.server.wm.Session.relayout:283 
06-27 18:41:35.464  1501  4594 I WindowManager: Relayout Window{ca09ddb u0 GoogleDiscoverWindow}: oldVis=8 newVis=0 focusMayChange = true requestedWidth = 1600 requestedHeight = 2560 outFrames = ClientWindowFrames{frame=[0,0][1600,2560] display=[0,0][1600,2560] parentFrame=[0,0][0,0]} outSurfaceControl = Surface(name=GoogleDiscoverWindow)/@0x6410ff4
06-27 18:41:35.465  1501  1587 I ActivityManager: Showing crash dialog for package com.kriniks.kcam.debug u0
06-27 18:41:35.468  1501  1587 V Configuration: Updating configuration, locales updated from [ru_BY,en_US] to [en_US]
06-27 18:41:35.468  1501  1587 V Resources: Updating configuration, with default locale en and selected locales [en-US]
06-27 18:41:35.480  1501  1587 W WindowManager: Changing focus from null to Window{6e0109a u0 Application Error: com.kriniks.kcam.debug} displayId=0 Callers=com.android.server.wm.RootWindowContainer.updateFocusedWindowLocked:466 com.android.server.wm.WindowManagerService.updateFocusedWindowLocked:6674 com.android.server.wm.WindowManagerService.addWindowInner:1991 com.android.server.wm.WindowManagerService.addWindow:1912 
06-27 18:41:35.485  1501  1587 D CoreBackPreview: Window{6e0109a u0 Application Error: com.kriniks.kcam.debug}: Setting back callback OnBackInvokedCallbackInfo{mCallback=android.window.WindowOnBackInvokedDispatcher$OnBackInvokedCallbackWrapper@bb3e5c0, mPriority=-1, mIsAnimationCallback=false, mOverrideBehavior=0}
06-27 18:41:35.488  1501  4594 D ActivityManager: getProcessesInErrorState callingUid=10387, CallingPid=5076
06-27 18:41:35.519  1501  1913 W ActivityManager: Background start not allowed: service Intent { act=Orca.START xflg=0x4 cmp=com.instagram.android/com.facebook.rti.pushv2.inapp.InappFbnsService (has extras) } to com.instagram.android/com.facebook.rti.pushv2.inapp.InappFbnsService from pid=14593 uid=10185 pkg=com.instagram.android startFg?=false
06-27 18:41:35.845  1501  4594 D ActivityManager: getProcessesInErrorState callingUid=10387, CallingPid=5076
06-27 18:41:35.956  1501  1589 W ActivityTaskManager: Activity top resumed state loss timeout for ActivityRecord{22319481 u0 com.kriniks.kcam.debug/com.kriniks.kcam.MainActivity t19314 f}}
06-27 18:41:35.961  1501  1589 W ActivityTaskManager: Activity pause timeout for ActivityRecord{22319481 u0 com.kriniks.kcam.debug/com.kriniks.kcam.MainActivity t19314 f}}
06-27 18:41:35.972  1501  1501 W AccessibilityManagerService:  wait for adding window timeout: 1039
06-27 18:41:35.974  1501  1501 E MBrainLocalService: notifyAppSwitch failed
06-27 18:41:35.979  1501  1833 D BackgroundInstallControlService: Package event received: 0
06-27 18:41:35.979  1501  1833 D BackgroundInstallControlService: Package event received: 0
06-27 18:41:35.979  1501  1833 D BackgroundInstallControlService: Package event received: 0
06-27 18:41:35.980  1501  1833 D BackgroundInstallControlService: Package event received: 0
06-27 18:41:35.981  1501  1833 D BackgroundInstallControlService: Package event received: 0
06-27 18:41:35.985  1878  1937 D WindowManagerShell: setLauncherKeepClearAreaHeight: visible=true, height=342
06-27 18:41:35.985  1501  3023 I WindowManager: Relayout Window{1d067d5 u0 com.android.launcher3/com.android.searchlauncher.SearchLauncher}: oldVis=8 newVis=0 focusMayChange = true requestedWidth = 1600 requestedHeight = 2560 outFrames = ClientWindowFrames{frame=[0,0][1600,2560] display=[0,0][1600,2560] parentFrame=[0,0][0,0]} outSurfaceControl = Surface(name=com.android.launcher3/com.android.searchlauncher.SearchLauncher)/@0x91d0311
06-27 18:41:35.989  1501  1590 D WindowManager: [SG_DEBUG]Set SyncGroup{id=847 name=Transition-CLOSE} on WallpaperWindowToken{355f2c7 showWhenLocked=true}
06-27 18:41:35.990  1501  4594 D ActivityManager: getProcessesInErrorState callingUid=10387, CallingPid=5076
06-27 18:41:35.994  1501  1590 D WindowManager: [SG_DEBUG]Clear [finished]SyncGroup{id=847 name=Transition-CLOSE} on ActivityRecord{144798387 u0 com.android.launcher3/com.android.searchlauncher.SearchLauncher t19132}
06-27 18:41:35.994  1501  1590 D WindowManager: [SG_DEBUG]Clear [finished]SyncGroup{id=847 name=Transition-CLOSE} on WallpaperWindowToken{355f2c7 showWhenLocked=true}
06-27 18:41:35.994  1501  1590 D WindowManager: [SG_DEBUG]Clear [finished]SyncGroup{id=847 name=Transition-CLOSE} on ActivityRecord{22319481 u0 com.kriniks.kcam.debug/com.kriniks.kcam.MainActivity t19314 f}}
06-27 18:41:35.994  1501  1590 D WindowManager: [SG_DEBUG]Clear [finished]SyncGroup{id=847 name=Transition-CLOSE} on Task{1eafebe #19314 type=standard A=10500:com.kriniks.kcam.debug}
06-27 18:41:35.996  1878  2167 V WindowManagerShell: onTransitionReady(transaction=6446745969578)
06-27 18:41:35.996  1878  1937 V WindowManagerShell: onTransitionReady (#847) android.os.BinderProxy@ef01513: {id=847 t=CLOSE f=0x10 trk=0 r=[0@Point(0, 0)] c=[
06-27 18:41:35.996  1878  1937 V WindowManagerShell:         {m=TO_FRONT f=SHOW_WALLPAPER|MOVE_TO_TOP leash=Surface(name=Task=19131)/@0x84024e sb=Rect(0, 0 - 1600, 2560) eb=Rect(0, 0 - 1600, 2560) epz=Point(1600, 2560) d=0 taskParent=-1},
06-27 18:41:35.996  1878  1937 V WindowManagerShell:         {m=CLOSE f=NONE leash=Surface(name=Task=19314)/@0x73cef6f sb=Rect(0, 0 - 1600, 2560) eb=Rect(0, 0 - 1600, 2560) epz=Point(1600, 2560) d=0 taskParent=-1},
06-27 18:41:35.996  1878  1937 V WindowManagerShell:         {m=TO_FRONT f=IS_WALLPAPER leash=Surface(name=WallpaperWindowToken{355f2c7 showWhenLocked=false})/@0x4bff47c sb=Rect(0, 0 - 1600, 2560) eb=Rect(0, 0 - 1600, 2560) epz=Point(1600, 2560) d=0}
06-27 18:41:35.996  1878  1937 V WindowManagerShell:     ]}
06-27 18:41:35.996  1878  1937 V WindowManagerShell: Playing animation for (#847) android.os.BinderProxy@ef01513@0
06-27 18:41:35.996  1878  1937 V ShellRecents: RecentsTransitionHandler.startAnimation: no controller found
06-27 18:41:35.996  1878  1937 V WindowManagerShell: Transition doesn't have explicit remote, search filters for match for {id=847 t=CLOSE f=0x10 trk=0 r=[0@Point(0, 0)] c=[{m=TO_FRONT f=SHOW_WALLPAPER|MOVE_TO_TOP leash=Surface(name=Task=19131)/@0x84024e sb=Rect(0, 0 - 1600, 2560) eb=Rect(0, 0 - 1600, 2560) epz=Point(1600, 2560) d=0 taskParent=-1},{m=CLOSE f=NONE leash=Surface(name=Task=19314)/@0x73cef6f sb=Rect(0, 0 - 1600, 2560) eb=Rect(0, 0 - 1600, 2560) epz=Point(1600, 2560) d=0 taskParent=-1},{m=TO_FRONT f=IS_WALLPAPER leash=Surface(name=WallpaperWindowToken{355f2c7 showWhenLocked=false})/@0x4bff47c sb=Rect(0, 0 - 1600, 2560) eb=Rect(0, 0 - 1600, 2560) epz=Point(1600, 2560) d=0}]}
06-27 18:41:35.996  1878  1937 V WindowManagerShell:  Checking filter Pair{{types=[] flags=0x0] notFlags=0x100 checks=[{atype=home independent=true modes=[OPEN,TO_FRONT] flags=NONE mustBeTask=false order=TOP topActivity=ComponentInfo{com.android.launcher3/com.android.searchlauncher.SearchLauncher} launchCookie=null windowingMode=undefined},{atype=standard independent=true modes=[CLOSE,TO_BACK] flags=NONE mustBeTask=false order=ANY topActivity=null launchCookie=null windowingMode=undefined},{NOT atype=undefined independent=true modes=[] flags=NONE mustBeTask=true order=ANY topActivity=null launchCookie=null customAnim=true windowingMode=undefined}]} RemoteTransition { remoteTransition = android.window.IRemoteTransition$Stub$Proxy@3ba14b3, appThread = android.app.IApplicationThread$Stub$Proxy@dfb8a70, debugName = QuickstepLaunchHome }}
06-27 18:41:35.996  1878  1937 D RemoteTransitionHandler: Found filterPair{{types=[] flags=0x0] notFlags=0x100 checks=[{atype=home independent=true modes=[OPEN,TO_FRONT] flags=NONE mustBeTask=false order=TOP topActivity=ComponentInfo{com.android.launcher3/com.android.searchlauncher.SearchLauncher} launchCookie=null windowingMode=undefined},{atype=standard independent=true modes=[CLOSE,TO_BACK] flags=NONE mustBeTask=false order=ANY topActivity=null launchCookie=null windowingMode=undefined},{NOT atype=undefined independent=true modes=[] flags=NONE mustBeTask=true order=ANY topActivity=null launchCookie=null customAnim=true windowingMode=undefined}]} RemoteTransition { remoteTransition = android.window.IRemoteTransition$Stub$Proxy@3ba14b3, appThread = android.app.IApplicationThread$Stub$Proxy@dfb8a70, debugName = QuickstepLaunchHome }}
06-27 18:41:35.996  1878  1937 V WindowManagerShell:  Delegate animation for (#847) to RemoteTransition { remoteTransition = android.window.IRemoteTransition$Stub$Proxy@3ba14b3, appThread = android.app.IApplicationThread$Stub$Proxy@dfb8a70, debugName = QuickstepLaunchHome }
06-27 18:41:36.003  1501  1590 D BLASTSyncEngine: [DH_DEBUG]remove timeout #847 callback=com.android.server.wm.BLASTSyncEngine$SyncGroup$$ExternalSyntheticLambda2@f275deb
06-27 18:41:36.004  1501  1586 V WindowManager: Sent Transition (#847) createdAt=06-27 18:41:35.453 via request=TransitionRequestInfo { type = CLOSE, triggerTask = TaskInfo{userId=0 taskId=19314 effectiveUid=10500 displayId=0 isRunning=true baseIntent=Intent { act=android.intent.action.MAIN cat=[android.intent.category.LAUNCHER] flg=0x10200000 cmp=com.kriniks.kcam.debug/com.kriniks.kcam.MainActivity } baseActivity=ComponentInfo{com.kriniks.kcam.debug/com.kriniks.kcam.MainActivity} topActivity=ComponentInfo{com.kriniks.kcam.debug/com.kriniks.kcam.MainActivity} origActivity=null realActivity=ComponentInfo{com.kriniks.kcam.debug/com.kriniks.kcam.MainActivity} numActivities=1 lastActiveTime=69110327 supportsMultiWindow=true resizeMode=1 isResizeable=true minWidth=-1 minHeight=-1 defaultMinSize=220 token=WCT{RemoteToken{f3fcae9 Task{1eafebe #19314 type=standard A=10500:com.kriniks.kcam.debug}}} topActivityType=1 pictureInPictureParams=null shouldDockBigOverlays=false launchIntoPipHostTaskId=-1 lastParentTaskIdBeforePip=-1 displayCutoutSafeInsets=Rect(0, 0 - 0, 0) topActivityInfo=ActivityInfo{732936e com.kriniks.kcam.MainActivity} launchCookies=[android.os.BinderProxy@4231ef] positionInParent=Point(0, 0) parentTaskId=-1 isFocused=true isVisible=true isVisibleRequested=true isTopActivityNoDisplay=false isSleeping=false locusId=null displayAreaFeatureId=1 isTopActivityTransparent=false isActivityStackTransparent=false lastNonFullscreenBounds=Rect(271, 480 - 1330, 2080) capturedLink=null capturedLinkTimestamp=0 requestedVisibleTypes=-9 topActivityRequestOpenInBrowserEducationTimestamp=0 appCompatTaskInfo=AppCompatTaskInfo { topActivityInSizeCompat=false eligibleForLetterboxEducation= false isLetterboxEducationEnabled= false isLetterboxDoubleTapEnabled= false eligibleForUserAspectRatioButton= false topActivityBoundsLetterboxed= false isFromLetterboxDoubleTap= false topActivityLetterboxVerticalPosition= -1 topActivityLetterboxHorizontalPosition= -1 topActivityLetterboxWidth=-1 topActivityLetterboxHeight=-1 topActivityAppBounds=Rect(0, 0 - 1600, 2560) isUserFullscreenOverrideEnabled=false isSystemFullscreenOverrideEnabled=false hasMinAspectRatioOverride=false topActivityLetterboxBounds=null cameraCompatTaskInfo=CameraCompatTaskInfo { freeformCameraCompatMode=inactive}} topActivityMainWindowFrame=null}, pipChange = null, remoteTransition = null, displayChange = null, flags = 16, debugId = 847 }
06-27 18:41:36.004  1501  1586 V WindowManager:     startWCT=WindowContainerTransaction { changes= {} hops= [] errorCallbackToken=null taskFragmentOrganizer=null }
06-27 18:41:36.004  1501  1586 V WindowManager:     info={id=847 t=CLOSE f=0x10 trk=0 r=[0@Point(0, 0)] c=[
06-27 18:41:36.004  1501  1586 V WindowManager:         {WCT{RemoteToken{f2bb68e Task{631d073 #19131 type=home}}} m=TO_FRONT f=SHOW_WALLPAPER|MOVE_TO_TOP leash=Surface(name=Task=19131)/@0x11f35ad sb=Rect(0, 0 - 1600, 2560) eb=Rect(0, 0 - 1600, 2560) epz=Point(1600, 2560) d=0 taskParent=-1},
06-27 18:41:36.004  1501  1586 V WindowManager:         {WCT{RemoteToken{f3fcae9 Task{1eafebe #19314 type=standard A=10500:com.kriniks.kcam.debug}}} m=CLOSE f=NONE leash=Surface(name=Task=19314)/@0x93e4ced sb=Rect(0, 0 - 1600, 2560) eb=Rect(0, 0 - 1600, 2560) epz=Point(1600, 2560) d=0 taskParent=-1},
06-27 18:41:36.004  1501  1586 V WindowManager:         {m=TO_FRONT f=IS_WALLPAPER leash=Surface(name=WallpaperWindowToken{355f2c7 showWhenLocked=false})/@0x2f48de1 sb=Rect(0, 0 - 1600, 2560) eb=Rect(0, 0 - 1600, 2560) epz=Point(1600, 2560) d=0}
06-27 18:41:36.004  1501  1586 V WindowManager:     ]}
06-27 18:41:36.005  1878  1937 V WindowManagerShell:  animated by com.android.wm.shell.transition.RemoteTransitionHandler@1cefd91
06-27 18:41:36.347  1501  1913 D ActivityManager: getProcessesInErrorState callingUid=10387, CallingPid=5076
06-27 18:41:36.467  1501  1589 W AccessibilityWindowsPopulator: Windows change within in 2 frames continuously over 500 ms and notify windows changed immediately
06-27 18:41:36.491  1501  1501 W AccessibilityManagerService:  wait for adding window timeout: 154
06-27 18:41:36.491  1501  1913 D ActivityManager: getProcessesInErrorState callingUid=10387, CallingPid=5076
06-27 18:41:36.505  1878  1937 V WindowManagerShell: Transition animation finished (aborted=false), notifying core (#847) android.os.BinderProxy@ef01513@0
06-27 18:41:36.507  1878  1937 V WindowManagerShell: Track 0 became idle
06-27 18:41:36.507  1878  1937 V WindowManagerShell: All active transition animations finished
06-27 18:41:36.508  1501  1586 V WindowManager: Finish Transition (#847): created at 06-27 18:41:35.453 collect-started=0.093ms request-sent=0.214ms started=8.503ms ready=521.486ms sent=541.518ms commit=7.08ms finished=1052.104ms
06-27 18:41:36.850  1501  2139 D ActivityManager: getProcessesInErrorState callingUid=10387, CallingPid=5076
06-27 18:41:36.993  1501  2139 D ActivityManager: getProcessesInErrorState callingUid=10387, CallingPid=5076
06-27 18:41:37.085  1501  1587 D CoreBackPreview: Window{6e0109a u0 Application Error: com.kriniks.kcam.debug}: Setting back callback null
06-27 18:41:37.085  1501  4478 I START_DEBUG: remove START_TIMEOUT removeProcess    ProcessRecord :ProcessRecord{803cc35 12023:com.kriniks.kcam.debug/u0a500}
06-27 18:41:37.085  1501  4478 I ActivityManager: Killing 12023:com.kriniks.kcam.debug/u0a500 (adj 900): crash
06-27 18:41:37.086  1501  4478 I START_DEBUG: remove ALL_TIMEOUT cleanup   ProcessRecord :ProcessRecord{803cc35 12023:com.kriniks.kcam.debug/u0a500}
06-27 18:41:37.090  1501  1501 D MBrainLocalService: notifyAppLifeCycle failed
06-27 18:41:37.094  1501  4478 D WindowManager: setParent old=ActivityRecord{22319481 u0 com.kriniks.kcam.debug/com.kriniks.kcam.MainActivity t19314 f}},new=null,this window=Window{32ede82 u0 com.kriniks.kcam.debug/com.kriniks.kcam.MainActivity},callers=com.android.server.wm.WindowContainer.removeChild:878 com.android.server.wm.ActivityRecord.removeChild:4483 com.android.server.wm.ActivityRecord.removeChild:386 com.android.server.wm.WindowContainer.removeImmediately:931 com.android.server.wm.WindowState.removeImmediately:2232 com.android.server.wm.WindowState.removeIfPossible:2421 
06-27 18:41:37.095  1501  1833 D BackgroundInstallControlService: Package event received: 0
06-27 18:41:37.097  1501  4478 D WindowManager: setParent old=Task{1eafebe #19314 type=standard A=10500:com.kriniks.kcam.debug},new=null,this window=ActivityRecord{22319481 u0 com.kriniks.kcam.debug/com.kriniks.kcam.MainActivity t19314 f}},callers=com.android.server.wm.WindowContainer.removeChild:878 com.android.server.wm.TaskFragment.removeChild:3126 com.android.server.wm.Task.removeChild:1554 com.android.server.wm.Task.removeChild:1537 com.android.server.wm.WindowContainer.removeImmediately:931 com.android.server.wm.WindowToken.removeImmediately:337 
06-27 18:41:37.099  1501  4478 D WindowManager: setParent old=DefaultTaskDisplayArea@19970422,new=null,this window=Task{1eafebe #19314 type=standard A=10500:com.kriniks.kcam.debug},callers=com.android.server.wm.WindowContainer.removeChild:878 com.android.server.wm.TaskDisplayArea.removeChildTask:350 com.android.server.wm.TaskDisplayArea.removeChild:341 com.android.server.wm.WindowContainer.removeImmediately:931 com.android.server.wm.TaskFragment.removeImmediately:3210 com.android.server.wm.Task.removeImmediately:2770 
06-27 18:41:37.106  1501  1587 W WindowManager: Changing focus from Window{6e0109a u0 Application Error: com.kriniks.kcam.debug EXITING} to Window{1d067d5 u0 com.android.launcher3/com.android.searchlauncher.SearchLauncher} displayId=0 Callers=com.android.server.wm.RootWindowContainer.updateFocusedWindowLocked:466 com.android.server.wm.WindowManagerService.updateFocusedWindowLocked:6674 com.android.server.wm.WindowState.setupWindowForRemoveOnExit:2438 com.android.server.wm.WindowState.removeIfPossible:2385 
06-27 18:41:37.109  1501  1589 V WindowManager: Unknown focus tokens, dropping reportFocusChanged
06-27 18:41:37.132  1501  1913 W PackageConfigPersister: App-specific configuration not found for packageName: com.android.launcher3 and userId: 0
06-27 18:41:37.164  1501  1973 V ActivityManager: Death received in com.android.server.am.ActivityManagerService$AppDeathRecipient@ef2e488 for thread android.os.BinderProxy@83cee21
06-27 18:41:37.166  1501  2863 W WindowManager: Cannot find window which accessibility connection is added to
06-27 18:41:37.166  1501  1973 V ActivityManager: Got obituary of 12023:com.kriniks.kcam.debug
06-27 18:41:37.168  1501  1589 W ActivityManager: setHasOverlayUi called on unknown pid: 12023
06-27 18:41:37.191  1501  1590 D WindowManager: setParent old=WindowToken{d659145 type=2003 android.view.ViewRootImpl$W@2c14dbc},new=null,this window=Window{6e0109a u0 Application Error: com.kriniks.kcam.debug},callers=com.android.server.wm.WindowContainer.removeChild:878 com.android.server.wm.WindowContainer.removeImmediately:931 com.android.server.wm.WindowState.removeImmediately:2232 com.android.server.wm.WindowState.handleCompleteDeferredRemoval:4737 com.android.server.wm.WindowContainer.handleCompleteDeferredRemoval:1444 com.android.server.wm.WindowToken.handleCompleteDeferredRemoval:254 
06-27 18:41:37.191  1501  1590 D WindowManager: setParent old=Leaf:3:12@214698468,new=null,this window=WindowToken{d659145 type=2003 android.view.ViewRootImpl$W@2c14dbc},callers=com.android.server.wm.WindowContainer.removeChild:878 com.android.server.wm.WindowContainer.removeImmediately:931 com.android.server.wm.WindowToken.setExiting:211 com.android.server.wm.DisplayContent.removeWindowToken:1438 com.android.server.wm.WindowToken.removeImmediately:333 com.android.server.wm.WindowToken.removeIfPossible:246 
06-27 18:41:37.352  1501  2139 D ActivityManager: getProcessesInErrorState callingUid=10387, CallingPid=5076
06-27 18:41:37.496  1501  2139 D ActivityManager: getProcessesInErrorState callingUid=10387, CallingPid=5076
06-27 18:41:37.820  1501  1501 D MBrainLocalService: notifyNetworkChange failed
06-27 18:41:37.856  1501  1973 D ActivityManager: getProcessesInErrorState callingUid=10387, CallingPid=5076
06-27 18:41:38.000  1501  1973 D ActivityManager: getProcessesInErrorState callingUid=10387, CallingPid=5076
06-27 18:41:38.361  1501  1973 D ActivityManager: getProcessesInErrorState callingUid=10387, CallingPid=5076
06-27 18:41:38.504  1501  1973 D ActivityManager: getProcessesInErrorState callingUid=10387, CallingPid=5076
06-27 18:41:38.866  1501  3019 D ActivityManager: getProcessesInErrorState callingUid=10387, CallingPid=5076
06-27 18:41:39.008  1501  3019 D ActivityManager: getProcessesInErrorState callingUid=10387, CallingPid=5076
06-27 18:41:39.369  1501  3019 D ActivityManager: getProcessesInErrorState callingUid=10387, CallingPid=5076
06-27 18:41:39.511  1501  3019 D ActivityManager: getProcessesInErrorState callingUid=10387, CallingPid=5076
06-27 18:41:39.873  1501  1973 D ActivityManager: getProcessesInErrorState callingUid=10387, CallingPid=5076
06-27 18:41:40.015  1501  1973 D ActivityManager: getProcessesInErrorState callingUid=10387, CallingPid=5076
06-27 18:41:40.376  1501  1973 D ActivityManager: getProcessesInErrorState callingUid=10387, CallingPid=5076
06-27 18:41:40.518  1501  1973 D ActivityManager: getProcessesInErrorState callingUid=10387, CallingPid=5076
06-27 18:41:40.865  1501  1501 D MBrainLocalService: notifyNetworkChange failed
06-27 18:41:40.881  1501  2139 D ActivityManager: getProcessesInErrorState callingUid=10387, CallingPid=5076
06-27 18:41:41.021  1501  1704 D ActivityManager: getProcessesInErrorState callingUid=10387, CallingPid=5076
06-27 18:41:41.384  1501  1704 D ActivityManager: getProcessesInErrorState callingUid=10387, CallingPid=5076
06-27 18:41:41.476  1501  1704 I UsbPortManager: AIDL UsbDataStatus:1
06-27 18:41:41.476  1501  1704 I UsbPortManager: ClientCallback AIDL V1: port0
06-27 18:41:41.481  1501  1704 I UsbPortManager: AIDL UsbDataStatus:1
06-27 18:41:41.481  1501  1704 I UsbPortManager: ClientCallback AIDL V1: port0
06-27 18:41:41.483  1501  1704 I UsbPortManager: AIDL UsbDataStatus:1
06-27 18:41:41.483  1501  1704 I UsbPortManager: ClientCallback AIDL V1: port0
06-27 18:41:41.484  1501  1586 I UsbPortManager: USB port changed: port=UsbPort{id=port0, supportedModes=dual, supportedContaminantProtectionModes=0, supportsEnableContaminantPresenceProtection=false, supportsEnableContaminantPresenceDetection=false, supportsComplianceWarnings=false, status=UsbPortStatus{connected=true, currentMode=dfp, currentPowerRole=source, currentDataRole=host, supportedRoleCombinations=[source:host, sink:device], contaminantDetectionStatus=0, contaminantProtectionStatus=0, usbDataStatus=enabled, isPowerTransferLimited=false, powerBrickConnectionStatus=unknown, complianceWarnings=[], plugState=0, displayPortAltModeInfo=null}, canChangeMode=true, canChangePowerRole=false, canChangeDataRole=false, connectedAtMillis=69118127, lastConnectDurationMillis=0
06-27 18:41:41.485  1501  1704 I UsbPortManager: AIDL UsbDataStatus:1
06-27 18:41:41.485  1501  1704 I UsbPortManager: ClientCallback AIDL V1: port0
06-27 18:41:41.486  1501  1704 I UsbPortManager: AIDL UsbDataStatus:1
06-27 18:41:41.486  1501  1704 I UsbPortManager: ClientCallback AIDL V1: port0
06-27 18:41:41.487  1501  1704 I UsbPortManager: AIDL UsbDataStatus:1
06-27 18:41:41.487  1501  1704 I UsbPortManager: ClientCallback AIDL V1: port0
06-27 18:41:41.524  1501  1704 D ActivityManager: getProcessesInErrorState callingUid=10387, CallingPid=5076
06-27 18:41:41.888  1501  2863 D ActivityManager: getProcessesInErrorState callingUid=10387, CallingPid=5076
06-27 18:41:42.028  1501  2863 D ActivityManager: getProcessesInErrorState callingUid=10387, CallingPid=5076
06-27 18:41:42.313  1501  1744 V Configuration: Updating configuration, locales updated from [ru_BY,en_US] to [en_US]
06-27 18:41:42.314  1501  1744 V Resources: Updating configuration, with default locale en and selected locales [en-US]
06-27 18:41:42.336  1501  1744 E WindowManager: Display reconfigured outside of a transition: Display{#0 state=ON size=1600x2560 ROTATION_0}
06-27 18:41:42.337  1501  1641 D BrightnessThermalClamper: Thermal status observer already started
06-27 18:41:42.340  1501  1587 D WindowManager: DeferredDisplayUpdater: partially applying DisplayInfo(1600 x 2560) immediately
06-27 18:41:42.364  1501  1614 I UsbAlsaManager: alsaFileAdded(pcmC1D0c)
06-27 18:41:42.365  1501  1614 D UsbAlsaManager: Adding ALSA device card=1
06-27 18:41:42.365  1501  1614 I UsbAlsaManager: alsaFileAdded(controlC1)
06-27 18:41:42.365  1501  1614 I UsbAlsaManager: Unknown type file(controlC1) added.
06-27 18:41:42.391  1501  4594 D ActivityManager: getProcessesInErrorState callingUid=10387, CallingPid=5076
06-27 18:41:42.393  1501  1877 D UsbHostManager: USB device attached: vidpid 328f:00c7 mfg/product/ver/serial EMEET/EMEET Piko+/14.01/A251214001001123 hasAudio/HID/Storage: true/true/false
06-27 18:41:42.413  1501  1877 D UsbHostManager: Added device UsbDevice[mName=/dev/bus/usb/001/002,mVendorId=12943,mProductId=199,mClass=239,mSubclass=2,mProtocol=1,mManufacturerName=EMEET,mProductName=EMEET Piko+,mVersion=14.01,mSerialNumberReader=com.android.server.usb.UsbSerialReader@e8d7328, mHasAudioPlayback=false, mHasAudioCapture=true, mHasMidi=false, mHasVideoCapture=true, mHasVideoPlayback=true, mConfigurations=[
06-27 18:41:42.413  1501  1877 D UsbHostManager: UsbConfiguration[mId=1,mName=null,mAttributes=128,mMaxPower=250,mInterfaces=[
06-27 18:41:42.413  1501  1877 D UsbHostManager: UsbInterface[mId=0,mAlternateSetting=0,mName=null,mClass=14,mSubclass=1,mProtocol=0,mEndpoints=[
06-27 18:41:42.413  1501  1877 D UsbHostManager: UsbEndpoint[mAddress=129,mAttributes=3,mMaxPacketSize=16,mInterval=8]]
06-27 18:41:42.413  1501  1877 D UsbHostManager: UsbInterface[mId=1,mAlternateSetting=0,mName=null,mClass=14,mSubclass=2,mProtocol=0,mEndpoints=[]
06-27 18:41:42.413  1501  1877 D UsbHostManager: UsbInterface[mId=1,mAlternateSetting=1,mName=null,mClass=14,mSubclass=2,mProtocol=0,mEndpoints=[
06-27 18:41:42.413  1501  1877 D UsbHostManager: UsbEndpoint[mAddress=130,mAttributes=5,mMaxPacketSize=192,mInterval=1]]
06-27 18:41:42.413  1501  1877 D UsbHostManager: UsbInterface[mId=1,mAlternateSetting=2,mName=null,mClass=14,mSubclass=2,mProtocol=0,mEndpoints=[
06-27 18:41:42.413  1501  1877 D UsbHostManager: UsbEndpoint[mAddress=130,mAttributes=5,mMaxPacketSize=384,mInterval=1]]
06-27 18:41:42.413  1501  1877 D UsbHostManager: UsbInterface[mId=1,mAlternateSetting=3,mName=null,mClass=14,mSubclass=2,mProtocol=0,mEndpoints=[
06-27 18:41:42.413  1501  1877 D UsbHostManager: UsbEndpoint[mAddress=130,mAttributes=5,mMaxPacketSize=512,mInterval=1]]
06-27 18:41:42.413  1501  1877 D UsbHostManager: UsbInterface[mId=1,mAlternateSetting=4,mName=null,mClass=14,mSubclass=2,mProtocol=0,mEndpoints=[
06-27 18:41:42.413  1501  1877 D UsbHostManager: UsbEndpoint[mAddress=130,mAttributes=5,mMaxPacketSize=640,mInterval=1]]
06-27 18:41:42.413  1501  1877 D UsbHostManager: UsbInterface[mId=1,mAlternateSetting=5,mName=null,mClass=14,mSubclass=2,mProtocol=0,mEndpoints=[
06-27 18:41:42.413  1501  1877 D UsbHostManager: UsbEndpoint[mAddress=130,mAttributes=5,mMaxPacketSize=800,mInterval=1]]
06-27 18:41:42.413  1501  1877 D UsbHostManager: UsbInterface[mId=1,mAlternateSetting=6,mName=null,mClass=14,mSubclass=2,mProtocol=0,mEndpoints=[
06-27 18:41:42.413  1501  1877 D UsbHostManager: UsbEndpoint[mAddress=130,mAttributes=5,mMaxPacketSize=944,mInterval=1]]
06-27 18:41:42.413  1501  1877 D UsbHostManager: UsbInterface[mId=1,mAlternateSetting=7,mName=null,mClass=14,mSubclass=2,mProtocol=0,mEndpoints=[
06-27 18:41:42.413  1501  1877 D UsbHostManager: UsbEndpoint[mAddress=130,mAttributes=5,mMaxPacketSize=2688,mInterval=1]]
06-27 18:41:42.413  1501  1877 D UsbHostManager: UsbInterface[mId=1,mAlternateSetting=8,mName=null,mClass=14,mSubclass=2,mProtocol=0,mEndpoints=[
06-27 18:41:42.413  1501  1877 D UsbHostManager: UsbEndpoint[mAddress=130,mAttributes=5,mMaxPacketSize=2848,mInterval=1]]
06-27 18:41:42.413  1501  1877 D UsbHostManager: UsbInterface[mId=1,mAlternateSetting=9,mName=null,mClass=14,mSubclass=2,mProtocol=0,mEndpoints=[
06-27 18:41:42.413  1501  1877 D UsbHostManager: UsbEndpoint[mAddress=130,mAttributes=5,mMaxPacketSize=3040,mInterval=1]]
06-27 18:41:42.413  1501  1877 D UsbHostManager: UsbInterface[mId=1,mAlternateSetting=10,mName=null,mClass=14,mSubclass=2,mProtocol=0,mEndpoints=[
06-27 18:41:42.413  1501  1877 D UsbHostManager: UsbEndpoint[mAddress=130,mAttributes=5,mMaxPacketSize=4992,mInterval=1]]
06-27 18:41:42.413  1501  1877 D UsbHostManager: UsbInterface[mId=1,mAlternateSetting=11,mName=null,mClass=14,mSubclass=2,mProtocol=0,mEndpoints=[
06-27 18:41:42.413  1501  1877 D UsbHostManager: UsbEndpoint[mAddress=130,mAttributes=5,mMaxPacketSize=5120,mInterval=1]]
06-27 18:41:42.413  1501  1877 D UsbHostManager: UsbInterface[mId=2,mAlternateSetting=0,mName=null,mClass=1,mSubclass=1,mProtocol=0,mEndpoints=[]
06-27 18:41:42.413  1501  1877 D UsbHostManager: UsbInterface[mId=3,mAlternateSetting=0,mName=null,mClass=1,mSubclass=2,mProtocol=0,mEndpoints=[]
06-27 18:41:42.413  1501  1877 D UsbHostManager: UsbInterface[mId=3,mAlternateSetting=1,mName=null,mClass=1,mSubclass=2,mProtocol=0,mEndpoints=[
06-27 18:41:42.413  1501  1877 D UsbHostManager: UsbEndpoint[mAddress=131,mAttributes=1,mMaxPacketSize=128,mInterval=4]]
06-27 18:41:42.413  1501  1877 D UsbHostManager: UsbInterface[mId=4,mAlternateSetting=0,mName=null,mClass=3,mSubclass=0,mProtocol=0,mEndpoints=[
06-27 18:41:42.413  1501  1877 D UsbHostManager: UsbEndpoint[mAddress=132,mAttributes=3,mMaxPacketSize=32,mInterval=4]
06-27 18:41:42.413  1501  1877 D UsbHostManager: UsbEndpoint[mAddress=1,mAttributes=3,mMaxPacketSize=32,mInterval=4]]]]
06-27 18:41:42.429  1501  1598 D ActivityManager: sync unfroze 29143 com.viber.voip for 3
06-27 18:41:42.431  1501  1877 D UsbProfileGroupSettingsManager: starting of usb overlay activities
06-27 18:41:42.432  1501  1598 D ActivityManager: sync unfroze 22269 com.alibaba.intl.android.apps.poseidon:channel for 3
06-27 18:41:42.433  1501  1877 V Configuration: Updating configuration, locales updated from [ru_BY,en_US] to [en_US]
06-27 18:41:42.433  1501  1877 V Resources: Updating configuration, with default locale en and selected locales [en-US]
06-27 18:41:42.434  1501  1598 D ActivityManager: sync unfroze 12660 com.alibaba.intl.android.apps.poseidon for 3
06-27 18:41:42.436  1501  1598 D ActivityManager: sync unfroze 11932 com.android.chrome:sandboxed_process0:org.chromium.content.app.SandboxedProcessService0:0 for 3
06-27 18:41:42.436  1501  1877 V Configuration: Updating configuration, locales updated from [ru_BY,en_US] to [en_US]
06-27 18:41:42.436  1501  1877 V Resources: Updating configuration, with default locale en and selected locales [en-US]
06-27 18:41:42.437  1501  1598 D ActivityManager: sync unfroze 11828 com.android.chrome for 3
06-27 18:41:42.438  1501  1877 V Configuration: Updating configuration, locales updated from [ru_BY,en_US] to [en_US]
06-27 18:41:42.438  1501  1877 V Resources: Updating configuration, with default locale en and selected locales [en-US]
06-27 18:41:42.441  1501  1877 V Configuration: Updating configuration, locales updated from [ru_BY,en_US] to [en_US]
06-27 18:41:42.441  1501  1877 V Resources: Updating configuration, with default locale en and selected locales [en-US]
06-27 18:41:42.443  1501  1598 D ActivityManager: sync unfroze 3189 android.process.media for 3
06-27 18:41:42.443  1501  1877 V Configuration: Updating configuration, locales updated from [ru_BY,en_US] to [en_US]
06-27 18:41:42.443  1501  1877 V Resources: Updating configuration, with default locale en and selected locales [en-US]
06-27 18:41:42.444  1501  1877 W UsbProfileGroupSettingsManager: no meta-data for ResolveInfo{2269f3b uk.co.powgames.gamecondiag/.MainActivity m=0x108000 userHandle=UserHandle{0}}
06-27 18:41:42.445  1501  1877 I UsbAlsaManager: waitForAlsaDevice for device card=1, isAdded=true, found=true
06-27 18:41:42.445  1501  1877 I UsbAlsaManager: Ignore caching device as the type is NONE, device=UsbAlsaDevice: [card: 1, device: 0, name: EMEET Piko+, hasOutput: false, hasInput: true]
06-27 18:41:42.446  1501  1877 D UsbAlsaDevice: Unable to set device connection state as OUTPUT device type is none
06-27 18:41:42.446  1501  1877 I UsbAlsaDevice: INPUT JACK connected: true
06-27 18:41:42.446  1501  1598 D ActivityManager: sync unfroze 13073 org.fdroid.fdroid for 3
06-27 18:41:42.450  1501  3019 W UriGrantsManagerService: No permission grants found for org.fdroid.fdroid
06-27 18:41:42.501  1501  1598 D ActivityManager: sync unfroze 20789 com.maxmpz.audioplayer for 3
06-27 18:41:42.504  1501  1501 D UsbIntentReceiver: notifyChange failed
06-27 18:41:42.507  1501  1598 D ActivityManager: sync unfroze 25191 com.google.android.projection.gearhead:car for 3
06-27 18:41:42.510  1501  1598 D ActivityManager: sync unfroze 19592 com.android.DeviceAsWebcam for 3
06-27 18:41:42.530  1501  2139 D ActivityManager: getProcessesInErrorState callingUid=10387, CallingPid=5076
06-27 18:41:42.541  1501  1501 I Telecom-WiredHeadsetManager: ACTION_HEADSET_PLUG event, plugged in: true, : WHC.oADA@DDw
06-27 18:41:42.542  1501  2126 I Telecom : CallAudioRouteController: Message received: CONNECT_WIRED_HEADSET=1, arg1=0: WHC.oADA->CARC.pM_CONNECT_WIRED_HEADSET@DDw
06-27 18:41:42.542  1501  2126 I Telecom : AudioRoute$Factory: createRetry; type=TYPE_WIRED_HEADSET, address=null, retryCount=2: WHC.oADA->CARC.pM_CONNECT_WIRED_HEADSET@DDw
06-27 18:41:42.542  1501  2126 I Telecom : AudioRoute$Factory: type: 2: WHC.oADA->CARC.pM_CONNECT_WIRED_HEADSET@DDw
06-27 18:41:42.894  1501  2863 D ActivityManager: getProcessesInErrorState callingUid=10387, CallingPid=5076
06-27 18:41:42.976   551 15920 I keystore2: system/security/keystore2/watchdog/src/lib.rs:377 - Watchdog thread idle -> terminating. Have a great day.
06-27 18:41:43.031  1501  2863 D ActivityManager: getProcessesInErrorState callingUid=10387, CallingPid=5076
06-27 18:41:43.042  1501 20937 I Telecom : AudioRoute$Factory: createRetry; type=TYPE_WIRED_HEADSET, address=null, retryCount=1
06-27 18:41:43.043  1501 20937 I Telecom : AudioRoute$Factory: type: 2
06-27 18:41:43.333  1501  3019 W OptProp : Cannot read opt property android.window.PROPERTY_COMPAT_ALLOW_RESIZEABLE_ACTIVITY_OVERRIDES
06-27 18:41:43.333  1501  3019 W OptProp : Cannot read opt property android.window.PROPERTY_COMPAT_ALLOW_MIN_ASPECT_RATIO_OVERRIDE
