06-27 18:38:47.163  1501  1913 D ActivityManager: getProcessesInErrorState callingUid=10387, CallingPid=5076
06-27 18:38:47.415  1501  1913 D ActivityManager: getProcessesInErrorState callingUid=10387, CallingPid=5076
06-27 18:38:47.665  1501  2139 D ActivityManager: getProcessesInErrorState callingUid=10387, CallingPid=5076
06-27 18:38:47.917  1501  2139 D ActivityManager: getProcessesInErrorState callingUid=10387, CallingPid=5076
06-27 18:38:48.167  1501  2139 D ActivityManager: getProcessesInErrorState callingUid=10387, CallingPid=5076
06-27 18:38:48.419  1501  2139 D ActivityManager: getProcessesInErrorState callingUid=10387, CallingPid=5076
06-27 18:38:48.670  1501  1913 D ActivityManager: getProcessesInErrorState callingUid=10387, CallingPid=5076
06-27 18:38:48.921  1501  1913 D ActivityManager: getProcessesInErrorState callingUid=10387, CallingPid=5076
06-27 18:38:49.172  1501  1913 D ActivityManager: getProcessesInErrorState callingUid=10387, CallingPid=5076
06-27 18:38:49.424  1501  1913 D ActivityManager: getProcessesInErrorState callingUid=10387, CallingPid=5076
06-27 18:38:49.675  1501  2139 D ActivityManager: getProcessesInErrorState callingUid=10387, CallingPid=5076
06-27 18:38:49.926  1501  2139 D ActivityManager: getProcessesInErrorState callingUid=10387, CallingPid=5076
06-27 18:38:50.177  1501  2139 D ActivityManager: getProcessesInErrorState callingUid=10387, CallingPid=5076
06-27 18:38:50.235  1501  1731 D ActivityManager: freezing 13073 org.fdroid.fdroid
06-27 18:38:50.238  1501  1731 D ActivityManager: freezing 3189 android.process.media
06-27 18:38:50.239  1501  1731 D ActivityManager: freezing 25191 com.google.android.projection.gearhead:car
06-27 18:38:50.241  1501  1731 D ActivityManager: freezing 22269 com.alibaba.intl.android.apps.poseidon:channel
06-27 18:38:50.243  1501  1731 D ActivityManager: freezing 12660 com.alibaba.intl.android.apps.poseidon
06-27 18:38:50.248  1501  1731 D ActivityManager: freezing 19592 com.android.DeviceAsWebcam
06-27 18:38:50.249  1501  1731 D ActivityManager: freezing 20789 com.maxmpz.audioplayer
06-27 18:38:50.428  1501  2139 D ActivityManager: getProcessesInErrorState callingUid=10387, CallingPid=5076
06-27 18:38:50.507  1501  1731 D ActivityManager: freezing 14827 com.android.externalstorage
06-27 18:38:50.679  1501  1913 D ActivityManager: getProcessesInErrorState callingUid=10387, CallingPid=5076
06-27 18:38:50.694  1501  1721 W AppOps  : Noting op not finished: uid 10106 pkg com.google.android.gms code 79 startTime of in progress event=1782567293037
06-27 18:38:50.697  1501  1913 W AppOps  : Noting op not finished: uid 10360 pkg com.google.android.apps.fitness code 79 startTime of in progress event=1782574660101
06-27 18:38:50.931  1501  1913 D ActivityManager: getProcessesInErrorState callingUid=10387, CallingPid=5076
06-27 18:38:51.182  1501  1913 D ActivityManager: getProcessesInErrorState callingUid=10387, CallingPid=5076
06-27 18:38:51.321   551 15030 I keystore2: system/security/keystore2/watchdog/src/lib.rs:377 - Watchdog thread idle -> terminating. Have a great day.
06-27 18:38:51.434  1501  1913 D ActivityManager: getProcessesInErrorState callingUid=10387, CallingPid=5076
06-27 18:38:51.684  1501  3023 D ActivityManager: getProcessesInErrorState callingUid=10387, CallingPid=5076
06-27 18:38:51.699  1501  3023 W AppOps  : Noting op not finished: uid 10360 pkg com.google.android.apps.fitness code 79 startTime of in progress event=1782574660101
06-27 18:38:51.895  1501  1731 D ActivityManager: freezing 11875 com.android.chrome:privileged_process0
06-27 18:38:51.897  1501  1731 D ActivityManager: freezing 11932 com.android.chrome:sandboxed_process0:org.chromium.content.app.SandboxedProcessService0:0
06-27 18:38:51.936  1501  3023 D ActivityManager: getProcessesInErrorState callingUid=10387, CallingPid=5076
06-27 18:38:52.187  1501  3023 D ActivityManager: getProcessesInErrorState callingUid=10387, CallingPid=5076
06-27 18:38:52.438  1501  3023 D ActivityManager: getProcessesInErrorState callingUid=10387, CallingPid=5076
06-27 18:38:52.689  1501  1569 D ActivityManager: getProcessesInErrorState callingUid=10387, CallingPid=5076
06-27 18:38:52.940  1501  1569 D ActivityManager: getProcessesInErrorState callingUid=10387, CallingPid=5076
06-27 18:38:53.191  1501  1569 D ActivityManager: getProcessesInErrorState callingUid=10387, CallingPid=5076
06-27 18:38:53.442  1501  1569 D ActivityManager: getProcessesInErrorState callingUid=10387, CallingPid=5076
06-27 18:38:53.693  1501  3023 D ActivityManager: getProcessesInErrorState callingUid=10387, CallingPid=5076
06-27 18:38:53.944  1501  3023 D ActivityManager: getProcessesInErrorState callingUid=10387, CallingPid=5076
06-27 18:38:54.195  1501  3023 D ActivityManager: getProcessesInErrorState callingUid=10387, CallingPid=5076
06-27 18:38:54.447  1501  1569 D ActivityManager: getProcessesInErrorState callingUid=10387, CallingPid=5076
06-27 18:38:54.698  1501  3023 D ActivityManager: getProcessesInErrorState callingUid=10387, CallingPid=5076
06-27 18:38:54.949  1501  3023 D ActivityManager: getProcessesInErrorState callingUid=10387, CallingPid=5076
06-27 18:38:55.200  1501  3023 D ActivityManager: getProcessesInErrorState callingUid=10387, CallingPid=5076
06-27 18:38:55.452  1501  1569 D ActivityManager: getProcessesInErrorState callingUid=10387, CallingPid=5076
06-27 18:38:55.703  1501  3023 D ActivityManager: getProcessesInErrorState callingUid=10387, CallingPid=5076
06-27 18:38:55.954  1501  3023 D ActivityManager: getProcessesInErrorState callingUid=10387, CallingPid=5076
06-27 18:38:56.205  1501  3023 D ActivityManager: getProcessesInErrorState callingUid=10387, CallingPid=5076
06-27 18:38:56.456  1501  3023 D ActivityManager: getProcessesInErrorState callingUid=10387, CallingPid=5076
06-27 18:38:56.707  1501  1569 D ActivityManager: getProcessesInErrorState callingUid=10387, CallingPid=5076
06-27 18:38:56.958  1501  3023 D ActivityManager: getProcessesInErrorState callingUid=10387, CallingPid=5076
06-27 18:38:57.210  1501  3023 D ActivityManager: getProcessesInErrorState callingUid=10387, CallingPid=5076
06-27 18:38:57.460  1501  3023 D ActivityManager: getProcessesInErrorState callingUid=10387, CallingPid=5076
06-27 18:38:57.712  1501  2139 D ActivityManager: getProcessesInErrorState callingUid=10387, CallingPid=5076
06-27 18:38:57.963  1501  2139 D ActivityManager: getProcessesInErrorState callingUid=10387, CallingPid=5076
06-27 18:38:58.215  1501  3023 D ActivityManager: getProcessesInErrorState callingUid=10387, CallingPid=5076
06-27 18:38:58.465  1501  3023 D ActivityManager: getProcessesInErrorState callingUid=10387, CallingPid=5076
06-27 18:38:58.717  1501  2139 D ActivityManager: getProcessesInErrorState callingUid=10387, CallingPid=5076
06-27 18:38:58.967  1501  2139 D ActivityManager: getProcessesInErrorState callingUid=10387, CallingPid=5076
06-27 18:38:59.220  1501  2139 D ActivityManager: getProcessesInErrorState callingUid=10387, CallingPid=5076
06-27 18:38:59.469  1501  2139 D ActivityManager: getProcessesInErrorState callingUid=10387, CallingPid=5076
06-27 18:38:59.722  1501  3023 D ActivityManager: getProcessesInErrorState callingUid=10387, CallingPid=5076
06-27 18:38:59.971  1501  3023 D ActivityManager: getProcessesInErrorState callingUid=10387, CallingPid=5076
06-27 18:39:00.225  1501  3023 D ActivityManager: getProcessesInErrorState callingUid=10387, CallingPid=5076
06-27 18:39:00.474  1501  2139 D ActivityManager: getProcessesInErrorState callingUid=10387, CallingPid=5076
06-27 18:39:00.727  1501  2139 D ActivityManager: getProcessesInErrorState callingUid=10387, CallingPid=5076
06-27 18:39:00.791  1501  1833 D BackgroundInstallControlService: Package event received: 0
06-27 18:39:00.976  1501  3023 D ActivityManager: getProcessesInErrorState callingUid=10387, CallingPid=5076
06-27 18:39:01.229  1501  3023 D ActivityManager: getProcessesInErrorState callingUid=10387, CallingPid=5076
06-27 18:39:01.478  1501  3023 D ActivityManager: getProcessesInErrorState callingUid=10387, CallingPid=5076
06-27 18:39:01.613  1501  1501 D MBrainLocalService: notifyNetworkChange failed
06-27 18:39:01.732  1501  1569 D ActivityManager: getProcessesInErrorState callingUid=10387, CallingPid=5076
06-27 18:39:01.981  1501  1871 D ActivityManager: getProcessesInErrorState callingUid=10387, CallingPid=5076
06-27 18:39:02.234  1501  1569 D ActivityManager: getProcessesInErrorState callingUid=10387, CallingPid=5076
06-27 18:39:02.483  1501  1569 D ActivityManager: getProcessesInErrorState callingUid=10387, CallingPid=5076
06-27 18:39:02.736  1501  1871 D ActivityManager: getProcessesInErrorState callingUid=10387, CallingPid=5076
06-27 18:39:02.986  1501  1871 D ActivityManager: getProcessesInErrorState callingUid=10387, CallingPid=5076
06-27 18:39:03.239  1501  1871 D ActivityManager: getProcessesInErrorState callingUid=10387, CallingPid=5076
06-27 18:39:03.488  1501  1871 D ActivityManager: getProcessesInErrorState callingUid=10387, CallingPid=5076
06-27 18:39:03.741  1501  1569 D ActivityManager: getProcessesInErrorState callingUid=10387, CallingPid=5076
06-27 18:39:03.989  1501  1569 D ActivityManager: getProcessesInErrorState callingUid=10387, CallingPid=5076
06-27 18:39:04.243  1501  1569 D ActivityManager: getProcessesInErrorState callingUid=10387, CallingPid=5076
06-27 18:39:04.492  1501  1871 D ActivityManager: getProcessesInErrorState callingUid=10387, CallingPid=5076
06-27 18:39:04.746  1501  1569 D ActivityManager: getProcessesInErrorState callingUid=10387, CallingPid=5076
06-27 18:39:04.994  1501  1569 D ActivityManager: getProcessesInErrorState callingUid=10387, CallingPid=5076
06-27 18:39:05.248  1501  1569 D ActivityManager: getProcessesInErrorState callingUid=10387, CallingPid=5076
06-27 18:39:05.496  1501  1569 D ActivityManager: getProcessesInErrorState callingUid=10387, CallingPid=5076
06-27 18:39:05.750  1501  1871 D ActivityManager: getProcessesInErrorState callingUid=10387, CallingPid=5076
06-27 18:39:05.999  1501  1569 D ActivityManager: getProcessesInErrorState callingUid=10387, CallingPid=5076
06-27 18:39:06.253  1501  3023 D ActivityManager: getProcessesInErrorState callingUid=10387, CallingPid=5076
06-27 18:39:06.501  1501  3023 D ActivityManager: getProcessesInErrorState callingUid=10387, CallingPid=5076
06-27 18:39:06.755  1501  1871 D ActivityManager: getProcessesInErrorState callingUid=10387, CallingPid=5076
06-27 18:39:07.004  1501  1871 D ActivityManager: getProcessesInErrorState callingUid=10387, CallingPid=5076
06-27 18:39:07.258  1501  1871 D ActivityManager: getProcessesInErrorState callingUid=10387, CallingPid=5076
06-27 18:39:07.506  1501  1871 D ActivityManager: getProcessesInErrorState callingUid=10387, CallingPid=5076
06-27 18:39:07.670  1501  1501 D MBrainLocalService: notifyNetworkChange failed
06-27 18:39:07.760  1501  1569 D ActivityManager: getProcessesInErrorState callingUid=10387, CallingPid=5076
06-27 18:39:08.008  1501  1569 D ActivityManager: getProcessesInErrorState callingUid=10387, CallingPid=5076
06-27 18:39:08.262  1501  4594 D ActivityManager: getProcessesInErrorState callingUid=10387, CallingPid=5076
06-27 18:39:08.510  1501  4594 D ActivityManager: getProcessesInErrorState callingUid=10387, CallingPid=5076
06-27 18:39:08.765  1501  1569 D ActivityManager: getProcessesInErrorState callingUid=10387, CallingPid=5076
06-27 18:39:09.012  1501  1569 D ActivityManager: getProcessesInErrorState callingUid=10387, CallingPid=5076
06-27 18:39:09.267  1501  1569 D ActivityManager: getProcessesInErrorState callingUid=10387, CallingPid=5076
06-27 18:39:09.515  1501  1569 D ActivityManager: getProcessesInErrorState callingUid=10387, CallingPid=5076
06-27 18:39:09.769  1501  1569 D ActivityManager: getProcessesInErrorState callingUid=10387, CallingPid=5076
06-27 18:39:10.017  1501  1569 D ActivityManager: getProcessesInErrorState callingUid=10387, CallingPid=5076
06-27 18:39:10.272  1501  1569 D ActivityManager: getProcessesInErrorState callingUid=10387, CallingPid=5076
06-27 18:39:10.520  1501  1569 D ActivityManager: getProcessesInErrorState callingUid=10387, CallingPid=5076
06-27 18:39:10.561  1501  1731 D ActivityManager: freezing 9764 com.google.android.gms
06-27 18:39:10.702  1501  1501 D MBrainLocalService: notifyNetworkChange failed
06-27 18:39:10.774  1501  1913 D ActivityManager: getProcessesInErrorState callingUid=10387, CallingPid=5076
06-27 18:39:10.941  1501  1731 D ActivityManager: freezing 11828 com.android.chrome
06-27 18:39:10.943  1501  1731 D ActivityManager: freezing 29143 com.viber.voip
06-27 18:39:11.021  1501  1913 D ActivityManager: getProcessesInErrorState callingUid=10387, CallingPid=5076
06-27 18:39:11.276  1501  1569 D ActivityManager: getProcessesInErrorState callingUid=10387, CallingPid=5076
06-27 18:39:11.523  1501  1569 D ActivityManager: getProcessesInErrorState callingUid=10387, CallingPid=5076
06-27 18:39:11.778  1501  1913 D ActivityManager: getProcessesInErrorState callingUid=10387, CallingPid=5076
06-27 18:39:12.025  1501  1913 D ActivityManager: getProcessesInErrorState callingUid=10387, CallingPid=5076
06-27 18:39:12.281  1501  1913 D ActivityManager: getProcessesInErrorState callingUid=10387, CallingPid=5076
06-27 18:39:12.527  1501  1913 D ActivityManager: getProcessesInErrorState callingUid=10387, CallingPid=5076
06-27 18:39:12.783  1501  1569 D ActivityManager: getProcessesInErrorState callingUid=10387, CallingPid=5076
06-27 18:39:13.029  1501  1569 D ActivityManager: getProcessesInErrorState callingUid=10387, CallingPid=5076
06-27 18:39:13.285  1501  1569 D ActivityManager: getProcessesInErrorState callingUid=10387, CallingPid=5076
06-27 18:39:13.532  1501  1569 D ActivityManager: getProcessesInErrorState callingUid=10387, CallingPid=5076
06-27 18:39:13.753  1501  1501 D MBrainLocalService: notifyNetworkChange failed
06-27 18:39:13.787  1501  1569 D ActivityManager: getProcessesInErrorState callingUid=10387, CallingPid=5076
06-27 18:39:14.034  1501  1569 D ActivityManager: getProcessesInErrorState callingUid=10387, CallingPid=5076
06-27 18:39:14.290  1501  1569 D ActivityManager: getProcessesInErrorState callingUid=10387, CallingPid=5076
06-27 18:39:14.536  1501  1871 D ActivityManager: getProcessesInErrorState callingUid=10387, CallingPid=5076
06-27 18:39:14.792  1501  1913 D ActivityManager: getProcessesInErrorState callingUid=10387, CallingPid=5076
06-27 18:39:15.040  1501  1913 D ActivityManager: getProcessesInErrorState callingUid=10387, CallingPid=5076
06-27 18:39:15.294  1501  1913 D ActivityManager: getProcessesInErrorState callingUid=10387, CallingPid=5076
06-27 18:39:15.542  1501  1913 D ActivityManager: getProcessesInErrorState callingUid=10387, CallingPid=5076
06-27 18:39:15.796  1501  1871 D ActivityManager: getProcessesInErrorState callingUid=10387, CallingPid=5076
06-27 18:39:16.045  1501  1871 D ActivityManager: getProcessesInErrorState callingUid=10387, CallingPid=5076
06-27 18:39:16.298  1501  1871 D ActivityManager: getProcessesInErrorState callingUid=10387, CallingPid=5076
06-27 18:39:16.335  1501  1871 D CoreBackPreview: startBackNavigation currentTask=Task{1eafebe #19314 type=standard A=10500:com.kriniks.kcam.debug}, topRunningActivity=ActivityRecord{22319481 u0 com.kriniks.kcam.debug/com.kriniks.kcam.MainActivity t19314}, callbackInfo=OnBackInvokedCallbackInfo{mCallback=android.window.IOnBackInvokedCallback$Stub$Proxy@42c2bef, mPriority=0, mIsAnimationCallback=false, mOverrideBehavior=0}, currentFocus=Window{32ede82 u0 com.kriniks.kcam.debug/com.kriniks.kcam.MainActivity}
06-27 18:39:16.336  1878  1937 D ShellBackPreview: Received backNavigationInfo:BackNavigationInfo{mType=TYPE_CALLBACK (4), mOnBackNavigationDone=android.os.RemoteCallback@b5083c, mOnBackInvokedCallback=android.window.IOnBackInvokedCallback$Stub$Proxy@ffef9c5, mPrepareRemoteAnimation=false, mAnimationCallback=false, mCustomizeAnimationInfo=null}
06-27 18:39:16.434  1878  1937 D ShellBackPreview: Finishing gesture with event action: 3
06-27 18:39:16.434  1878  1937 D ShellBackPreview: onGestureFinished() mTriggerBack == false
06-27 18:39:16.435  1878  1937 D ShellBackPreview: Trigger back without dispatching to animator.
06-27 18:39:16.435  1878  1937 D ShellBackPreview: BackAnimationController: finishBackNavigation()
06-27 18:39:16.435  1501  1871 D CoreBackPreview: onBackNavigationDone backType=4, triggerBack=false
06-27 18:39:16.547  1501  1871 D ActivityManager: getProcessesInErrorState callingUid=10387, CallingPid=5076
06-27 18:39:16.581  1501  1913 D CoreBackPreview: Window{21fa7ff u0 NotificationShade}: Setting back callback OnBackInvokedCallbackInfo{mCallback=android.window.IOnBackInvokedCallback$Stub$Proxy@409655c, mPriority=0, mIsAnimationCallback=false, mOverrideBehavior=0}
06-27 18:39:16.601  1501  1871 I WindowManager: Relayout Window{21fa7ff u0 NotificationShade}: oldVis=4 newVis=0 focusMayChange = true requestedWidth = 1600 requestedHeight = 2560 outFrames = ClientWindowFrames{frame=[0,0][1600,2560] display=[0,0][1600,2560] parentFrame=[0,0][0,0]} outSurfaceControl = Surface(name=NotificationShade)/@0xfc4f706
06-27 18:39:16.628  1501  1913 D SystemServerTiming: getUserSwitchability-0
06-27 18:39:16.628  1501  1913 D SystemServerTiming: TM.isInCall
06-27 18:39:16.628  1501  1913 D SystemServerTiming: hasUserRestriction-DISALLOW_USER_SWITCH
06-27 18:39:16.628  1501  1913 D SystemServerTiming: getInt-ALLOW_USER_SWITCHING_WHEN_SYSTEM_USER_LOCKED
06-27 18:39:16.628  1501  1913 D SystemServerTiming: isUserUnlocked-USER_SYSTEM
06-27 18:39:16.628  1501  1913 D SystemServerTiming: getUserSwitchability-0
06-27 18:39:16.628  1501  1913 D SystemServerTiming: TM.isInCall
06-27 18:39:16.629  1501  1913 D SystemServerTiming: hasUserRestriction-DISALLOW_USER_SWITCH
06-27 18:39:16.629  1501  1913 D SystemServerTiming: getInt-ALLOW_USER_SWITCHING_WHEN_SYSTEM_USER_LOCKED
06-27 18:39:16.629  1501  1913 D SystemServerTiming: isUserUnlocked-USER_SYSTEM
06-27 18:39:16.650  1501  1871 W WindowManager: Changing focus from Window{32ede82 u0 com.kriniks.kcam.debug/com.kriniks.kcam.MainActivity} to Window{21fa7ff u0 NotificationShade} displayId=0 Callers=com.android.server.wm.RootWindowContainer.updateFocusedWindowLocked:466 com.android.server.wm.WindowManagerService.updateFocusedWindowLocked:6674 com.android.server.wm.WindowManagerService.relayoutWindow:2743 com.android.server.wm.Session.relayout:283 
06-27 18:39:16.779  1501  1501 D MBrainLocalService: notifyNetworkChange failed
06-27 18:39:16.799  1501  1871 D ActivityManager: getProcessesInErrorState callingUid=10387, CallingPid=5076
06-27 18:39:17.049  1501  4480 D ActivityManager: getProcessesInErrorState callingUid=10387, CallingPid=5076
06-27 18:39:17.113  1501  1833 D BackgroundInstallControlService: Package event received: 0
06-27 18:39:17.301  1501  1871 D ActivityManager: getProcessesInErrorState callingUid=10387, CallingPid=5076
06-27 18:39:17.552  1501  1871 D ActivityManager: getProcessesInErrorState callingUid=10387, CallingPid=5076
06-27 18:39:17.803  1501  4480 D ActivityManager: getProcessesInErrorState callingUid=10387, CallingPid=5076
06-27 18:39:18.054  1501  4480 D ActivityManager: getProcessesInErrorState callingUid=10387, CallingPid=5076
06-27 18:39:18.306  1501  4480 D ActivityManager: getProcessesInErrorState callingUid=10387, CallingPid=5076
06-27 18:39:18.556  1501  4480 D ActivityManager: getProcessesInErrorState callingUid=10387, CallingPid=5076
06-27 18:39:18.809  1501  1871 D ActivityManager: getProcessesInErrorState callingUid=10387, CallingPid=5076
06-27 18:39:19.058  1501  1871 D ActivityManager: getProcessesInErrorState callingUid=10387, CallingPid=5076
06-27 18:39:19.311  1501  1871 D ActivityManager: getProcessesInErrorState callingUid=10387, CallingPid=5076
06-27 18:39:19.559  1501  1871 D ActivityManager: getProcessesInErrorState callingUid=10387, CallingPid=5076
06-27 18:39:19.813  1501  4480 D ActivityManager: getProcessesInErrorState callingUid=10387, CallingPid=5076
06-27 18:39:20.061  1501  4480 D ActivityManager: getProcessesInErrorState callingUid=10387, CallingPid=5076
06-27 18:39:20.316  1501  4480 D ActivityManager: getProcessesInErrorState callingUid=10387, CallingPid=5076
06-27 18:39:20.563  1501  4480 D ActivityManager: getProcessesInErrorState callingUid=10387, CallingPid=5076
06-27 18:39:20.818  1501  1871 D ActivityManager: getProcessesInErrorState callingUid=10387, CallingPid=5076
06-27 18:39:21.064  1501  1871 D ActivityManager: getProcessesInErrorState callingUid=10387, CallingPid=5076
06-27 18:39:21.319  1501  1871 D ActivityManager: getProcessesInErrorState callingUid=10387, CallingPid=5076
06-27 18:39:21.567  1501  1871 D ActivityManager: getProcessesInErrorState callingUid=10387, CallingPid=5076
06-27 18:39:21.821  1501  4480 D ActivityManager: getProcessesInErrorState callingUid=10387, CallingPid=5076
06-27 18:39:22.069  1501  4480 D ActivityManager: getProcessesInErrorState callingUid=10387, CallingPid=5076
06-27 18:39:22.322  1501  4480 D ActivityManager: getProcessesInErrorState callingUid=10387, CallingPid=5076
06-27 18:39:22.570  1501  4480 D ActivityManager: getProcessesInErrorState callingUid=10387, CallingPid=5076
06-27 18:39:22.825  1501  1871 D ActivityManager: getProcessesInErrorState callingUid=10387, CallingPid=5076
06-27 18:39:23.072  1501  2655 D ActivityManager: getProcessesInErrorState callingUid=10387, CallingPid=5076
06-27 18:39:23.327  1501  2655 D ActivityManager: getProcessesInErrorState callingUid=10387, CallingPid=5076
06-27 18:39:23.575  1501  1569 D ActivityManager: getProcessesInErrorState callingUid=10387, CallingPid=5076
06-27 18:39:23.829  1501  1913 D ActivityManager: getProcessesInErrorState callingUid=10387, CallingPid=5076
06-27 18:39:24.077  1501  1913 D ActivityManager: getProcessesInErrorState callingUid=10387, CallingPid=5076
06-27 18:39:24.331  1501  1913 D ActivityManager: getProcessesInErrorState callingUid=10387, CallingPid=5076
06-27 18:39:24.578  1501  1569 D ActivityManager: getProcessesInErrorState callingUid=10387, CallingPid=5076
06-27 18:39:24.834  1501  2655 D ActivityManager: getProcessesInErrorState callingUid=10387, CallingPid=5076
06-27 18:39:24.924  1501  1833 D BackgroundInstallControlService: Package event received: 0
06-27 18:39:25.080  1501  2655 D ActivityManager: getProcessesInErrorState callingUid=10387, CallingPid=5076
06-27 18:39:25.336  1501  2655 D ActivityManager: getProcessesInErrorState callingUid=10387, CallingPid=5076
06-27 18:39:25.583  1501  2655 D ActivityManager: getProcessesInErrorState callingUid=10387, CallingPid=5076
06-27 18:39:25.838  1501  4594 D ActivityManager: getProcessesInErrorState callingUid=10387, CallingPid=5076
06-27 18:39:25.890  1501  4594 V SettingsProvider: name : screenrecord appId : 10142
06-27 18:39:25.890  1501  4594 V SettingsProvider: Package name : com.android.systemui privateFlags : -1938812568
06-27 18:39:25.896  1501  4594 V Configuration: Updating configuration, locales updated from [ru_BY,en_US] to [en_US]
06-27 18:39:25.896  1501  4594 V Resources: Updating configuration, with default locale en and selected locales [en-US]
06-27 18:39:25.908  1501  1833 D BackgroundInstallControlService: Package event received: 0
06-27 18:39:25.909  1501  1569 D ActivityManager: sync unfroze 5117 com.tailscale.ipn for 6
06-27 18:39:25.911  5117  5117 D ActivityThread: Package [com.kriniks.kcam.debug] reported as REPLACED, but missing application info. Assuming REMOVED.
06-27 18:39:25.912  1501  1569 V SettingsProvider: name : screenrecord appId : 10142
06-27 18:39:25.912  1501  1569 V SettingsProvider: Package name : com.android.systemui privateFlags : -1938812568
06-27 18:39:25.912  5117  5117 D ActivityThread: Package [com.kriniks.kcam.debug] reported as REPLACED, but missing application info. Assuming REMOVED.
06-27 18:39:25.913  5117  5117 D ActivityThread: Package [com.kriniks.kcam.debug] reported as REPLACED, but missing application info. Assuming REMOVED.
06-27 18:39:25.914  5117  5117 D ActivityThread: Package [com.kriniks.kcam.debug] reported as REPLACED, but missing application info. Assuming REMOVED.
06-27 18:39:26.051  1501  1871 V SettingsProvider: name : screenrecord appId : 10142
06-27 18:39:26.051  1501  1871 V SettingsProvider: Package name : com.android.systemui privateFlags : -1938812568
06-27 18:39:26.060  1501  4594 V SettingsProvider: name : screenrecord appId : 10142
06-27 18:39:26.060  1501  4594 V SettingsProvider: Package name : com.android.systemui privateFlags : -1938812568
06-27 18:39:26.086  1501  1871 D ActivityManager: getProcessesInErrorState callingUid=10387, CallingPid=5076
06-27 18:39:26.340  1501  1871 D ActivityManager: getProcessesInErrorState callingUid=10387, CallingPid=5076
06-27 18:39:26.384  1501  4594 I UsbPortManager: AIDL UsbDataStatus:1
06-27 18:39:26.384  1501  4594 I UsbPortManager: ClientCallback AIDL V1: port0
06-27 18:39:26.385  1501  4594 I UsbPortManager: AIDL UsbDataStatus:1
06-27 18:39:26.385  1501  4594 I UsbPortManager: ClientCallback AIDL V1: port0
06-27 18:39:26.385  1501  4594 I UsbPortManager: AIDL UsbDataStatus:1
06-27 18:39:26.385  1501  4594 I UsbPortManager: ClientCallback AIDL V1: port0
06-27 18:39:26.385  1501  4594 I UsbPortManager: AIDL UsbDataStatus:1
06-27 18:39:26.385  1501  4594 I UsbPortManager: ClientCallback AIDL V1: port0
06-27 18:39:26.385  1501  1569 I UsbPortManager: AIDL UsbDataStatus:1
06-27 18:39:26.385  1501  1569 I UsbPortManager: ClientCallback AIDL V1: port0
06-27 18:39:26.385  1501  1586 I UsbPortManager: USB port changed: port=UsbPort{id=port0, supportedModes=dual, supportedContaminantProtectionModes=0, supportsEnableContaminantPresenceProtection=false, supportsEnableContaminantPresenceDetection=false, supportsComplianceWarnings=false, status=UsbPortStatus{connected=false, currentMode=none, currentPowerRole=no-power, currentDataRole=no-data, supportedRoleCombinations=[no-power:no-data], contaminantDetectionStatus=0, contaminantProtectionStatus=0, usbDataStatus=enabled, isPowerTransferLimited=false, powerBrickConnectionStatus=unknown, complianceWarnings=[], plugState=0, displayPortAltModeInfo=null}, canChangeMode=true, canChangePowerRole=false, canChangeDataRole=false, connectedAtMillis=0, lastConnectDurationMillis=47270
06-27 18:39:26.385  1501  1569 I UsbPortManager: AIDL UsbDataStatus:1
06-27 18:39:26.385  1501  1569 I UsbPortManager: ClientCallback AIDL V1: port0
06-27 18:39:26.392  1501  1614 I UsbAlsaManager: Unknown type file(controlC1) added.
06-27 18:39:26.393  1501  1877 D UsbHostManager: Removed device at /dev/bus/usb/001/002: EMEET Piko+
06-27 18:39:26.393  1501  1877 I UsbAlsaManager: USB Audio Device Removed: UsbAlsaDevice: [card: 1, device: 0, name: EMEET Piko+, hasOutput: false, hasInput: true]
06-27 18:39:26.393  1501  1877 I UsbAlsaManager: waitForAlsaDevice for device card=1, isAdded=false, found=false
06-27 18:39:26.393  1501  1877 D UsbAlsaDevice: Unable to set device connection state as OUTPUT device type is none
06-27 18:39:26.394  1501  1877 I UsbAlsaDevice: INPUT JACK connected: true
06-27 18:39:26.395  1501  1744 E WindowManager: Display reconfigured outside of a transition: Display{#0 state=ON size=1600x2560 ROTATION_0}
06-27 18:39:26.414  1501  1598 D ActivityManager: sync unfroze 3189 android.process.media for 3
06-27 18:39:26.415  1501  1833 D BackgroundInstallControlService: Package event received: 0
06-27 18:39:26.415  1501  1833 D BackgroundInstallControlService: Package event received: 0
06-27 18:39:26.415  1501  1598 D ActivityManager: sync unfroze 13073 org.fdroid.fdroid for 3
06-27 18:39:26.457  1501  1501 I Telecom-WiredHeadsetManager: ACTION_HEADSET_PLUG event, plugged in: false, : WHC.oADR@DDI
06-27 18:39:26.458  1501  2126 I Telecom : CallAudioRouteController: Message received: DISCONNECT_WIRED_HEADSET=2, arg1=0: WHC.oADR->CARC.pM_DISCONNECT_WIRED_HEADSET@DDI
06-27 18:39:26.458  1501  2126 I Telecom : AudioRoute$Factory: createRetry; type=TYPE_EARPIECE, address=null, retryCount=2: WHC.oADR->CARC.pM_DISCONNECT_WIRED_HEADSET@DDI
06-27 18:39:26.458  1501  2126 I Telecom : AudioRoute$Factory: type: 2: WHC.oADR->CARC.pM_DISCONNECT_WIRED_HEADSET@DDI
06-27 18:39:26.469  1501  1833 D BackgroundInstallControlService: Package event received: 0
06-27 18:39:26.485  1501  1877 D UsbHostManager: Removed device at /dev/bus/usb/002/001 was already gone
06-27 18:39:26.505  1501  1877 D UsbHostManager: Removed device at /dev/bus/usb/001/001 was already gone
06-27 18:39:26.588  1501  4594 D ActivityManager: getProcessesInErrorState callingUid=10387, CallingPid=5076
06-27 18:39:26.843  1501  3023 D ActivityManager: getProcessesInErrorState callingUid=10387, CallingPid=5076
06-27 18:39:26.959  1501 20937 I Telecom : AudioRoute$Factory: createRetry; type=TYPE_EARPIECE, address=null, retryCount=1
06-27 18:39:26.959  1501 20937 I Telecom : AudioRoute$Factory: type: 2
06-27 18:39:27.090  1501  3023 D ActivityManager: getProcessesInErrorState callingUid=10387, CallingPid=5076
06-27 18:39:27.345  1501  3023 D ActivityManager: getProcessesInErrorState callingUid=10387, CallingPid=5076
06-27 18:39:27.403  1501  1598 D ActivityManager: sync unfroze 22269 com.alibaba.intl.android.apps.poseidon:channel for 3
06-27 18:39:27.405  1501  1598 D ActivityManager: sync unfroze 12660 com.alibaba.intl.android.apps.poseidon for 3
06-27 18:39:27.407  1501  1501 D UsbIntentReceiver: notifyChange failed
06-27 18:39:27.411  1501  1598 D ActivityManager: sync unfroze 25191 com.google.android.projection.gearhead:car for 3
06-27 18:39:27.411  1501  1598 D ActivityManager: sync unfroze 19592 com.android.DeviceAsWebcam for 3
06-27 18:39:27.414  1501  1598 D ActivityManager: sync unfroze 20789 com.maxmpz.audioplayer for 3
06-27 18:39:27.459  1501  2126 I Telecom : CallAudioRouteController: updateCallAudioState: updating call audio state to [AudioState isMuted: false, route: SPEAKER, supportedRouteMask: SPEAKER, activeBluetoothDevice: [null], supportedBluetoothDevices: []]: WHC.oADR->CARC.pM_DISCONNECT_WIRED_HEADSET@DDI
06-27 18:39:27.459  1501  2126 I Telecom : CallEndpointController: onCallAudioStateChanged, audioState: [AudioState isMuted: false, route: SPEAKER, supportedRouteMask: SPEAKER, activeBluetoothDevice: [], supportedBluetoothDevices: []] -> [AudioState isMuted: false, route: SPEAKER, supportedRouteMask: SPEAKER, activeBluetoothDevice: [], supportedBluetoothDevices: []]: WHC.oADR->CARC.pM_DISCONNECT_WIRED_HEADSET@DDI
06-27 18:39:27.592  1501  4594 D ActivityManager: getProcessesInErrorState callingUid=10387, CallingPid=5076
06-27 18:39:27.599  1501  4594 D ActivityManager: sync unfroze 14827 com.android.externalstorage for 7
06-27 18:39:27.847  1501  4594 D ActivityManager: getProcessesInErrorState callingUid=10387, CallingPid=5076
06-27 18:39:28.093  1501  4594 D ActivityManager: getProcessesInErrorState callingUid=10387, CallingPid=5076
06-27 18:39:28.347  1501  3023 D ActivityManager: getProcessesInErrorState callingUid=10387, CallingPid=5076
06-27 18:39:28.594  1501  4594 D ActivityManager: getProcessesInErrorState callingUid=10387, CallingPid=5076
06-27 18:39:28.669  1501  4594 W WindowManager: Changing focus from Window{21fa7ff u0 NotificationShade} to Window{32ede82 u0 com.kriniks.kcam.debug/com.kriniks.kcam.MainActivity} displayId=0 Callers=com.android.server.wm.RootWindowContainer.updateFocusedWindowLocked:466 com.android.server.wm.WindowManagerService.updateFocusedWindowLocked:6674 com.android.server.wm.WindowManagerService.relayoutWindow:2743 com.android.server.wm.Session.relayout:283 
06-27 18:39:28.670  1501  4594 D CoreBackPreview: Window{21fa7ff u0 NotificationShade}: Setting back callback null
06-27 18:39:28.690  1501  3023 W PackageConfigPersister: App-specific configuration not found for packageName: com.kriniks.kcam.debug and userId: 0
06-27 18:39:28.848  1501  1913 D ActivityManager: getProcessesInErrorState callingUid=10387, CallingPid=5076
06-27 18:39:29.094  1501  3023 D ActivityManager: getProcessesInErrorState callingUid=10387, CallingPid=5076
06-27 18:39:29.349  1501  3023 D ActivityManager: getProcessesInErrorState callingUid=10387, CallingPid=5076
06-27 18:39:29.594  1501  3023 D ActivityManager: getProcessesInErrorState callingUid=10387, CallingPid=5076
06-27 18:39:29.850  1501  3023 D ActivityManager: getProcessesInErrorState callingUid=10387, CallingPid=5076
06-27 18:39:29.904  1501  3023 I UsbPortManager: AIDL UsbDataStatus:1
06-27 18:39:29.904  1501  3023 I UsbPortManager: ClientCallback AIDL V1: port0
06-27 18:39:29.904  1501  3023 I UsbPortManager: AIDL UsbDataStatus:1
06-27 18:39:29.904  1501  3023 I UsbPortManager: ClientCallback AIDL V1: port0
06-27 18:39:29.904  1501  1586 I UsbPortManager: USB port changed: port=UsbPort{id=port0, supportedModes=dual, supportedContaminantProtectionModes=0, supportsEnableContaminantPresenceProtection=false, supportsEnableContaminantPresenceDetection=false, supportsComplianceWarnings=false, status=UsbPortStatus{connected=true, currentMode=dfp, currentPowerRole=source, currentDataRole=host, supportedRoleCombinations=[source:host, sink:device], contaminantDetectionStatus=0, contaminantProtectionStatus=0, usbDataStatus=enabled, isPowerTransferLimited=false, powerBrickConnectionStatus=unknown, complianceWarnings=[], plugState=0, displayPortAltModeInfo=null}, canChangeMode=true, canChangePowerRole=false, canChangeDataRole=false, connectedAtMillis=68986549, lastConnectDurationMillis=0
06-27 18:39:29.904  1501  1913 I UsbPortManager: AIDL UsbDataStatus:1
06-27 18:39:29.904  1501  1913 I UsbPortManager: ClientCallback AIDL V1: port0
06-27 18:39:29.904  1501  1913 I UsbPortManager: AIDL UsbDataStatus:1
06-27 18:39:29.904  1501  1913 I UsbPortManager: ClientCallback AIDL V1: port0
06-27 18:39:29.905  1501  1913 I UsbPortManager: AIDL UsbDataStatus:1
06-27 18:39:29.905  1501  1913 I UsbPortManager: ClientCallback AIDL V1: port0
06-27 18:39:29.905  1501  1913 I UsbPortManager: AIDL UsbDataStatus:1
06-27 18:39:29.905  1501  1913 I UsbPortManager: ClientCallback AIDL V1: port0
06-27 18:39:30.095  1501  3023 D ActivityManager: getProcessesInErrorState callingUid=10387, CallingPid=5076
06-27 18:39:30.352  1501  3023 D ActivityManager: getProcessesInErrorState callingUid=10387, CallingPid=5076
06-27 18:39:30.596  1501  3023 D ActivityManager: getProcessesInErrorState callingUid=10387, CallingPid=5076
06-27 18:39:30.753  1501  1744 E WindowManager: Display reconfigured outside of a transition: Display{#0 state=ON size=1600x2560 ROTATION_0}
06-27 18:39:30.811  1501  1614 I UsbAlsaManager: alsaFileAdded(pcmC1D0c)
06-27 18:39:30.811  1501  1614 D UsbAlsaManager: Adding ALSA device card=1
06-27 18:39:30.811  1501  1614 I UsbAlsaManager: alsaFileAdded(controlC1)
06-27 18:39:30.811  1501  1614 I UsbAlsaManager: Unknown type file(controlC1) added.
06-27 18:39:30.833  1501  1877 D UsbHostManager: USB device attached: vidpid 328f:00c7 mfg/product/ver/serial EMEET/EMEET Piko+/14.01/A251214001001123 hasAudio/HID/Storage: true/true/false
06-27 18:39:30.851  1501  1877 D UsbHostManager: Added device UsbDevice[mName=/dev/bus/usb/001/002,mVendorId=12943,mProductId=199,mClass=239,mSubclass=2,mProtocol=1,mManufacturerName=EMEET,mProductName=EMEET Piko+,mVersion=14.01,mSerialNumberReader=com.android.server.usb.UsbSerialReader@3604b67, mHasAudioPlayback=false, mHasAudioCapture=true, mHasMidi=false, mHasVideoCapture=true, mHasVideoPlayback=true, mConfigurations=[
06-27 18:39:30.851  1501  1877 D UsbHostManager: UsbConfiguration[mId=1,mName=null,mAttributes=128,mMaxPower=250,mInterfaces=[
06-27 18:39:30.851  1501  1877 D UsbHostManager: UsbInterface[mId=0,mAlternateSetting=0,mName=null,mClass=14,mSubclass=1,mProtocol=0,mEndpoints=[
06-27 18:39:30.851  1501  1877 D UsbHostManager: UsbEndpoint[mAddress=129,mAttributes=3,mMaxPacketSize=16,mInterval=8]]
06-27 18:39:30.851  1501  1877 D UsbHostManager: UsbInterface[mId=1,mAlternateSetting=0,mName=null,mClass=14,mSubclass=2,mProtocol=0,mEndpoints=[]
06-27 18:39:30.851  1501  1877 D UsbHostManager: UsbInterface[mId=1,mAlternateSetting=1,mName=null,mClass=14,mSubclass=2,mProtocol=0,mEndpoints=[
06-27 18:39:30.851  1501  1877 D UsbHostManager: UsbEndpoint[mAddress=130,mAttributes=5,mMaxPacketSize=192,mInterval=1]]
06-27 18:39:30.851  1501  1877 D UsbHostManager: UsbInterface[mId=1,mAlternateSetting=2,mName=null,mClass=14,mSubclass=2,mProtocol=0,mEndpoints=[
06-27 18:39:30.851  1501  1877 D UsbHostManager: UsbEndpoint[mAddress=130,mAttributes=5,mMaxPacketSize=384,mInterval=1]]
06-27 18:39:30.851  1501  1877 D UsbHostManager: UsbInterface[mId=1,mAlternateSetting=3,mName=null,mClass=14,mSubclass=2,mProtocol=0,mEndpoints=[
06-27 18:39:30.851  1501  1877 D UsbHostManager: UsbEndpoint[mAddress=130,mAttributes=5,mMaxPacketSize=512,mInterval=1]]
06-27 18:39:30.851  1501  1877 D UsbHostManager: UsbInterface[mId=1,mAlternateSetting=4,mName=null,mClass=14,mSubclass=2,mProtocol=0,mEndpoints=[
06-27 18:39:30.851  1501  1877 D UsbHostManager: UsbEndpoint[mAddress=130,mAttributes=5,mMaxPacketSize=640,mInterval=1]]
06-27 18:39:30.851  1501  1877 D UsbHostManager: UsbInterface[mId=1,mAlternateSetting=5,mName=null,mClass=14,mSubclass=2,mProtocol=0,mEndpoints=[
06-27 18:39:30.851  1501  1877 D UsbHostManager: UsbEndpoint[mAddress=130,mAttributes=5,mMaxPacketSize=800,mInterval=1]]
06-27 18:39:30.851  1501  1877 D UsbHostManager: UsbInterface[mId=1,mAlternateSetting=6,mName=null,mClass=14,mSubclass=2,mProtocol=0,mEndpoints=[
06-27 18:39:30.851  1501  1877 D UsbHostManager: UsbEndpoint[mAddress=130,mAttributes=5,mMaxPacketSize=944,mInterval=1]]
06-27 18:39:30.851  1501  1877 D UsbHostManager: UsbInterface[mId=1,mAlternateSetting=7,mName=null,mClass=14,mSubclass=2,mProtocol=0,mEndpoints=[
06-27 18:39:30.851  1501  1877 D UsbHostManager: UsbEndpoint[mAddress=130,mAttributes=5,mMaxPacketSize=2688,mInterval=1]]
06-27 18:39:30.851  1501  1877 D UsbHostManager: UsbInterface[mId=1,mAlternateSetting=8,mName=null,mClass=14,mSubclass=2,mProtocol=0,mEndpoints=[
06-27 18:39:30.851  1501  1877 D UsbHostManager: UsbEndpoint[mAddress=130,mAttributes=5,mMaxPacketSize=2848,mInterval=1]]
06-27 18:39:30.851  1501  1877 D UsbHostManager: UsbInterface[mId=1,mAlternateSetting=9,mName=null,mClass=14,mSubclass=2,mProtocol=0,mEndpoints=[
06-27 18:39:30.851  1501  1877 D UsbHostManager: UsbEndpoint[mAddress=130,mAttributes=5,mMaxPacketSize=3040,mInterval=1]]
06-27 18:39:30.851  1501  1877 D UsbHostManager: UsbInterface[mId=1,mAlternateSetting=10,mName=null,mClass=14,mSubclass=2,mProtocol=0,mEndpoints=[
06-27 18:39:30.851  1501  1877 D UsbHostManager: UsbEndpoint[mAddress=130,mAttributes=5,mMaxPacketSize=4992,mInterval=1]]
06-27 18:39:30.851  1501  1877 D UsbHostManager: UsbInterface[mId=1,mAlternateSetting=11,mName=null,mClass=14,mSubclass=2,mProtocol=0,mEndpoints=[
06-27 18:39:30.851  1501  1877 D UsbHostManager: UsbEndpoint[mAddress=130,mAttributes=5,mMaxPacketSize=5120,mInterval=1]]
06-27 18:39:30.851  1501  1877 D UsbHostManager: UsbInterface[mId=2,mAlternateSetting=0,mName=null,mClass=1,mSubclass=1,mProtocol=0,mEndpoints=[]
06-27 18:39:30.851  1501  1877 D UsbHostManager: UsbInterface[mId=3,mAlternateSetting=0,mName=null,mClass=1,mSubclass=2,mProtocol=0,mEndpoints=[]
06-27 18:39:30.851  1501  1877 D UsbHostManager: UsbInterface[mId=3,mAlternateSetting=1,mName=null,mClass=1,mSubclass=2,mProtocol=0,mEndpoints=[
06-27 18:39:30.851  1501  1877 D UsbHostManager: UsbEndpoint[mAddress=131,mAttributes=1,mMaxPacketSize=128,mInterval=4]]
06-27 18:39:30.851  1501  1877 D UsbHostManager: UsbInterface[mId=4,mAlternateSetting=0,mName=null,mClass=3,mSubclass=0,mProtocol=0,mEndpoints=[
06-27 18:39:30.851  1501  1877 D UsbHostManager: UsbEndpoint[mAddress=132,mAttributes=3,mMaxPacketSize=32,mInterval=4]
06-27 18:39:30.851  1501  1877 D UsbHostManager: UsbEndpoint[mAddress=1,mAttributes=3,mMaxPacketSize=32,mInterval=4]]]]
06-27 18:39:30.853  1501  3023 D ActivityManager: getProcessesInErrorState callingUid=10387, CallingPid=5076
06-27 18:39:30.860  1501  1598 D ActivityManager: sync unfroze 29143 com.viber.voip for 3
06-27 18:39:30.865  1501  1598 D ActivityManager: sync unfroze 11932 com.android.chrome:sandboxed_process0:org.chromium.content.app.SandboxedProcessService0:0 for 3
06-27 18:39:30.866  1501  1598 D ActivityManager: sync unfroze 11875 com.android.chrome:privileged_process0 for 3
06-27 18:39:30.867  1501  1877 D UsbProfileGroupSettingsManager: starting of usb overlay activities
06-27 18:39:30.868  1501  1598 D ActivityManager: sync unfroze 11828 com.android.chrome for 3
06-27 18:39:30.868  1501  1877 W UsbProfileGroupSettingsManager: no meta-data for ResolveInfo{356a375 uk.co.powgames.gamecondiag/.MainActivity m=0x108000 userHandle=UserHandle{0}}
06-27 18:39:30.869  1501  1877 I UsbAlsaManager: waitForAlsaDevice for device card=1, isAdded=true, found=true
06-27 18:39:30.869  1501  1877 I UsbAlsaManager: Ignore caching device as the type is NONE, device=UsbAlsaDevice: [card: 1, device: 0, name: EMEET Piko+, hasOutput: false, hasInput: true]
06-27 18:39:30.870  1501  1877 D UsbAlsaDevice: Unable to set device connection state as OUTPUT device type is none
06-27 18:39:30.870  1501  1877 I UsbAlsaDevice: INPUT JACK connected: true
06-27 18:39:30.876  1501  2655 W ActivityTaskManager: callingPackage for (uid=1000, pid=1501) is ambiguous: [android, com.android.providers.settings, com.android.server.telecom, com.android.location.fused, com.mediatek.location.lppe.main]
06-27 18:39:30.877  1501  1871 W UriGrantsManagerService: No permission grants found for org.fdroid.fdroid
06-27 18:39:30.877  1501  2655 D BLASTSyncEngine: [DH_DEBUG]scheduleTimeout #839 success=true timeoutMs=5000 callback=com.android.server.wm.BLASTSyncEngine$SyncGroup$$ExternalSyntheticLambda2@4fb01f1
06-27 18:39:30.877  1501  2655 D WindowManager: [SG_DEBUG]Set SyncGroup{id=839 name=Transition-OPEN} on ActivityRecord{182284758 u0 com.android.systemui/.usb.UsbPermissionActivity
06-27 18:39:30.877  1501  2655 W OptProp : Cannot read opt property android.window.PROPERTY_COMPAT_ALLOW_MIN_ASPECT_RATIO_OVERRIDE
06-27 18:39:30.880  1501  2655 W OptProp : Cannot read opt property android.window.PROPERTY_COMPAT_ALLOW_RESIZEABLE_ACTIVITY_OVERRIDES
06-27 18:39:30.880  1501  2655 D WindowManager: [SG_DEBUG]Set SyncGroup{id=839 name=Transition-OPEN} on Task{a7cdc57 #19320 type=standard A=10142:com.android.systemui}
06-27 18:39:30.880  1501  2655 W OptProp : Cannot read opt property android.window.PROPERTY_COMPAT_ALLOW_ORIENTATION_OVERRIDE
06-27 18:39:30.889  1501  1501 E MBrainLocalService: notifyAppSwitch failed
06-27 18:39:30.891  1878  1937 V WindowManagerShell: Transition requested (#839): android.os.BinderProxy@e93d4c3 TransitionRequestInfo { type = OPEN, triggerTask = TaskInfo{userId=0 taskId=19320 effectiveUid=10142 displayId=0 isRunning=true baseIntent=Intent { flg=0x10800000 cmp=com.android.systemui/.usb.UsbPermissionActivity } baseActivity=ComponentInfo{com.android.systemui/com.android.systemui.usb.UsbPermissionActivity} topActivity=ComponentInfo{com.android.systemui/com.android.systemui.usb.UsbPermissionActivity} origActivity=null realActivity=ComponentInfo{com.android.systemui/com.android.systemui.usb.UsbPermissionActivity} numActivities=1 lastActiveTime=68987535 supportsMultiWindow=true resizeMode=1 isResizeable=true minWidth=-1 minHeight=-1 defaultMinSize=220 token=WCT{android.window.IWindowContainerToken$Stub$Proxy@1973140} topActivityType=1 pictureInPictureParams=null shouldDockBigOverlays=false launchIntoPipHostTaskId=-1 lastParentTaskIdBeforePip=-1 displayCutoutSafeInsets=Rect(0, 0 - 0, 0) topActivityInfo=ActivityInfo{5e1a879 com.android.systemui.usb.UsbPermissionActivity} launchCookies=[] positionInParent=Point(0, 0) parentTaskId=-1 isFocused=false isVisible=false isVisibleRequested=false isTopActivityNoDisplay=false isSleeping=false locusId=null displayAreaFeatureId=1 isTopActivityTransparent=true isActivityStackTransparent=true lastNonFullscreenBounds=Rect(271, 480 - 1330, 2080) capturedLink=null capturedLinkTimestamp=0 requestedVisibleTypes=-9 topActivityRequestOpenInBrowserEducationTimestamp=0 appCompatTaskInfo=AppCompatTaskInfo { topActivityInSizeCompat=false eligibleForLetterboxEducation= false isLetterboxEducationEnabled= false isLetterboxDoubleTapEnabled= false eligibleForUserAspectRatioButton= false topActivityBoundsLetterboxed= false isFromLetterboxDoubleTap= false topActivityLetterboxVerticalPosition= -1 topActivityLetterboxHorizontalPosition= -1 topActivityLetterboxWidth=-1 topActivityLetterboxHeight=-1 topActivityAppBounds=Rect(0, 0 - 1600, 2560) isUserFullscreenOverrideEnabled=false isSystemFullscreenOverrideEnabled=false hasMinAspectRatioOverride=false topActivityLetterboxBounds=null cameraCompatTaskInfo=CameraCompatTaskInfo { freeformCameraCompatMode=inactive}} topActivityMainWindowFrame=null}, pipChange = null, remoteTransition = null, displayChange = null, flags = 0, debugId = 839 }
06-27 18:39:30.891  1878  1937 D ShellSplitScreen: logExit: no-op, mLoggerSessionId is null
06-27 18:39:30.891  1501  2655 I ActivityTaskManager: START u0 {flg=0x10000000 xflg=0x4 cmp=com.android.systemui/.usb.UsbPermissionActivity (has extras)} with LAUNCH_MULTIPLE from uid 1000 (BAL_ALLOW_ALLOWLISTED_UID) result code=0
06-27 18:39:30.893  1501  3023 W ActivityTaskManager: callingPackage for (uid=1000, pid=1501) is ambiguous: [android, com.android.providers.settings, com.android.server.telecom, com.android.location.fused, com.mediatek.location.lppe.main]
06-27 18:39:30.893  1501  3023 D WindowManager: [SG_DEBUG]Set SyncGroup{id=839 name=Transition-OPEN} on ActivityRecord{101246707 u0 com.android.systemui/.usb.UsbPermissionActivity
06-27 18:39:30.894  1501  3023 I ActivityTaskManager: START u0 {flg=0x10000000 xflg=0x4 cmp=com.android.systemui/.usb.UsbPermissionActivity (has extras)} with LAUNCH_MULTIPLE from uid 1000 (BAL_ALLOW_ALLOWLISTED_UID) result code=3
06-27 18:39:30.894  1878  1937 D WindowManagerShell: onActivityRestartAttempt: topActivity=ComponentInfo{com.android.systemui/com.android.systemui.usb.UsbPermissionActivity}, wasVisible=false
06-27 18:39:30.899  1501  1871 W WindowManager: Changing focus from Window{32ede82 u0 com.kriniks.kcam.debug/com.kriniks.kcam.MainActivity} to null displayId=0 Callers=com.android.server.wm.RootWindowContainer.updateFocusedWindowLocked:466 com.android.server.wm.WindowManagerService.updateFocusedWindowLocked:6674 com.android.server.wm.ActivityTaskManagerService.setLastResumedActivityUncheckLocked:5192 com.android.server.wm.ActivityTaskSupervisor.updateTopResumedActivityIfNeeded:2375 
06-27 18:39:30.899  1501  1833 D BackgroundInstallControlService: Package event received: 0
06-27 18:39:30.900  1501  1501 E MBrainLocalService: notifyAppSwitch failed
06-27 18:39:30.902  1501  1833 D BackgroundInstallControlService: Package event received: 0
06-27 18:39:30.903  1501  1833 D BackgroundInstallControlService: Package event received: 0
06-27 18:39:30.906  1501  1501 D UsbIntentReceiver: notifyChange failed
06-27 18:39:30.909  1501  1598 W ProcessStats: Tracking association SourceState{d7cc9c7 com.maxmpz.audioplayer/10211 Service #108521} whose proc state 8 is better than process ProcessState{45ca661 com.android.externalstorage/10046 pkg=com.android.externalstorage} proc state 10 (0 skipped)
06-27 18:39:30.920  1501  3023 D CoreBackPreview: Window{238416b u0 com.android.systemui/com.android.systemui.usb.UsbPermissionActivity}: Setting back callback OnBackInvokedCallbackInfo{mCallback=android.window.IOnBackInvokedCallback$Stub$Proxy@a13fc86, mPriority=-1, mIsAnimationCallback=false, mOverrideBehavior=0}
06-27 18:39:30.922  1501  3023 W WindowManager: Changing focus from null to Window{238416b u0 com.android.systemui/com.android.systemui.usb.UsbPermissionActivity} displayId=0 Callers=com.android.server.wm.RootWindowContainer.updateFocusedWindowLocked:466 com.android.server.wm.WindowManagerService.updateFocusedWindowLocked:6674 com.android.server.wm.WindowManagerService.relayoutWindow:2743 com.android.server.wm.Session.relayout:283 
06-27 18:39:30.923  1501  3023 I WindowManager: Relayout Window{238416b u0 com.android.systemui/com.android.systemui.usb.UsbPermissionActivity}: oldVis=4 newVis=0 focusMayChange = true requestedWidth = 1320 requestedHeight = 577 outFrames = ClientWindowFrames{frame=[140,991][1460,1568] display=[0,72][1600,2488] parentFrame=[0,0][0,0]} outSurfaceControl = Surface(name=com.android.systemui/com.android.systemui.usb.UsbPermissionActivity)/@0xf8944e0
06-27 18:39:30.928  1501  1590 D WindowManager: [SG_DEBUG]Clear [finished]SyncGroup{id=839 name=Transition-OPEN} on ActivityRecord{182284758 u0 com.android.systemui/.usb.UsbPermissionActivity t19320}
06-27 18:39:30.928  1501  1590 D WindowManager: [SG_DEBUG]Clear [finished]SyncGroup{id=839 name=Transition-OPEN} on Task{a7cdc57 #19320 type=standard A=10142:com.android.systemui}
06-27 18:39:30.928  1501  1590 D WindowManager: [SG_DEBUG]Clear [finished]SyncGroup{id=839 name=Transition-OPEN} on ActivityRecord{101246707 u0 com.android.systemui/.usb.UsbPermissionActivity t-1}
06-27 18:39:30.931  1501  1590 D BLASTSyncEngine: [DH_DEBUG]remove timeout #839 callback=com.android.server.wm.BLASTSyncEngine$SyncGroup$$ExternalSyntheticLambda2@4fb01f1
06-27 18:39:30.931  1878 17223 V WindowManagerShell: onTransitionReady(transaction=6446745969228)
06-27 18:39:30.931  1878  1937 V WindowManagerShell: onTransitionReady (#839) android.os.BinderProxy@e93d4c3: {id=839 t=OPEN f=0x0 trk=0 r=[0@Point(0, 0)] c=[
06-27 18:39:30.931  1878  1937 V WindowManagerShell:         {m=OPEN f=TRANSLUCENT leash=Surface(name=Task=19320)/@0x4314893 sb=Rect(0, 0 - 1600, 2560) eb=Rect(0, 0 - 1600, 2560) epz=Point(1600, 2560) d=0 taskParent=-1}
06-27 18:39:30.931  1878  1937 V WindowManagerShell:     ]}
06-27 18:39:30.931  1878  1937 V WindowManagerShell: Playing animation for (#839) android.os.BinderProxy@e93d4c3@0
