06-27 18:40:49.094  1501  1569 W AppOps  : Noting op not finished: uid 10106 pkg com.google.android.gms code 79 startTime of in progress event=1782567293037
06-27 18:40:49.140  1501  1569 D ActivityManager: getProcessesInErrorState callingUid=10387, CallingPid=5076
06-27 18:40:49.140  1501  1871 D ActivityManager: getProcessesInErrorState callingUid=10387, CallingPid=5076
06-27 18:40:50.702  1501  1871 D ActivityManager: getProcessesInErrorState callingUid=10387, CallingPid=5076
06-27 18:40:50.703  1501  1569 D ActivityManager: getProcessesInErrorState callingUid=10387, CallingPid=5076
06-27 18:40:51.647  1501  1871 D ActivityManager: getProcessesInErrorState callingUid=10387, CallingPid=5076
06-27 18:40:51.647  1501  1913 D ActivityManager: getProcessesInErrorState callingUid=10387, CallingPid=5076
06-27 18:40:53.224  1501  1569 D ActivityManager: getProcessesInErrorState callingUid=10387, CallingPid=5076
06-27 18:40:53.224  1501  1871 D ActivityManager: getProcessesInErrorState callingUid=10387, CallingPid=5076
06-27 18:40:53.727  1501  1569 D ActivityManager: getProcessesInErrorState callingUid=10387, CallingPid=5076
06-27 18:40:53.727  1501  1871 D ActivityManager: getProcessesInErrorState callingUid=10387, CallingPid=5076
06-27 18:40:54.231  1501  1871 D ActivityManager: getProcessesInErrorState callingUid=10387, CallingPid=5076
06-27 18:40:54.231  1501  1569 D ActivityManager: getProcessesInErrorState callingUid=10387, CallingPid=5076
06-27 18:40:56.862  1501  1569 D ActivityManager: getProcessesInErrorState callingUid=10387, CallingPid=5076
06-27 18:40:56.863  1501  1913 D ActivityManager: getProcessesInErrorState callingUid=10387, CallingPid=5076
06-27 18:40:57.804  1501  1569 D ActivityManager: getProcessesInErrorState callingUid=10387, CallingPid=5076
06-27 18:40:57.805  1501  1913 D ActivityManager: getProcessesInErrorState callingUid=10387, CallingPid=5076
06-27 18:40:58.356  1501  1569 D ActivityManager: getProcessesInErrorState callingUid=10387, CallingPid=5076
06-27 18:40:58.357  1501  1913 D ActivityManager: getProcessesInErrorState callingUid=10387, CallingPid=5076
06-27 18:40:58.859  1501  1913 D ActivityManager: getProcessesInErrorState callingUid=10387, CallingPid=5076
06-27 18:40:58.859  1501  1569 D ActivityManager: getProcessesInErrorState callingUid=10387, CallingPid=5076
06-27 18:40:59.434  1501  1913 D ActivityManager: getProcessesInErrorState callingUid=10387, CallingPid=5076
06-27 18:40:59.435  1501  1569 D ActivityManager: getProcessesInErrorState callingUid=10387, CallingPid=5076
06-27 18:41:01.039  1501  1913 D ActivityManager: getProcessesInErrorState callingUid=10387, CallingPid=5076
06-27 18:41:01.039  1501  1569 D ActivityManager: getProcessesInErrorState callingUid=10387, CallingPid=5076
06-27 18:41:01.544  1501  1913 D ActivityManager: getProcessesInErrorState callingUid=10387, CallingPid=5076
06-27 18:41:01.545  1501  1569 D ActivityManager: getProcessesInErrorState callingUid=10387, CallingPid=5076
06-27 18:41:02.050  1501  1913 D ActivityManager: getProcessesInErrorState callingUid=10387, CallingPid=5076
06-27 18:41:02.050  1501  1569 D ActivityManager: getProcessesInErrorState callingUid=10387, CallingPid=5076
06-27 18:41:03.711  1501  1569 D ActivityManager: getProcessesInErrorState callingUid=10387, CallingPid=5076
06-27 18:41:03.711  1501  1913 D ActivityManager: getProcessesInErrorState callingUid=10387, CallingPid=5076
06-27 18:41:04.671  1501  1569 D ActivityManager: getProcessesInErrorState callingUid=10387, CallingPid=5076
06-27 18:41:04.671  1501  1913 D ActivityManager: getProcessesInErrorState callingUid=10387, CallingPid=5076
06-27 18:41:06.268  1501  1569 D ActivityManager: getProcessesInErrorState callingUid=10387, CallingPid=5076
06-27 18:41:06.268  1501  1913 D ActivityManager: getProcessesInErrorState callingUid=10387, CallingPid=5076
06-27 18:41:07.232  1501  1913 D ActivityManager: getProcessesInErrorState callingUid=10387, CallingPid=5076
06-27 18:41:07.232  1501  1569 D ActivityManager: getProcessesInErrorState callingUid=10387, CallingPid=5076
06-27 18:41:07.734  1501  1569 D ActivityManager: getProcessesInErrorState callingUid=10387, CallingPid=5076
06-27 18:41:07.735  1501  1913 D ActivityManager: getProcessesInErrorState callingUid=10387, CallingPid=5076
06-27 18:41:08.238  1501  1569 D ActivityManager: getProcessesInErrorState callingUid=10387, CallingPid=5076
06-27 18:41:08.238  1501  1913 D ActivityManager: getProcessesInErrorState callingUid=10387, CallingPid=5076
06-27 18:41:08.744  1501  1569 D ActivityManager: getProcessesInErrorState callingUid=10387, CallingPid=5076
06-27 18:41:08.744  1501  1913 D ActivityManager: getProcessesInErrorState callingUid=10387, CallingPid=5076
06-27 18:41:09.247  1501  1913 D ActivityManager: getProcessesInErrorState callingUid=10387, CallingPid=5076
06-27 18:41:09.248  1501  1569 D ActivityManager: getProcessesInErrorState callingUid=10387, CallingPid=5076
06-27 18:41:09.267  1501  1598 D ActivityManager: sync unfroze 6847 com.android.providers.calendar for 3
06-27 18:41:09.313  1501  1599 I ActivityManager: Start proc 15703:com.ilyin.geomi/u0a433 for broadcast {com.ilyin.geomi/com.ilyin.app_google_core.notification.ReminderPushReceiver}
06-27 18:41:09.313  1501  1599 I START_DEBUG: send START_TIMEOUT message    ProcessRecord :ProcessRecord{b7a9d4f 15703:com.ilyin.geomi/u0a433}
06-27 18:41:09.313  1501  1599 I ActivityManager: ProcessObserver broadcast disabled
06-27 18:41:09.334  1501  3413 V ActivityManager: New death recipient com.android.server.am.ActivityManagerService$AppDeathRecipient@b08d112 for thread android.os.BinderProxy@860b0e3
06-27 18:41:09.336  1501  3413 I START_DEBUG: send BINDTIMEOUT    ProcessRecord :ProcessRecord{b7a9d4f 15703:com.ilyin.geomi/u0a433}
06-27 18:41:09.336  1501  3413 I START_DEBUG: remove START_TIMEOUT finish    ProcessRecord :ProcessRecord{b7a9d4f 15703:com.ilyin.geomi/u0a433}
06-27 18:41:09.440  1501  1833 D BackgroundInstallControlService: Package event received: 0
06-27 18:41:09.445  1501  3413 D ActivityManager: sync unfroze 9764 com.google.android.gms for 6
06-27 18:41:09.453  1501  1913 I START_DEBUG: remove BIND_TIMEOUT finish    ProcessRecord :ProcessRecord{b7a9d4f 15703:com.ilyin.geomi/u0a433}
06-27 18:41:09.453  1501  1913 W ProcessStats: Tracking association SourceState{2999527 com.ilyin.geomi/10433 Receivr #108706} whose proc state 10 is better than process ProcessState{570433d com.google.android.gms/10106 pkg=com.google.android.gms} proc state 14 (2 skipped)
06-27 18:41:09.465  1501  1775 V Configuration: Updating configuration, locales updated from [ru_BY,en_US] to [en_US]
06-27 18:41:09.465  1501  1775 V Resources: Updating configuration, with default locale en and selected locales [en-US]
06-27 18:41:09.507  1501  3413 D ActivityManager: getProcessesInErrorState callingUid=10433, CallingPid=15703
06-27 18:41:10.119  1501  1913 W PackageConfigPersister: App-specific configuration not found for packageName: com.ilyin.geomi and userId: 0
06-27 18:41:10.149  1501  1871 D ActivityManager: getProcessesInErrorState callingUid=10387, CallingPid=5076
06-27 18:41:10.149  1501  3413 D ActivityManager: getProcessesInErrorState callingUid=10387, CallingPid=5076
06-27 18:41:10.408  1501  3413 D ActivityManager: getProcessesInErrorState callingUid=10433, CallingPid=15703
06-27 18:41:11.705  1501  3413 D ActivityManager: getProcessesInErrorState callingUid=10387, CallingPid=5076
06-27 18:41:11.705  1501  1871 D ActivityManager: getProcessesInErrorState callingUid=10387, CallingPid=5076
06-27 18:41:12.505  1501  1871 D ActivityManager: getProcessesInErrorState callingUid=10433, CallingPid=15703
06-27 18:41:12.675  1501  1871 D ActivityManager: getProcessesInErrorState callingUid=10387, CallingPid=5076
06-27 18:41:12.675  1501  3413 D ActivityManager: getProcessesInErrorState callingUid=10387, CallingPid=5076
06-27 18:41:14.072  1501  1871 D ActivityManager: getProcessesInErrorState callingUid=10433, CallingPid=15703
06-27 18:41:14.233  1501  1871 D ActivityManager: getProcessesInErrorState callingUid=10387, CallingPid=5076
06-27 18:41:14.233  1501  3413 D ActivityManager: getProcessesInErrorState callingUid=10387, CallingPid=5076
06-27 18:41:14.574  1501  1871 D ActivityManager: getProcessesInErrorState callingUid=10433, CallingPid=15703
06-27 18:41:14.737  1501  1871 D ActivityManager: getProcessesInErrorState callingUid=10387, CallingPid=5076
06-27 18:41:14.737  1501  3413 D ActivityManager: getProcessesInErrorState callingUid=10387, CallingPid=5076
06-27 18:41:15.077  1501  3413 D ActivityManager: getProcessesInErrorState callingUid=10433, CallingPid=15703
06-27 18:41:15.240  1501  1871 D ActivityManager: getProcessesInErrorState callingUid=10387, CallingPid=5076
06-27 18:41:15.240  1501  3413 D ActivityManager: getProcessesInErrorState callingUid=10387, CallingPid=5076
06-27 18:41:15.580  1501  3413 D ActivityManager: getProcessesInErrorState callingUid=10433, CallingPid=15703
06-27 18:41:15.743  1501  3413 D ActivityManager: getProcessesInErrorState callingUid=10387, CallingPid=5076
06-27 18:41:15.744  1501  1871 D ActivityManager: getProcessesInErrorState callingUid=10387, CallingPid=5076
06-27 18:41:16.083  1501  1871 D ActivityManager: getProcessesInErrorState callingUid=10433, CallingPid=15703
06-27 18:41:16.520  1501  1871 D ActivityManager: getProcessesInErrorState callingUid=10387, CallingPid=5076
06-27 18:41:16.520  1501  3413 D ActivityManager: getProcessesInErrorState callingUid=10387, CallingPid=5076
06-27 18:41:16.758  1501  1871 D ActivityManager: getProcessesInErrorState callingUid=10433, CallingPid=15703
06-27 18:41:18.073  1501  1871 D ActivityManager: getProcessesInErrorState callingUid=10387, CallingPid=5076
06-27 18:41:18.074  1501  3413 D ActivityManager: getProcessesInErrorState callingUid=10387, CallingPid=5076
06-27 18:41:18.313  1501  3413 D ActivityManager: getProcessesInErrorState callingUid=10433, CallingPid=15703
06-27 18:41:18.576  1501  3413 D ActivityManager: getProcessesInErrorState callingUid=10387, CallingPid=5076
06-27 18:41:18.577  1501  1871 D ActivityManager: getProcessesInErrorState callingUid=10387, CallingPid=5076
06-27 18:41:18.829  1501  1871 D ActivityManager: getProcessesInErrorState callingUid=10433, CallingPid=15703
06-27 18:41:19.084  1501  1871 D ActivityManager: getProcessesInErrorState callingUid=10387, CallingPid=5076
06-27 18:41:19.084  1501  3413 D ActivityManager: getProcessesInErrorState callingUid=10387, CallingPid=5076
06-27 18:41:19.332  1501  1871 D ActivityManager: getProcessesInErrorState callingUid=10433, CallingPid=15703
06-27 18:41:19.587  1501  3413 D ActivityManager: getProcessesInErrorState callingUid=10387, CallingPid=5076
06-27 18:41:19.587  1501  1871 D ActivityManager: getProcessesInErrorState callingUid=10387, CallingPid=5076
06-27 18:41:19.835  1501  1871 D ActivityManager: getProcessesInErrorState callingUid=10433, CallingPid=15703
06-27 18:41:20.513  1501  3413 D ActivityManager: getProcessesInErrorState callingUid=10387, CallingPid=5076
06-27 18:41:20.514  1501  1871 D ActivityManager: getProcessesInErrorState callingUid=10387, CallingPid=5076
06-27 18:41:20.728  1501  1871 D ActivityManager: getProcessesInErrorState callingUid=10433, CallingPid=15703
06-27 18:41:21.068  1501  1871 D ActivityManager: getProcessesInErrorState callingUid=10387, CallingPid=5076
06-27 18:41:21.070  1501  3413 D ActivityManager: getProcessesInErrorState callingUid=10387, CallingPid=5076
06-27 18:41:21.283  1501  1871 D ActivityManager: getProcessesInErrorState callingUid=10433, CallingPid=15703
06-27 18:41:21.573  1501  3413 D ActivityManager: getProcessesInErrorState callingUid=10387, CallingPid=5076
06-27 18:41:21.573  1501  1871 D ActivityManager: getProcessesInErrorState callingUid=10387, CallingPid=5076
06-27 18:41:21.787  1501  1871 D ActivityManager: getProcessesInErrorState callingUid=10433, CallingPid=15703
06-27 18:41:22.076  1501  1871 D ActivityManager: getProcessesInErrorState callingUid=10387, CallingPid=5076
06-27 18:41:22.077  1501  3413 D ActivityManager: getProcessesInErrorState callingUid=10387, CallingPid=5076
06-27 18:41:22.294  1501  1871 D ActivityManager: getProcessesInErrorState callingUid=10433, CallingPid=15703
06-27 18:41:22.579  1501  1871 D ActivityManager: getProcessesInErrorState callingUid=10387, CallingPid=5076
06-27 18:41:22.579  1501  3413 D ActivityManager: getProcessesInErrorState callingUid=10387, CallingPid=5076
06-27 18:41:22.797  1501  3413 D ActivityManager: getProcessesInErrorState callingUid=10433, CallingPid=15703
06-27 18:41:23.731  1501  3413 D ActivityManager: getProcessesInErrorState callingUid=10387, CallingPid=5076
06-27 18:41:23.731  1501  1871 D ActivityManager: getProcessesInErrorState callingUid=10387, CallingPid=5076
06-27 18:41:23.949  1501  3413 D ActivityManager: getProcessesInErrorState callingUid=10433, CallingPid=15703
06-27 18:41:24.234  1501  1871 D ActivityManager: getProcessesInErrorState callingUid=10387, CallingPid=5076
06-27 18:41:24.234  1501  3413 D ActivityManager: getProcessesInErrorState callingUid=10387, CallingPid=5076
06-27 18:41:24.810  1501  1871 D ActivityManager: getProcessesInErrorState callingUid=10433, CallingPid=15703
06-27 18:41:24.889  1501  1731 D ActivityManager: freezing 6847 com.android.providers.calendar
06-27 18:41:25.009  1501  1871 D ActivityManager: getProcessesInErrorState callingUid=10387, CallingPid=5076
06-27 18:41:25.009  1501  3413 D ActivityManager: getProcessesInErrorState callingUid=10387, CallingPid=5076
06-27 18:41:25.077  1501  1731 D ActivityManager: freezing 15703 com.ilyin.geomi
06-27 18:41:26.538  1501  3413 D ActivityManager: getProcessesInErrorState callingUid=10387, CallingPid=5076
06-27 18:41:26.538  1501  1871 D ActivityManager: getProcessesInErrorState callingUid=10387, CallingPid=5076
06-27 18:41:28.129  1501  3413 D ActivityManager: getProcessesInErrorState callingUid=10387, CallingPid=5076
06-27 18:41:28.129  1501  1871 D ActivityManager: getProcessesInErrorState callingUid=10387, CallingPid=5076
06-27 18:41:29.418  1501  1871 D ActivityManager: getProcessesInErrorState callingUid=10387, CallingPid=5076
06-27 18:41:29.418  1501  3413 D ActivityManager: getProcessesInErrorState callingUid=10387, CallingPid=5076
06-27 18:41:30.885  1501  3413 D ActivityManager: getProcessesInErrorState callingUid=10387, CallingPid=5076
06-27 18:41:31.458  1501  1569 D ActivityManager: getProcessesInErrorState callingUid=10387, CallingPid=5076
06-27 18:41:31.649  1501  1744 I PowerGroup: Waking up power group from Asleep (groupId=0, uid=1000, reason=WAKE_REASON_POWER_BUTTON, details=android.policy:POWER)...
06-27 18:41:31.658  1501  1744 I PowerManagerService: Waking up from Asleep (uid=1000, reason=WAKE_REASON_POWER_BUTTON, details=android.policy:POWER)...
06-27 18:41:31.663  1501  1833 D BackgroundInstallControlService: Package event received: 0
06-27 18:41:31.669  1501  1641 I DisplayPowerController[0]: Blocking screen on until initial contents have been drawn.
06-27 18:41:31.670  1501  1641 D WindowManager: Remove SleepToken: tag=Display-off, displayId=0
06-27 18:41:31.670  1501  1641 I DisplayPowerController: Window Manager Policy screenTurningOn complete
06-27 18:41:31.671  1501  1641 I DisplayBrightnessStrategySelector: Changing the DisplayBrightnessStrategy from ScreenOffBrightnessStrategy to FallbackBrightnessStrategy for display 0
06-27 18:41:31.673  1501  1641 V DisplayPowerController[0]: Brightness [0.42819867] reason changing to: 'manual', previous reason: 'screen_off'.
06-27 18:41:31.673  1501  1641 I DisplayPowerController[0]: BrightnessEvent: brt=0.42819867 (84.0%), nits= -1.0, lux=-1.0, reason=manual, strat=FallbackBrightnessStrategy, state=ON, stateReason=KEY, policy=BRIGHT, flags=, initBrt=0.0, rcmdBrt=NaN, preBrt=NaN, preLux=0.0, wasShortTermModelActive=false, autoBrightness=false (default), unclampedBrt=0.42819867, hbmMax=1.0, hbmMode=off, thrmMax=1.0, rbcStrength=62, powerFactor=1.0, physDisp=Встроенный экран(local:4627039422300187648), logicalId=0, slowChange=false, rampSpeed=0.0
06-27 18:41:31.675  1501  1833 D BackgroundInstallControlService: Package event received: 0
06-27 18:41:31.676  1501  1833 D BackgroundInstallControlService: Package event received: 0
06-27 18:41:31.676  1501  1589 I DisplayDeviceRepository: Display device changed state: "Встроенный экран", ON
06-27 18:41:31.677  1501  1641 D BrightnessThermalClamper: Thermal status observer already started
06-27 18:41:31.678  1501  1587 D WindowManager: DeferredDisplayUpdater: partially applying DisplayInfo(1600 x 2560) immediately
06-27 18:41:31.682  1501  1587 I DisplayDevice: [0] Layerstack set to 0 for local:4627039422300187648
06-27 18:41:31.691  1878  1937 D ShellSplitScreen: onStartedWakingUp
06-27 18:41:31.692  1501  1826 I MR2ServiceImpl: Updating composite discovery preference | preference: RouteDiscoveryRequest{ preferredFeatures={}, activeScan=false }, active routers: []
06-27 18:41:31.694  1501  1501 E ScreenIntentReceiver: notifyChange failed
06-27 18:41:31.700  1501  1569 D CoreBackPreview: Window{21fa7ff u0 NotificationShade}: Setting back callback OnBackInvokedCallbackInfo{mCallback=android.window.IOnBackInvokedCallback$Stub$Proxy@fa1dc9e, mPriority=0, mIsAnimationCallback=false, mOverrideBehavior=0}
06-27 18:41:31.704  1501  1826 I MR2ServiceImpl: Updating composite discovery preference | preference: RouteDiscoveryRequest{ preferredFeatures={}, activeScan=false }, active routers: []
06-27 18:41:31.705  1501  1641 I DisplayPowerController[0]: Unblocked screen on after 37 ms
06-27 18:41:31.721  1501  1833 D BackgroundInstallControlService: Package event received: 0
06-27 18:41:31.721  1501  1833 D BackgroundInstallControlService: Package event received: 0
06-27 18:41:31.723  2906  3322 W KeyphraseEnrollmentInfo: No enrollment application supports the given keyphrase/locale: 'X Google'/ru_RU
06-27 18:41:31.723  2906  3322 W KeyphraseEnrollmentInfo: No enrollment application supports the given keyphrase/locale: 'X Google'/ru_RU
06-27 18:41:31.723  2906  3322 W KeyphraseEnrollmentInfo: No enrollment application supports the given keyphrase/locale: 'X Google'/ar_EG
06-27 18:41:31.723  2906  3322 W KeyphraseEnrollmentInfo: No enrollment application supports the given keyphrase/locale: 'X Google'/en_US
06-27 18:41:31.723  2906  3322 W KeyphraseEnrollmentInfo: No enrollment application supports the given keyphrase/locale: 'Ok Google'/ru_RU
06-27 18:41:31.723  2906  3322 W KeyphraseEnrollmentInfo: No enrollment application supports the given keyphrase/locale: 'Ok Google'/ar_EG
06-27 18:41:31.723  2906  3322 W KeyphraseEnrollmentInfo: No enrollment application supports the given keyphrase/locale: 'Ok Google'/en_US
06-27 18:41:31.723  2906  3322 W KeyphraseEnrollmentInfo: No enrollment application supports the given keyphrase/locale: 'Y Google'/ru_RU
06-27 18:41:31.725  1501  1828 D BiometricScheduler: [Added] {[24] com.android.server.biometrics.sensors.face.aidl.FaceAuthenticationClient, proto=3, owner=com.android.systemui, cookie=0, requestId=14, userId=0}, new queue size: 1
06-27 18:41:31.725  1501  1828 D BiometricScheduler: [Polled] {[24] com.android.server.biometrics.sensors.face.aidl.FaceAuthenticationClient, proto=3, owner=com.android.systemui, cookie=0, requestId=14, userId=0}, State: 0
06-27 18:41:31.725  1501  1828 V ALSProbe: Enable ALS: 119743493
06-27 18:41:31.725  1501  1828 D BiometricScheduler: [Started] {[24] com.android.server.biometrics.sensors.face.aidl.FaceAuthenticationClient, proto=3, owner=com.android.systemui, cookie=0, requestId=14, userId=0}
06-27 18:41:31.725  1501  1828 D Biometrics/AuthenticationClient: Requesting auth for com.android.systemui
06-27 18:41:31.729  1501  1828 V BiometricSchedulerOperation: started: {[24] com.android.server.biometrics.sensors.face.aidl.FaceAuthenticationClient, proto=3, owner=com.android.systemui, cookie=0, requestId=14, userId=0}, State: 2
06-27 18:41:31.741  1501  1833 D BackgroundInstallControlService: Package event received: 0
06-27 18:41:31.746  1501  2221 E AppOps  : package client.pid<985> not found, can't check for attributionTag null
06-27 18:41:31.746  1501  2221 E AppOps  : Bad call made by uid 1047. Package "client.pid<985>" does not belong to uid 1000.
06-27 18:41:31.746  1501  2221 E AppOps  : Cannot getAppOpMode: non-application UID 1000
06-27 18:41:31.788  1501  1589 W AccessibilityWindowsPopulator: The displayInfo of this displayId (0) called back from the surface fligner is null
06-27 18:41:31.825  1501  1587 D WindowManager: powerPress: eventTime=30236305 interactive=true count=1 mShortPressOnPowerBehavior=1
06-27 18:41:31.825  1501  1587 V WindowManager: Ignoring short press of power button because the device is not interactive. interactive=true, beganFromNonInteractive=true
06-27 18:41:31.828  1501  4649 D ActivityManager: getProcessesInErrorState callingUid=10387, CallingPid=5076
06-27 18:41:31.971  1501  4649 D ActivityManager: getProcessesInErrorState callingUid=10387, CallingPid=5076
06-27 18:41:32.056  1501  1641 W PowerManagerService: Screen on took 419 ms
06-27 18:41:32.329  1501  1913 D ActivityManager: getProcessesInErrorState callingUid=10387, CallingPid=5076
06-27 18:41:32.468  1501  1828 V BiometricLogger: Authentication latency: -1
06-27 18:41:32.468  1501  1828 W BiometricFrameworkStatsLogger: found a negative latency : -1
06-27 18:41:32.469  1501  1828 V Biometrics/AuthenticationClient: onAuthenticated(true), ID:1, Owner: com.android.systemui, isBP: false, listener: com.android.server.biometrics.sensors.ClientMonitorCallbackConverter@b127e6b, requireConfirmation: false, user: 0, clientMonitor: {[24] com.android.server.biometrics.sensors.face.aidl.FaceAuthenticationClient, proto=3, owner=com.android.systemui, cookie=0, requestId=14, userId=0}
06-27 18:41:32.469  1501  1828 W Biometrics/AuthenticationClient: Allowing background authentication, this is allowed only for platform or test invocations
06-27 18:41:32.469  1501  1828 D BaseClientMonitor: marking operation as done: {[24] com.android.server.biometrics.sensors.face.aidl.FaceAuthenticationClient, proto=3, owner=com.android.systemui, cookie=0, requestId=14, userId=0}
06-27 18:41:32.472   551  6691 I keystore2: system/security/keystore2/src/authorization.rs:112 - add_auth_token(challenge=0, userId=0, authId=0, authType=0x0, timestamp=0ms)
06-27 18:41:32.472  1501  1828 D Biometrics/AuthenticationClient: addAuthToken succeeded
06-27 18:41:32.472  1501  1913 D ActivityManager: getProcessesInErrorState callingUid=10387, CallingPid=5076
06-27 18:41:32.472  1501  1828 D BiometricSchedulerOperation: [Finished / destroy]: {[24] com.android.server.biometrics.sensors.face.aidl.FaceAuthenticationClient, proto=3, owner=com.android.systemui, cookie=0, requestId=14, userId=0}
06-27 18:41:32.473  1501  1828 V ALSProbe: Disable ALS: 119743493
06-27 18:41:32.473  1501  1828 D BiometricScheduler: [Finishing] {[24] com.android.server.biometrics.sensors.face.aidl.FaceAuthenticationClient, proto=3, owner=com.android.systemui, cookie=0, requestId=14, userId=0}, success: true
06-27 18:41:32.474  1501  1828 D BiometricScheduler: No operations, returning to idle
06-27 18:41:32.475   551  6691 I keystore2: system/security/keystore2/src/authorization.rs:126 - on_device_unlocked(user_id=0, password.is_some()=false)
06-27 18:41:32.477  1501  2655 D BLASTSyncEngine: [DH_DEBUG]scheduleTimeout #845 success=true timeoutMs=5000 callback=com.android.server.wm.BLASTSyncEngine$SyncGroup$$ExternalSyntheticLambda2@4344e61
06-27 18:41:32.477  1501  2655 D WindowManager: Remove SleepToken: tag=keyguard, displayId=0
06-27 18:41:32.477  1501  2655 D ActivityTaskManager: Top Process State changed to PROCESS_STATE_TOP
06-27 18:41:32.477  1878  1937 V WindowManagerShell: Transition requested (#845): android.os.BinderProxy@5995489 TransitionRequestInfo { type = TO_BACK, triggerTask = null, pipChange = null, remoteTransition = null, displayChange = null, flags = 260, debugId = 845 }
06-27 18:41:32.477  1501  2655 D WindowManager: [SG_DEBUG]Set SyncGroup{id=845 name=Transition-TO_BACK} on ActivityRecord{144798387 u0 com.android.launcher3/com.android.searchlauncher.SearchLauncher t19132}
06-27 18:41:32.479  1501  1833 D BackgroundInstallControlService: Package event received: 0
06-27 18:41:32.479  1501  1833 D BackgroundInstallControlService: Package event received: 0
06-27 18:41:32.482  1878  1878 V Configuration: Updating configuration, locales updated from [ru_BY,en_US] to [en_US]
06-27 18:41:32.482  1878  1878 V Resources: Updating configuration, with default locale en and selected locales [en-US]
06-27 18:41:32.482  1878  1937 D WindowManagerShell: setLauncherKeepClearAreaHeight: visible=false, height=342
06-27 18:41:32.483  1501  2655 I WindowManager: Relayout Window{ca09ddb u0 GoogleDiscoverWindow}: oldVis=8 newVis=0 focusMayChange = true requestedWidth = 1600 requestedHeight = 2560 outFrames = ClientWindowFrames{frame=[0,0][1600,2560] display=[0,0][1600,2560] parentFrame=[0,0][0,0]} outSurfaceControl = Surface(name=GoogleDiscoverWindow)/@0xa2d8c12
06-27 18:41:32.483  1501  1833 D BackgroundInstallControlService: Package event received: 0
06-27 18:41:32.484  1878  1937 D WindowManagerShell: setLauncherKeepClearAreaHeight: visible=true, height=342
06-27 18:41:32.491  1501  2655 I WindowManager: Relayout Window{1d067d5 u0 com.android.launcher3/com.android.searchlauncher.SearchLauncher}: oldVis=8 newVis=0 focusMayChange = true requestedWidth = 1600 requestedHeight = 2560 outFrames = ClientWindowFrames{frame=[0,0][1600,2560] display=[0,0][1600,2560] parentFrame=[0,0][0,0]} outSurfaceControl = Surface(name=com.android.launcher3/com.android.searchlauncher.SearchLauncher)/@0xe315de0
06-27 18:41:32.511  1501  1590 D WindowManager: [SG_DEBUG]Clear [finished]SyncGroup{id=845 name=Transition-TO_BACK} on ActivityRecord{144798387 u0 com.android.launcher3/com.android.searchlauncher.SearchLauncher t19132}
06-27 18:41:32.513  1501  1590 D BLASTSyncEngine: [DH_DEBUG]remove timeout #845 callback=com.android.server.wm.BLASTSyncEngine$SyncGroup$$ExternalSyntheticLambda2@4344e61
06-27 18:41:32.513  1501  1586 V WindowManager: Sent Transition (#845) createdAt=06-27 18:41:32.477 via request=TransitionRequestInfo { type = TO_BACK, triggerTask = null, pipChange = null, remoteTransition = null, displayChange = null, flags = 260, debugId = 845 }
06-27 18:41:32.513  1878  2167 V WindowManagerShell: onTransitionReady(transaction=6446745969439)
06-27 18:41:32.513  1501  1586 V WindowManager:     startWCT=WindowContainerTransaction { changes= {} hops= [] errorCallbackToken=null taskFragmentOrganizer=null }
06-27 18:41:32.513  1501  1586 V WindowManager:     info={id=845 t=TO_BACK f=0x104 trk=0 r=[0@Point(0, 0)] c=[
06-27 18:41:32.513  1501  1586 V WindowManager:         {WCT{RemoteToken{f2bb68e Task{631d073 #19131 type=home}}} m=TO_FRONT f=SHOW_WALLPAPER p=WCT{RemoteToken{78a7a1a DefaultTaskDisplayArea@19970422}} leash=Surface(name=Task=19131)/@0x11f35ad sb=Rect(0, 0 - 1600, 2560) eb=Rect(0, 0 - 1600, 2560) epz=Point(1600, 2560) d=0 taskParent=-1},
06-27 18:41:32.513  1501  1586 V WindowManager:         {WCT{RemoteToken{78a7a1a DefaultTaskDisplayArea@19970422}} m=TO_FRONT f=SHOW_WALLPAPER|FLAG_IS_TASK_DISPLAY_AREA leash=Surface(name=DefaultTaskDisplayArea)/@0x2612706 sb=Rect(0, 0 - 1600, 2560) eb=Rect(0, 0 - 1600, 2560) epz=Point(1600, 2560) d=0}
06-27 18:41:32.513  1501  1586 V WindowManager:     ]}
06-27 18:41:32.513  1878  1937 V WindowManagerShell: onTransitionReady (#845) android.os.BinderProxy@5995489: {id=845 t=TO_BACK f=0x104 trk=0 r=[0@Point(0, 0)] c=[
06-27 18:41:32.513  1878  1937 V WindowManagerShell:         {m=TO_FRONT f=SHOW_WALLPAPER p=WCT{android.window.IWindowContainerToken$Stub$Proxy@91f4f76} leash=Surface(name=Task=19131)/@0x80e9b sb=Rect(0, 0 - 1600, 2560) eb=Rect(0, 0 - 1600, 2560) epz=Point(1600, 2560) d=0 taskParent=-1},
06-27 18:41:32.513  1878  1937 V WindowManagerShell:         {m=TO_FRONT f=SHOW_WALLPAPER|FLAG_IS_TASK_DISPLAY_AREA leash=Surface(name=DefaultTaskDisplayArea)/@0xec3a238 sb=Rect(0, 0 - 1600, 2560) eb=Rect(0, 0 - 1600, 2560) epz=Point(1600, 2560) d=0}
06-27 18:41:32.513  1878  1937 V WindowManagerShell:     ]}
06-27 18:41:32.513  1878  1937 V WindowManagerShell: Playing animation for (#845) android.os.BinderProxy@5995489@0
06-27 18:41:32.513  1878  1937 V WindowManagerShell: start keyguard going-away transition, info = {id=845 t=TO_BACK f=0x104 trk=0 r=[0@Point(0, 0)] c=[{m=TO_FRONT f=SHOW_WALLPAPER p=WCT{android.window.IWindowContainerToken$Stub$Proxy@91f4f76} leash=Surface(name=Task=19131)/@0x80e9b sb=Rect(0, 0 - 1600, 2560) eb=Rect(0, 0 - 1600, 2560) epz=Point(1600, 2560) d=0 taskParent=-1},{m=TO_FRONT f=SHOW_WALLPAPER|FLAG_IS_TASK_DISPLAY_AREA leash=Surface(name=DefaultTaskDisplayArea)/@0xec3a238 sb=Rect(0, 0 - 1600, 2560) eb=Rect(0, 0 - 1600, 2560) epz=Point(1600, 2560) d=0}]}
06-27 18:41:32.514  1878  1937 D KeyguardService: Starts IRemoteAnimationRunner: info={id=845 t=TO_BACK f=0x104 trk=0 r=[0@Point(0, 0)] c=[{m=TO_FRONT f=SHOW_WALLPAPER p=WCT{android.window.IWindowContainerToken$Stub$Proxy@91f4f76} leash=Surface(name=Task=19131)/@0x80e9b sb=Rect(0, 0 - 1600, 2560) eb=Rect(0, 0 - 1600, 2560) epz=Point(1600, 2560) d=0 taskParent=-1},{m=TO_FRONT f=SHOW_WALLPAPER|FLAG_IS_TASK_DISPLAY_AREA leash=Surface(name=DefaultTaskDisplayArea)/@0xec3a238 sb=Rect(0, 0 - 1600, 2560) eb=Rect(0, 0 - 1600, 2560) epz=Point(1600, 2560) d=0}]}
06-27 18:41:32.516  1878  1937 V WindowManagerShell:  animated by com.android.wm.shell.keyguard.KeyguardTransitionHandler@d111385
06-27 18:41:32.558  1501  1871 D CoreBackPreview: Window{21fa7ff u0 NotificationShade}: Setting back callback null
06-27 18:41:32.683  1501  1913 D FaceProvider/default: Starting watchdog for face
06-27 18:41:32.684  1501  1913 E BiometricScheduler: Current operation is null,no need to start watchdog
06-27 18:41:32.718  1501  1833 D BackgroundInstallControlService: Package event received: 0
06-27 18:41:32.719  1501  1586 I UsbDeviceManager: Setting USB config to mtp
06-27 18:41:32.719  1501  1586 D UsbDeviceManager: setUsbConfig(5) request:25
06-27 18:41:32.721  1501  1501 E ScreenIntentReceiver: notifyChange failed
06-27 18:41:32.727  1878  1878 D KeyguardService: Finish IRemoteAnimationRunner.
06-27 18:41:32.727  1878  1937 V WindowManagerShell: Transition animation finished (aborted=false), notifying core (#845) android.os.BinderProxy@5995489@0
06-27 18:41:32.728  1501  1586 V WindowManager: Finish Transition (#845): created at 06-27 18:41:32.477 collect-started=0.046ms request-sent=0.056ms started=4.217ms ready=4.212ms sent=35.383ms commit=8.225ms finished=250.4ms
06-27 18:41:32.730  1878  1937 V WindowManagerShell: Track 0 became idle
06-27 18:41:32.730  1878  1937 V WindowManagerShell: All active transition animations finished
06-27 18:41:32.731  1501  1871 W WindowManager: Changing focus from Window{21fa7ff u0 NotificationShade} to Window{1d067d5 u0 com.android.launcher3/com.android.searchlauncher.SearchLauncher} displayId=0 Callers=com.android.server.wm.RootWindowContainer.updateFocusedWindowLocked:466 com.android.server.wm.WindowManagerService.updateFocusedWindowLocked:6674 com.android.server.wm.WindowManagerService.relayoutWindow:2743 com.android.server.wm.Session.relayout:283 
06-27 18:41:32.731  1501  1913 V SettingsProvider: name : screenrecord appId : 10142
06-27 18:41:32.731  1501  1913 V SettingsProvider: Package name : com.android.systemui privateFlags : -1938812568
06-27 18:41:32.735  1501  1871 D SystemServerTiming: getUserSwitchability-0
06-27 18:41:32.735  1501  1871 D SystemServerTiming: TM.isInCall
06-27 18:41:32.735  1501  1871 D SystemServerTiming: hasUserRestriction-DISALLOW_USER_SWITCH
06-27 18:41:32.735  1501  1871 D SystemServerTiming: getInt-ALLOW_USER_SWITCHING_WHEN_SYSTEM_USER_LOCKED
06-27 18:41:32.735  1501  1871 D SystemServerTiming: isUserUnlocked-USER_SYSTEM
06-27 18:41:32.736  1501  1589 V Configuration: Updating configuration, locales updated from [ru_BY,en_US] to [en_US]
06-27 18:41:32.736  1501  1589 V Resources: Updating configuration, with default locale en and selected locales [en-US]
06-27 18:41:32.737  1501  4649 V Configuration: Updating configuration, locales updated from [ru_BY,en_US] to [en_US]
06-27 18:41:32.737  1501  4649 V Resources: Updating configuration, with default locale en and selected locales [en-US]
06-27 18:41:32.754  1501  1871 W PackageConfigPersister: App-specific configuration not found for packageName: com.android.launcher3 and userId: 0
06-27 18:41:32.823  1501  2467 W AdbDebuggingManager: Read failed with count -1
06-27 18:41:32.823  1501  2467 D AdbDebuggingManager: Closing socket
06-27 18:41:32.823  1501  2467 D AdbDebuggingManager: Creating socket
06-27 18:41:32.823  1501  1586 D AdbDebuggingManager: adbd socket disconnected
06-27 18:41:32.823  1501  2467 E AdbDebuggingManager: Caught an exception opening the socket: java.io.IOException: Connection refused
06-27 18:41:32.823  1501  2467 D AdbDebuggingManager: Closing socket
06-27 18:41:32.823  1501  1586 D AdbDebuggingManager: adbd socket disconnected
06-27 18:41:32.831  1501  4649 D ActivityManager: getProcessesInErrorState callingUid=10387, CallingPid=5076
06-27 18:41:32.898  1501  4649 I UsbDeviceManager: Usb setCurrentUsbFunctionsCb ,functions:5 ,status:0 ,transactionId:47
06-27 18:41:32.898  1501  4649 I UsbDeviceManager: notifyCurrentFunction request:25 status:0
06-27 18:41:32.973  1501  4649 D ActivityManager: getProcessesInErrorState callingUid=10387, CallingPid=5076
06-27 18:41:32.986  1501  1501 W AccessibilityManagerService:  wait for adding window timeout: 1039
06-27 18:41:33.332  1501  3023 D ActivityManager: getProcessesInErrorState callingUid=10387, CallingPid=5076
06-27 18:41:33.475  1501  3023 D ActivityManager: getProcessesInErrorState callingUid=10387, CallingPid=5076
06-27 18:41:33.670  1501  1871 W OptProp : Cannot read opt property android.window.PROPERTY_COMPAT_ALLOW_RESIZEABLE_ACTIVITY_OVERRIDES
06-27 18:41:33.670  1501  1871 W OptProp : Cannot read opt property android.window.PROPERTY_COMPAT_ALLOW_MIN_ASPECT_RATIO_OVERRIDE
06-27 18:41:33.670  1501  1871 D BLASTSyncEngine: [DH_DEBUG]scheduleTimeout #846 success=true timeoutMs=5000 callback=com.android.server.wm.BLASTSyncEngine$SyncGroup$$ExternalSyntheticLambda2@20f791
06-27 18:41:33.670  1501  1871 D WindowManager: [SG_DEBUG]Set SyncGroup{id=846 name=Transition-OPEN} on ActivityRecord{77448950 u0 com.kriniks.kcam.debug/com.kriniks.kcam.MainActivity
06-27 18:41:33.677  1501  1871 I ActivityTaskManager: START u0 {act=android.intent.action.MAIN cat=[android.intent.category.LAUNCHER] flg=0x10200000 xflg=0x4 cmp=com.kriniks.kcam.debug/com.kriniks.kcam.MainActivity bnds=[955,920][1265,1328]} with LAUNCH_MULTIPLE from uid 10141 (sr=144798387) (BAL_ALLOW_VISIBLE_WINDOW) result code=2
06-27 18:41:33.682  1878  1937 V WindowManagerShell: Transition requested (#846): android.os.BinderProxy@8d2e87f TransitionRequestInfo { type = OPEN, triggerTask = TaskInfo{userId=0 taskId=19314 effectiveUid=10500 displayId=0 isRunning=true baseIntent=Intent { act=android.intent.action.MAIN cat=[android.intent.category.LAUNCHER] flg=0x10200000 cmp=com.kriniks.kcam.debug/com.kriniks.kcam.MainActivity } baseActivity=ComponentInfo{com.kriniks.kcam.debug/com.kriniks.kcam.MainActivity} topActivity=ComponentInfo{com.kriniks.kcam.debug/com.kriniks.kcam.MainActivity} origActivity=null realActivity=ComponentInfo{com.kriniks.kcam.debug/com.kriniks.kcam.MainActivity} numActivities=1 lastActiveTime=69010483 supportsMultiWindow=true resizeMode=1 isResizeable=true minWidth=-1 minHeight=-1 defaultMinSize=220 token=WCT{android.window.IWindowContainerToken$Stub$Proxy@5dde04c} topActivityType=1 pictureInPictureParams=null shouldDockBigOverlays=false launchIntoPipHostTaskId=-1 lastParentTaskIdBeforePip=-1 displayCutoutSafeInsets=Rect(0, 0 - 0, 0) topActivityInfo=ActivityInfo{97d895 com.kriniks.kcam.MainActivity} launchCookies=[android.os.BinderProxy@ce2cdaa] positionInParent=Point(0, 0) parentTaskId=-1 isFocused=false isVisible=false isVisibleRequested=false isTopActivityNoDisplay=false isSleeping=false locusId=null displayAreaFeatureId=1 isTopActivityTransparent=false isActivityStackTransparent=false lastNonFullscreenBounds=Rect(271, 480 - 1330, 2080) capturedLink=null capturedLinkTimestamp=0 requestedVisibleTypes=-9 topActivityRequestOpenInBrowserEducationTimestamp=0 appCompatTaskInfo=AppCompatTaskInfo { topActivityInSizeCompat=false eligibleForLetterboxEducation= false isLetterboxEducationEnabled= false isLetterboxDoubleTapEnabled= false eligibleForUserAspectRatioButton= false topActivityBoundsLetterboxed= false isFromLetterboxDoubleTap= false topActivityLetterboxVerticalPosition= -1 topActivityLetterboxHorizontalPosition= -1 topActivityLetterboxWidth=-1 topActivityLetterboxHeight=-1 topActivityAppBounds=Rect(0, 0 - 1600, 2560) isUserFullscreenOverrideEnabled=false isSystemFullscreenOverrideEnabled=false hasMinAspectRatioOverride=false topActivityLetterboxBounds=null cameraCompatTaskInfo=CameraCompatTaskInfo { freeformCameraCompatMode=inactive}} topActivityMainWindowFrame=null}, pipChange = null, remoteTransition = RemoteTransition { remoteTransition = android.window.IRemoteTransition$Stub$Proxy@2b78d9b, appThread = android.app.IApplicationThread$Stub$Proxy@62eb538, debugName = QuickstepLaunch }, displayChange = null, flags = 0, debugId = 846 }
06-27 18:41:33.682  1501  2179 D WindowManager: [SG_DEBUG]Set SyncGroup{id=846 name=Transition-OPEN} on ActivityRecord{22319481 u0 com.kriniks.kcam.debug/com.kriniks.kcam.MainActivity t19314}
06-27 18:41:33.682  1878  1937 D ShellSplitScreen: logExit: no-op, mLoggerSessionId is null
06-27 18:41:33.682  1878  1937 V WindowManagerShell: RemoteTransition directly requested for (#846) android.os.BinderProxy@8d2e87f: RemoteTransition { remoteTransition = android.window.IRemoteTransition$Stub$Proxy@2b78d9b, appThread = android.app.IApplicationThread$Stub$Proxy@62eb538, debugName = QuickstepLaunch }
06-27 18:41:33.682  1878  1937 V WindowManagerShell: Transition (#846): request handled by DefaultMixedHandler
06-27 18:41:33.682  1501  2179 W WindowManager: Changing focus from Window{1d067d5 u0 com.android.launcher3/com.android.searchlauncher.SearchLauncher} to null displayId=0 Callers=com.android.server.wm.RootWindowContainer.updateFocusedWindowLocked:466 com.android.server.wm.WindowManagerService.updateFocusedWindowLocked:6674 com.android.server.wm.ActivityTaskManagerService.setLastResumedActivityUncheckLocked:5192 com.android.server.wm.ActivityTaskSupervisor.updateTopResumedActivityIfNeeded:2375 
06-27 18:41:33.683  1501  1833 D BackgroundInstallControlService: Package event received: 0
06-27 18:41:33.685  1501  1501 E MBrainLocalService: notifyAppSwitch failed
06-27 18:41:33.686  1501  2179 D WindowManager: [SG_DEBUG]Set SyncGroup{id=846 name=Transition-OPEN} on ActivityRecord{144798387 u0 com.android.launcher3/com.android.searchlauncher.SearchLauncher t19132}
06-27 18:41:33.686  1501  2179 D WindowManager: [SG_DEBUG]Set SyncGroup{id=846 name=Transition-OPEN} on WallpaperWindowToken{355f2c7 showWhenLocked=true}
06-27 18:41:33.688  1878  1937 D WindowManagerShell: onActivityRestartAttempt: topActivity=ComponentInfo{com.kriniks.kcam.debug/com.kriniks.kcam.MainActivity}, wasVisible=false
06-27 18:41:33.688  1878  1937 D WindowManagerShell: setLauncherKeepClearAreaHeight: visible=false, height=342
06-27 18:41:33.691  1501  1833 D BackgroundInstallControlService: Package event received: 0
06-27 18:41:33.691  1501  1833 D BackgroundInstallControlService: Package event received: 0
06-27 18:41:33.692  1501  1833 D BackgroundInstallControlService: Package event received: 0
06-27 18:41:33.692  1501  4478 I WindowManager: Relayout Window{5eead64 u0 SnapshotStartingWindow for taskId=19314}: oldVis=8 newVis=0 focusMayChange = true requestedWidth = -1 requestedHeight = -1 outFrames = ClientWindowFrames{frame=[0,0][1600,2560] display=[0,0][1600,2560] parentFrame=[0,0][0,0]} outSurfaceControl = Surface(name=SnapshotStartingWindow for taskId=19314)/@0x8575c82
06-27 18:41:33.695  1501  3023 D WindowManager: [SG_DEBUG]Clear [finished]SyncGroup{id=846 name=Transition-OPEN} on ActivityRecord{144798387 u0 com.android.launcher3/com.android.searchlauncher.SearchLauncher t19132}
06-27 18:41:33.695  1501  3023 D WindowManager: [SG_DEBUG]Clear [finished]SyncGroup{id=846 name=Transition-OPEN} on ActivityRecord{77448950 u0 com.kriniks.kcam.debug/com.kriniks.kcam.MainActivity t-1}
06-27 18:41:33.695  1501  3023 D WindowManager: [SG_DEBUG]Clear [finished]SyncGroup{id=846 name=Transition-OPEN} on WallpaperWindowToken{355f2c7 showWhenLocked=true}
06-27 18:41:33.695  1501  3023 D WindowManager: [SG_DEBUG]Clear [finished]SyncGroup{id=846 name=Transition-OPEN} on ActivityRecord{22319481 u0 com.kriniks.kcam.debug/com.kriniks.kcam.MainActivity t19314}
06-27 18:41:33.696  1501  3023 D BLASTSyncEngine: [DH_DEBUG]remove timeout #846 callback=com.android.server.wm.BLASTSyncEngine$SyncGroup$$ExternalSyntheticLambda2@20f791
06-27 18:41:33.697  1501  3023 W WindowManager: Changing focus from null to Window{32ede82 u0 com.kriniks.kcam.debug/com.kriniks.kcam.MainActivity} displayId=0 Callers=com.android.server.wm.RootWindowContainer.updateFocusedWindowLocked:466 com.android.server.wm.WindowManagerService.updateFocusedWindowLocked:6674 com.android.server.wm.WindowManagerService.relayoutWindow:2743 com.android.server.wm.Session.relayout:283 
06-27 18:41:33.697  1501  1586 V WindowManager: Sent Transition (#846) createdAt=06-27 18:41:33.670 via request=TransitionRequestInfo { type = OPEN, triggerTask = TaskInfo{userId=0 taskId=19314 effectiveUid=10500 displayId=0 isRunning=true baseIntent=Intent { act=android.intent.action.MAIN cat=[android.intent.category.LAUNCHER] flg=0x10200000 cmp=com.kriniks.kcam.debug/com.kriniks.kcam.MainActivity } baseActivity=ComponentInfo{com.kriniks.kcam.debug/com.kriniks.kcam.MainActivity} topActivity=ComponentInfo{com.kriniks.kcam.debug/com.kriniks.kcam.MainActivity} origActivity=null realActivity=ComponentInfo{com.kriniks.kcam.debug/com.kriniks.kcam.MainActivity} numActivities=1 lastActiveTime=69010483 supportsMultiWindow=true resizeMode=1 isResizeable=true minWidth=-1 minHeight=-1 defaultMinSize=220 token=WCT{RemoteToken{f3fcae9 Task{1eafebe #19314 type=standard A=10500:com.kriniks.kcam.debug}}} topActivityType=1 pictureInPictureParams=null shouldDockBigOverlays=false launchIntoPipHostTaskId=-1 lastParentTaskIdBeforePip=-1 displayCutoutSafeInsets=Rect(0, 0 - 0, 0) topActivityInfo=ActivityInfo{732936e com.kriniks.kcam.MainActivity} launchCookies=[android.os.BinderProxy@4231ef] positionInParent=Point(0, 0) parentTaskId=-1 isFocused=false isVisible=false isVisibleRequested=false isTopActivityNoDisplay=false isSleeping=false locusId=null displayAreaFeatureId=1 isTopActivityTransparent=false isActivityStackTransparent=false lastNonFullscreenBounds=Rect(271, 480 - 1330, 2080) capturedLink=null capturedLinkTimestamp=0 requestedVisibleTypes=-9 topActivityRequestOpenInBrowserEducationTimestamp=0 appCompatTaskInfo=AppCompatTaskInfo { topActivityInSizeCompat=false eligibleForLetterboxEducation= false isLetterboxEducationEnabled= false isLetterboxDoubleTapEnabled= false eligibleForUserAspectRatioButton= false topActivityBoundsLetterboxed= false isFromLetterboxDoubleTap= false topActivityLetterboxVerticalPosition= -1 topActivityLetterboxHorizontalPosition= -1 topActivityLetterboxWidth=-1 topActivityLetterboxHeight=-1 topActivityAppBounds=Rect(0, 0 - 1600, 2560) isUserFullscreenOverrideEnabled=false isSystemFullscreenOverrideEnabled=false hasMinAspectRatioOverride=false topActivityLetterboxBounds=null cameraCompatTaskInfo=CameraCompatTaskInfo { freeformCameraCompatMode=inactive}} topActivityMainWindowFrame=null}, pipChange = null, remoteTransition = RemoteTransition { remoteTransition = android.window.IRemoteTransition$Stub$Proxy@42ff9da, appThread = android.app.IApplicationThread$Stub$Proxy@f29fe0b, debugName = QuickstepLaunch }, displayChange = null, flags = 0, debugId = 846 }
06-27 18:41:33.697  1501  1586 V WindowManager:     startWCT=WindowContainerTransaction { changes= {} hops= [] errorCallbackToken=null taskFragmentOrganizer=null }
06-27 18:41:33.697  1501  3023 I WindowManager: Relayout Window{32ede82 u0 com.kriniks.kcam.debug/com.kriniks.kcam.MainActivity}: oldVis=8 newVis=0 focusMayChange = true requestedWidth = 1600 requestedHeight = 2560 outFrames = ClientWindowFrames{frame=[0,0][1600,2560] display=[0,0][1600,2560] parentFrame=[0,0][0,0]} outSurfaceControl = Surface(name=com.kriniks.kcam.debug/com.kriniks.kcam.MainActivity)/@0x7cab4e8
06-27 18:41:33.697  1501  1586 V WindowManager:     info={id=846 t=OPEN f=0x0 trk=0 r=[0@Point(0, 0)] c=[
06-27 18:41:33.697  1501  1586 V WindowManager:         {WCT{RemoteToken{f3fcae9 Task{1eafebe #19314 type=standard A=10500:com.kriniks.kcam.debug}}} m=TO_FRONT f=MOVE_TO_TOP leash=Surface(name=Task=19314)/@0x93e4ced sb=Rect(0, 0 - 1600, 2560) eb=Rect(0, 0 - 1600, 2560) epz=Point(1600, 2560) d=0 taskParent=-1},
06-27 18:41:33.697  1501  1586 V WindowManager:         {WCT{RemoteToken{f2bb68e Task{631d073 #19131 type=home}}} m=TO_BACK f=SHOW_WALLPAPER leash=Surface(name=Task=19131)/@0x11f35ad sb=Rect(0, 0 - 1600, 2560) eb=Rect(0, 0 - 1600, 2560) epz=Point(1600, 2560) d=0 taskParent=-1},
06-27 18:41:33.697  1501  1586 V WindowManager:         {m=TO_BACK f=IS_WALLPAPER leash=Surface(name=WallpaperWindowToken{355f2c7 showWhenLocked=false})/@0x2f48de1 sb=Rect(0, 0 - 1600, 2560) eb=Rect(0, 0 - 1600, 2560) epz=Point(1600, 2560) d=0}
06-27 18:41:33.697  1501  1586 V WindowManager:     ]}
06-27 18:41:33.701  1878  1898 V WindowManagerShell: onTransitionReady(transaction=6446745969461)
06-27 18:41:33.702  1878  1937 V WindowManagerShell: onTransitionReady (#846) android.os.BinderProxy@8d2e87f: {id=846 t=OPEN f=0x0 trk=0 r=[0@Point(0, 0)] c=[
06-27 18:41:33.702  1878  1937 V WindowManagerShell:         {m=TO_FRONT f=MOVE_TO_TOP leash=Surface(name=Task=19314)/@0x3781a76 sb=Rect(0, 0 - 1600, 2560) eb=Rect(0, 0 - 1600, 2560) epz=Point(1600, 2560) d=0 taskParent=-1},
06-27 18:41:33.702  1878  1937 V WindowManagerShell:         {m=TO_BACK f=SHOW_WALLPAPER leash=Surface(name=Task=19131)/@0xf776877 sb=Rect(0, 0 - 1600, 2560) eb=Rect(0, 0 - 1600, 2560) epz=Point(1600, 2560) d=0 taskParent=-1},
06-27 18:41:33.702  1878  1937 V WindowManagerShell:         {m=TO_BACK f=IS_WALLPAPER leash=Surface(name=WallpaperWindowToken{355f2c7 showWhenLocked=false})/@0xab5ece4 sb=Rect(0, 0 - 1600, 2560) eb=Rect(0, 0 - 1600, 2560) epz=Point(1600, 2560) d=0}
06-27 18:41:33.702  1878  1937 V WindowManagerShell:     ]}
06-27 18:41:33.702  1878  1937 V WindowManagerShell: Playing animation for (#846) android.os.BinderProxy@8d2e87f@0
06-27 18:41:33.702  1878  1937 V WindowManagerShell:  try firstHandler com.android.wm.shell.transition.DefaultMixedHandler@e4c9653
06-27 18:41:33.703  1878  1937 V WindowManagerShell: Mixed transition for opening an intent with a remote transition and PIP or Desktop #846
06-27 18:41:33.703  1878  1937 V WindowManagerShell: tryAnimateOpenIntentWithRemoteAndPipOrDesktop
06-27 18:41:33.703  1878  1937 V WindowManagerShell:  Delegate animation for (#846) to RemoteTransition { remoteTransition = android.window.IRemoteTransition$Stub$Proxy@2b78d9b, appThread = android.app.IApplicationThread$Stub$Proxy@62eb538, debugName = QuickstepLaunch }
06-27 18:41:33.704  1878  1937 V WindowManagerShell:  animated by firstHandler
06-27 18:41:33.760  1501  4480 W PackageConfigPersister: App-specific configuration not found for packageName: com.kriniks.kcam.debug and userId: 0
06-27 18:41:33.823  1501  2467 D AdbDebuggingManager: Closing socket
06-27 18:41:33.823  1501  1586 D AdbDebuggingManager: adbd socket disconnected
06-27 18:41:33.833  1501  4594 D ActivityManager: getProcessesInErrorState callingUid=10387, CallingPid=5076
06-27 18:41:33.896  1501  1590 D WindowManager: setParent old=ActivityRecord{22319481 u0 com.kriniks.kcam.debug/com.kriniks.kcam.MainActivity t19314},new=null,this window=Window{5eead64 u0 SnapshotStartingWindow for taskId=19314},callers=com.android.server.wm.WindowContainer.removeChild:878 com.android.server.wm.ActivityRecord.removeChild:4483 com.android.server.wm.ActivityRecord.removeChild:386 com.android.server.wm.WindowContainer.removeImmediately:931 com.android.server.wm.WindowState.removeImmediately:2232 com.android.server.wm.WindowState.destroySurface:3229 
06-27 18:41:33.968  1878  1937 V WindowManagerShell: Transition animation finished (aborted=false), notifying core (#846) android.os.BinderProxy@8d2e87f@0
06-27 18:41:33.971  1501  1586 V WindowManager: Finish Transition (#846): created at 06-27 18:41:33.670 collect-started=0.096ms request-sent=6.167ms started=17.223ms ready=17.213ms sent=25.937ms commit=12.733ms finished=299.341ms
06-27 18:41:33.973  1878  1937 V WindowManagerShell: Track 0 became idle
06-27 18:41:33.973  1878  1937 V WindowManagerShell: All active transition animations finished
06-27 18:41:33.978  1501  1913 D ActivityManager: getProcessesInErrorState callingUid=10387, CallingPid=5076
06-27 18:41:33.991  1501  1833 D BackgroundInstallControlService: Package event received: 0
06-27 18:41:34.335  1501  4478 D ActivityManager: getProcessesInErrorState callingUid=10387, CallingPid=5076
06-27 18:41:34.367  1501  1833 D BackgroundInstallControlService: Package event received: 0
06-27 18:41:34.480  1501  4478 D ActivityManager: getProcessesInErrorState callingUid=10387, CallingPid=5076
06-27 18:41:34.772  1501  4478 W ActivityManager: Unbind failed: could not find connection for android.os.BinderProxy@839f15c
06-27 18:41:34.776  1501  4478 W ActivityManager: Unable to start service Intent { act=android.telephony.satellite.SatelliteService xflg=0x4 pkg=com.mediatek.satellite.service } U=0: not found
